###############################################################################
#
# IAR ELF Linker V8.50.4.261/W32 for ARM                  11/Dec/2024  15:42:17
# Copyright 2007-2020 IAR Systems AB.
#
#    Output file  =
#        D:\Github\sb3\S-Blot-3_Ereatec_queueEdit\EWARM\KBlot_supreme_I\Exe\KBlot_supreme_I.out
#    Map file     =
#        D:\Github\sb3\S-Blot-3_Ereatec_queueEdit\EWARM\KBlot_supreme_I\List\KBlot_supreme_I.map
#    Command line =
#        -f C:\Users\ms001\AppData\Local\Temp\EWF6FB.tmp
#        (D:\Github\sb3\S-Blot-3_Ereatec_queueEdit\EWARM\KBlot_supreme_I\Obj\17HS3410_Dspin.o
#        D:\Github\sb3\S-Blot-3_Ereatec_queueEdit\EWARM\KBlot_supreme_I\Obj\adc.o
#        D:\Github\sb3\S-Blot-3_Ereatec_queueEdit\EWARM\KBlot_supreme_I\Obj\C3000_SYRINGE.o
#        D:\Github\sb3\S-Blot-3_Ereatec_queueEdit\EWARM\KBlot_supreme_I\Obj\cam_led.o
#        D:\Github\sb3\S-Blot-3_Ereatec_queueEdit\EWARM\KBlot_supreme_I\Obj\cntrl.o
#        D:\Github\sb3\S-Blot-3_Ereatec_queueEdit\EWARM\KBlot_supreme_I\Obj\EDB2000_STEPMOTOR.o
#        D:\Github\sb3\S-Blot-3_Ereatec_queueEdit\EWARM\KBlot_supreme_I\Obj\eeprom_ctrl.o
#        D:\Github\sb3\S-Blot-3_Ereatec_queueEdit\EWARM\KBlot_supreme_I\Obj\error.o
#        D:\Github\sb3\S-Blot-3_Ereatec_queueEdit\EWARM\KBlot_supreme_I\Obj\event.o
#        D:\Github\sb3\S-Blot-3_Ereatec_queueEdit\EWARM\KBlot_supreme_I\Obj\hlld.o
#        D:\Github\sb3\S-Blot-3_Ereatec_queueEdit\EWARM\KBlot_supreme_I\Obj\hs_Common_Utill.o
#        D:\Github\sb3\S-Blot-3_Ereatec_queueEdit\EWARM\KBlot_supreme_I\Obj\hsAT24_EEPROM.o
#        D:\Github\sb3\S-Blot-3_Ereatec_queueEdit\EWARM\KBlot_supreme_I\Obj\key_polling.o
#        D:\Github\sb3\S-Blot-3_Ereatec_queueEdit\EWARM\KBlot_supreme_I\Obj\main.o
#        D:\Github\sb3\S-Blot-3_Ereatec_queueEdit\EWARM\KBlot_supreme_I\Obj\Max5500.o
#        D:\Github\sb3\S-Blot-3_Ereatec_queueEdit\EWARM\KBlot_supreme_I\Obj\MG90_SERVOMOTOR.o
#        D:\Github\sb3\S-Blot-3_Ereatec_queueEdit\EWARM\KBlot_supreme_I\Obj\pump.o
#        D:\Github\sb3\S-Blot-3_Ereatec_queueEdit\EWARM\KBlot_supreme_I\Obj\Robot.o
#        D:\Github\sb3\S-Blot-3_Ereatec_queueEdit\EWARM\KBlot_supreme_I\Obj\SE655_Barcode.o
#        D:\Github\sb3\S-Blot-3_Ereatec_queueEdit\EWARM\KBlot_supreme_I\Obj\shake.o
#        D:\Github\sb3\S-Blot-3_Ereatec_queueEdit\EWARM\KBlot_supreme_I\Obj\sq.o
#        D:\Github\sb3\S-Blot-3_Ereatec_queueEdit\EWARM\KBlot_supreme_I\Obj\startup_stm32f103xe.o
#        D:\Github\sb3\S-Blot-3_Ereatec_queueEdit\EWARM\KBlot_supreme_I\Obj\stepping.o
#        D:\Github\sb3\S-Blot-3_Ereatec_queueEdit\EWARM\KBlot_supreme_I\Obj\stepping_ctrl.o
#        D:\Github\sb3\S-Blot-3_Ereatec_queueEdit\EWARM\KBlot_supreme_I\Obj\stm32f1xx_hal.o
#        D:\Github\sb3\S-Blot-3_Ereatec_queueEdit\EWARM\KBlot_supreme_I\Obj\stm32f1xx_hal_adc.o
#        D:\Github\sb3\S-Blot-3_Ereatec_queueEdit\EWARM\KBlot_supreme_I\Obj\stm32f1xx_hal_adc_ex.o
#        D:\Github\sb3\S-Blot-3_Ereatec_queueEdit\EWARM\KBlot_supreme_I\Obj\stm32f1xx_hal_cortex.o
#        D:\Github\sb3\S-Blot-3_Ereatec_queueEdit\EWARM\KBlot_supreme_I\Obj\stm32f1xx_hal_dma.o
#        D:\Github\sb3\S-Blot-3_Ereatec_queueEdit\EWARM\KBlot_supreme_I\Obj\stm32f1xx_hal_flash.o
#        D:\Github\sb3\S-Blot-3_Ereatec_queueEdit\EWARM\KBlot_supreme_I\Obj\stm32f1xx_hal_flash_ex.o
#        D:\Github\sb3\S-Blot-3_Ereatec_queueEdit\EWARM\KBlot_supreme_I\Obj\stm32f1xx_hal_gpio.o
#        D:\Github\sb3\S-Blot-3_Ereatec_queueEdit\EWARM\KBlot_supreme_I\Obj\stm32f1xx_hal_gpio_ex.o
#        D:\Github\sb3\S-Blot-3_Ereatec_queueEdit\EWARM\KBlot_supreme_I\Obj\stm32f1xx_hal_i2c.o
#        D:\Github\sb3\S-Blot-3_Ereatec_queueEdit\EWARM\KBlot_supreme_I\Obj\stm32f1xx_hal_msp.o
#        D:\Github\sb3\S-Blot-3_Ereatec_queueEdit\EWARM\KBlot_supreme_I\Obj\stm32f1xx_hal_pwr.o
#        D:\Github\sb3\S-Blot-3_Ereatec_queueEdit\EWARM\KBlot_supreme_I\Obj\stm32f1xx_hal_rcc.o
#        D:\Github\sb3\S-Blot-3_Ereatec_queueEdit\EWARM\KBlot_supreme_I\Obj\stm32f1xx_hal_rcc_ex.o
#        D:\Github\sb3\S-Blot-3_Ereatec_queueEdit\EWARM\KBlot_supreme_I\Obj\stm32f1xx_hal_spi.o
#        D:\Github\sb3\S-Blot-3_Ereatec_queueEdit\EWARM\KBlot_supreme_I\Obj\stm32f1xx_hal_spi_ex.o
#        D:\Github\sb3\S-Blot-3_Ereatec_queueEdit\EWARM\KBlot_supreme_I\Obj\stm32f1xx_hal_tim.o
#        D:\Github\sb3\S-Blot-3_Ereatec_queueEdit\EWARM\KBlot_supreme_I\Obj\stm32f1xx_hal_tim_ex.o
#        D:\Github\sb3\S-Blot-3_Ereatec_queueEdit\EWARM\KBlot_supreme_I\Obj\stm32f1xx_hal_uart.o
#        D:\Github\sb3\S-Blot-3_Ereatec_queueEdit\EWARM\KBlot_supreme_I\Obj\stm32f1xx_it.o
#        D:\Github\sb3\S-Blot-3_Ereatec_queueEdit\EWARM\KBlot_supreme_I\Obj\sys_func.o
#        D:\Github\sb3\S-Blot-3_Ereatec_queueEdit\EWARM\KBlot_supreme_I\Obj\system_stm32f1xx.o
#        D:\Github\sb3\S-Blot-3_Ereatec_queueEdit\EWARM\KBlot_supreme_I\Obj\timer.o
#        D:\Github\sb3\S-Blot-3_Ereatec_queueEdit\EWARM\KBlot_supreme_I\Obj\uart.o
#        D:\Github\sb3\S-Blot-3_Ereatec_queueEdit\EWARM\KBlot_supreme_I\Obj\uart_pc.o
#        --redirect _Printf=_PrintfFull --redirect _Scanf=_ScanfFull
#        --no_out_extension -o
#        D:\Github\sb3\S-Blot-3_Ereatec_queueEdit\EWARM\KBlot_supreme_I\Exe\KBlot_supreme_I.out
#        --map
#        D:\Github\sb3\S-Blot-3_Ereatec_queueEdit\EWARM\KBlot_supreme_I\List\KBlot_supreme_I.map
#        --config
#        D:\Github\sb3\S-Blot-3_Ereatec_queueEdit\EWARM\KBlot_supreme_I.icf
#        --semihosting --entry __iar_program_start --vfe --text_out locale)
#
###############################################################################

*******************************************************************************
*** RUNTIME MODEL ATTRIBUTES
***

CppFlavor       = *
__SystemLibrary = DLib
__dlib_version  = 6


*******************************************************************************
*** HEAP SELECTION
***

The basic heap was selected because no calls to memory allocation
functions were found in the application outside of system library
functions, and there are calls to deallocation functions in the
application.


*******************************************************************************
*** PLACEMENT SUMMARY
***

"A0":  place at address 0x800'2000 { ro section .intvec };
"P1":  place in [from 0x800'2000 to 0x807'ffff] { ro };
define block CSTACK with size = 4K, alignment = 8 { };
define block HEAP with size = 4K, alignment = 8 { };
"P2":  place in [from 0x2000'0000 to 0x2000'ffff] {
          rw, block CSTACK, block HEAP };
initialize by copy { rw };

  Section            Kind         Address      Size  Object
  -------            ----         -------      ----  ------
"A0":                                         0x130
  .intvec            ro code   0x800'2000     0x130  startup_stm32f103xe.o [1]
                             - 0x800'2130     0x130

"P1":                                      0x1'4ab4
  .text              ro code   0x800'2130    0x3614  cntrl.o [1]
  .text              ro code   0x800'5744      0x66  ABImemset.o [4]
  .text              ro code   0x800'57aa      0x3a  zero_init3.o [4]
  .text              ro code   0x800'57e4    0x1bc4  stepping_ctrl.o [1]
  .text              ro code   0x800'73a8     0x474  cam_led.o [1]
  .text              ro code   0x800'781c      0xcc  event.o [1]
  .text              ro code   0x800'78e8     0x120  error.o [1]
  .text              ro code   0x800'7a08     0x998  shake.o [1]
  .text              ro code   0x800'83a0     0x540  MG90_SERVOMOTOR.o [1]
  .text              ro code   0x800'88e0     0xc2c  pump.o [1]
  .text              ro code   0x800'950c     0x82c  C3000_SYRINGE.o [1]
  .text              ro code   0x800'9d38     0x790  SE655_Barcode.o [1]
  .text              ro code   0x800'a4c8     0xdcc  hlld.o [1]
  .text              ro code   0x800'b294    0x1eb4  sq.o [1]
  .text              ro code   0x800'd148     0x3d8  timer.o [1]
  .text              ro code   0x800'd520     0x7e4  uart_pc.o [1]
  .text              ro code   0x800'dd04     0x408  stm32f1xx_hal_gpio.o [1]
  .text              ro code   0x800'e10c      0x18  stm32f1xx_hal.o [1]
  .text              ro code   0x800'e124      0x24  S32ToFlt.o [3]
  .text              ro code   0x800'e148      0xfc  FltDiv.o [3]
  .text              ro code   0x800'e244      0xd8  FltMul.o [3]
  .text              ro code   0x800'e31c      0x24  FltCmpLe.o [3]
  .text              ro code   0x800'e340     0x23c  17HS3410_Dspin.o [1]
  .text              ro code   0x800'e57c     0x1c0  stm32f1xx_hal_cortex.o [1]
  .text              ro code   0x800'e73c     0x1e8  adc.o [1]
  .text              ro code   0x800'e924     0x39c  eeprom_ctrl.o [1]
  .text              ro code   0x800'ecc0     0x110  hs_Common_Utill.o [1]
  .text              ro code   0x800'edd0     0x818  stm32f1xx_hal_uart.o [1]
  .text              ro code   0x800'f5e8      0xb8  stm32f1xx_hal_spi_ex.o [1]
  .text              ro code   0x800'f6a0     0x870  stm32f1xx_hal_spi.o [1]
  .text              ro code   0x800'ff10      0x1a  U32ToDbl.o [3]
  .text              ro code   0x800'ff2a      0x1e  xencoding_8859_1.o [2]
  .text              ro code   0x800'ff48     0x1a2  DblMul.o [3]
  .text              ro code   0x801'00ea       0xa  xsprout.o [2]
  .text              ro code   0x801'00f4     0x17a  DblAdd.o [3]
  .rodata            const     0x801'026e       0x2  stm32f1xx_hal_rcc.o [1]
  .text              ro code   0x801'0270      0x3a  DblToS32.o [3]
  .rodata            const     0x801'02aa       0x2  stm32f1xx_hal_rcc_ex.o [1]
  .text              ro code   0x801'02ac      0x22  S32ToDbl.o [3]
  .rodata            const     0x801'02ce       0x2  xlocale_c.o [2]
  .text              ro code   0x801'02d0     0x7e6  stm32f1xx_hal_tim.o [1]
  .rodata            const     0x801'0ab6       0x2  xlocale_c.o [2]
  .text              ro code   0x801'0ab8      0x5c  stm32f1xx_hal_tim_ex.o [1]
  .text              ro code   0x801'0b14      0x28  DblToU32.o [3]
  .text              ro code   0x801'0b3c      0x40  sprintf.o [2]
  .text              ro code   0x801'0b7c      0x36  strlen.o [4]
  .rodata            const     0x801'0bb2       0x1  timer.o [1]
  .rodata            const     0x801'0bb3       0x1  xlocale_c.o [2]
  .text              ro code   0x801'0bb4     0x128  key_polling.o [1]
  .text              ro code   0x801'0cdc     0x14c  iar_Stoulx.o [2]
  .text              ro code   0x801'0e28       0xc  stm32f1xx_hal.o [1]
  .text              ro code   0x801'0e34     0x6d4  stm32f1xx_hal_adc.o [1]
  .text              ro code   0x801'1508     0x246  DblDiv.o [3]
  .text              ro code   0x801'1750      0x68  DblToFlt.o [3]
  .text              ro code   0x801'17b8      0x48  FltToDbl.o [3]
  .text              ro code   0x801'1800      0xe2  DblSub.o [3]
  .text              ro code   0x801'18e4      0x80  FltSub.o [3]
  .text              ro code   0x801'1964      0x22  FltToU32.o [3]
  .text              ro code   0x801'1988     0x288  hsAT24_EEPROM.o [1]
  .text              ro code   0x801'1c10     0x554  stm32f1xx_hal_msp.o [1]
  .text              ro code   0x801'2164     0xa26  stm32f1xx_hal_dma.o [1]
  .text              ro code   0x801'2b8a       0x2  stm32f1xx_hal_uart.o [1]
  .text              ro code   0x801'2b8c       0x2  stm32f1xx_hal_uart.o [1]
  .text              ro code   0x801'2b90     0xb50  stm32f1xx_hal_rcc.o [1]
  .text              ro code   0x801'36e0       0x2  stm32f1xx_hal_tim.o [1]
  .text              ro code   0x801'36e2       0x2  stm32f1xx_hal_tim.o [1]
  .text              ro code   0x801'36e4       0x2  stm32f1xx_hal_tim.o [1]
  .text              ro code   0x801'36e6       0x2  stm32f1xx_hal_tim_ex.o [1]
  .text              ro code   0x801'36e8       0x2  stm32f1xx_hal_tim.o [1]
  .text              ro code   0x801'36ea       0x2  stm32f1xx_hal_tim_ex.o [1]
  .text              ro code   0x801'36ec    0x10c6  xprintffull.o [2]
  .text              ro code   0x801'47b2      0x14  isspace.o [2]
  .text              ro code   0x801'47c6      0x14  tolower.o [2]
  .text              ro code   0x801'47dc      0x58  memchr.o [4]
  .text              ro code   0x801'4834     0x284  stm32f1xx_hal_rcc_ex.o [1]
  .text              ro code   0x801'4ab8      0xd6  FltAdd.o [3]
  .text              ro code   0x801'4b90     0x7fa  stm32f1xx_hal_i2c.o [1]
  .text              ro code   0x801'538a      0x24  stm32f1xx_hal.o [1]
  .text              ro code   0x801'53b0      0xa6  ABImemcpy.o [4]
  .text              ro code   0x801'5458      0xa8  xlocale_c.o [2]
  .text              ro code   0x801'5500      0x16  strchr.o [4]
  .text              ro code   0x801'5518      0x40  xfail_s.o [2]
  .text              ro code   0x801'5558      0x70  frexp.o [3]
  .text              ro code   0x801'55c8      0x2e  DblCmpLe.o [3]
  .text              ro code   0x801'55f8      0x2e  DblCmpGe.o [3]
  .text              ro code   0x801'5628     0x13a  ldexp.o [3]
  .text              ro code   0x801'5762       0xa  xmbcurmax.o [2]
  .text              ro code   0x801'576c     0x230  I64DivMod.o [4]
  .text              ro code   0x801'599c       0x6  abort.o [2]
  .text              ro code   0x801'59a4       0x2  I64DivZer.o [4]
  .text              ro code   0x801'59a8      0x14  exit.o [5]
  .text              ro code   0x801'59bc     0x68c  sys_func.o [1]
  .text              ro code   0x801'6048     0x454  main.o [1]
  .text              ro code   0x801'649c      0x24  stm32f1xx_hal.o [1]
  .text              ro code   0x801'64c0      0x44  stepping.o [1]
  .text              ro code   0x801'6504      0x78  lz77_init_single.o [4]
  .text              ro code   0x801'657c      0x68  stm32f1xx_it.o [1]
  .text              ro code   0x801'65e4      0x10  stm32f1xx_hal.o [1]
  .text              ro code   0x801'65f4      0x58  system_stm32f1xx.o [1]
  .rodata            const     0x801'664c      0x50  iar_Stoulx.o [2]
  .text              ro code   0x801'669c      0x28  data_init.o [4]
  .iar.init_table    const     0x801'66c4      0x20  - Linker created -
  .rodata            const     0x801'66e4      0x20  cntrl.o [1]
  .rodata            const     0x801'6704      0x20  cntrl.o [1]
  .text              ro code   0x801'6724      0x1e  cmain.o [4]
  .text              ro code   0x801'6742       0x4  low_level_init.o [2]
  .text              ro code   0x801'6746       0x4  exit.o [2]
  .text              ro code   0x801'674c       0xa  cexit.o [4]
  .rodata            const     0x801'6758      0x1c  cntrl.o [1]
  .rodata            const     0x801'6774      0x1c  cntrl.o [1]
  .rodata            const     0x801'6790      0x1c  sq.o [1]
  .rodata            const     0x801'67ac      0x18  cntrl.o [1]
  .rodata            const     0x801'67c4      0x18  cntrl.o [1]
  .rodata            const     0x801'67dc      0x14  cntrl.o [1]
  .rodata            const     0x801'67f0      0x14  sq.o [1]
  .rodata            const     0x801'6804      0x10  stm32f1xx_hal_rcc.o [1]
  .rodata            const     0x801'6814      0x10  stm32f1xx_hal_rcc.o [1]
  .rodata            const     0x801'6824      0x10  stm32f1xx_hal_rcc_ex.o [1]
  .text              ro code   0x801'6834      0x10  startup_stm32f103xe.o [1]
  .rodata            const     0x801'6844       0xc  C3000_SYRINGE.o [1]
  .rodata            const     0x801'6850       0xc  SE655_Barcode.o [1]
  .rodata            const     0x801'685c       0xc  uart_pc.o [1]
  .text              ro code   0x801'6868       0xc  cstartup_M.o [4]
  .rodata            const     0x801'6874       0x8  C3000_SYRINGE.o [1]
  .rodata            const     0x801'687c       0x8  C3000_SYRINGE.o [1]
  .rodata            const     0x801'6884       0x8  C3000_SYRINGE.o [1]
  .rodata            const     0x801'688c       0x8  C3000_SYRINGE.o [1]
  .rodata            const     0x801'6894       0x8  C3000_SYRINGE.o [1]
  .rodata            const     0x801'689c       0x8  C3000_SYRINGE.o [1]
  .rodata            const     0x801'68a4       0x8  SE655_Barcode.o [1]
  .rodata            const     0x801'68ac       0x8  sys_func.o [1]
  .rodata            const     0x801'68b4       0x8  sys_func.o [1]
  .rodata            const     0x801'68bc       0x8  uart_pc.o [1]
  .rodata            const     0x801'68c4       0x8  uart_pc.o [1]
  .rodata            const     0x801'68cc       0x4  hsAT24_EEPROM.o [1]
  .text              ro code   0x801'68d0       0x4  startup_stm32f103xe.o [1]
  .text              ro code   0x801'68d4       0x4  startup_stm32f103xe.o [1]
  .text              ro code   0x801'68d8       0x4  startup_stm32f103xe.o [1]
  .text              ro code   0x801'68dc       0x4  startup_stm32f103xe.o [1]
  .text              ro code   0x801'68e0       0x4  startup_stm32f103xe.o [1]
  .text              ro code   0x801'68e4       0x4  startup_stm32f103xe.o [1]
  .text              ro code   0x801'68e8       0x4  startup_stm32f103xe.o [1]
  .text              ro code   0x801'68ec       0x4  startup_stm32f103xe.o [1]
  .text              ro code   0x801'68f0       0x4  startup_stm32f103xe.o [1]
  .text              ro code   0x801'68f4       0x4  startup_stm32f103xe.o [1]
  .text              ro code   0x801'68f8       0x4  startup_stm32f103xe.o [1]
  .text              ro code   0x801'68fc       0x4  startup_stm32f103xe.o [1]
  .text              ro code   0x801'6900       0x4  startup_stm32f103xe.o [1]
  .text              ro code   0x801'6904       0x4  startup_stm32f103xe.o [1]
  .text              ro code   0x801'6908       0x4  startup_stm32f103xe.o [1]
  .text              ro code   0x801'690c       0x4  startup_stm32f103xe.o [1]
  .text              ro code   0x801'6910       0x4  startup_stm32f103xe.o [1]
  .text              ro code   0x801'6914       0x4  startup_stm32f103xe.o [1]
  .text              ro code   0x801'6918       0x4  startup_stm32f103xe.o [1]
  .text              ro code   0x801'691c       0x4  startup_stm32f103xe.o [1]
  .text              ro code   0x801'6920       0x4  startup_stm32f103xe.o [1]
  .text              ro code   0x801'6924       0x4  startup_stm32f103xe.o [1]
  .text              ro code   0x801'6928       0x4  startup_stm32f103xe.o [1]
  .text              ro code   0x801'692c       0x4  startup_stm32f103xe.o [1]
  .text              ro code   0x801'6930       0x4  startup_stm32f103xe.o [1]
  .text              ro code   0x801'6934       0x4  startup_stm32f103xe.o [1]
  .text              ro code   0x801'6938       0x4  startup_stm32f103xe.o [1]
  .text              ro code   0x801'693c       0x4  startup_stm32f103xe.o [1]
  .text              ro code   0x801'6940       0x4  startup_stm32f103xe.o [1]
  .text              ro code   0x801'6944       0x4  startup_stm32f103xe.o [1]
  .text              ro code   0x801'6948       0x4  startup_stm32f103xe.o [1]
  .text              ro code   0x801'694c       0x4  startup_stm32f103xe.o [1]
  .text              ro code   0x801'6950       0x4  startup_stm32f103xe.o [1]
  .text              ro code   0x801'6954       0x4  startup_stm32f103xe.o [1]
  .text              ro code   0x801'6958       0x4  startup_stm32f103xe.o [1]
  .text              ro code   0x801'695c       0x4  startup_stm32f103xe.o [1]
  .text              ro code   0x801'6960       0x4  startup_stm32f103xe.o [1]
  .text              ro code   0x801'6964       0x4  startup_stm32f103xe.o [1]
  .text              ro code   0x801'6968       0x4  startup_stm32f103xe.o [1]
  .text              ro code   0x801'696c       0x4  startup_stm32f103xe.o [1]
  .text              ro code   0x801'6970       0x4  startup_stm32f103xe.o [1]
  .text              ro code   0x801'6974       0x4  startup_stm32f103xe.o [1]
  .text              ro code   0x801'6978       0x4  startup_stm32f103xe.o [1]
  .text              ro code   0x801'697c       0x4  startup_stm32f103xe.o [1]
  .text              ro code   0x801'6980       0x4  startup_stm32f103xe.o [1]
  .text              ro code   0x801'6984       0x4  startup_stm32f103xe.o [1]
  .text              ro code   0x801'6988       0x4  startup_stm32f103xe.o [1]
  .text              ro code   0x801'698c       0x4  startup_stm32f103xe.o [1]
  .text              ro code   0x801'6990       0x4  startup_stm32f103xe.o [1]
  .text              ro code   0x801'6994       0x4  startup_stm32f103xe.o [1]
  .text              ro code   0x801'6998       0x4  startup_stm32f103xe.o [1]
  .text              ro code   0x801'699c       0x4  startup_stm32f103xe.o [1]
  .text              ro code   0x801'69a0       0x4  startup_stm32f103xe.o [1]
  .text              ro code   0x801'69a4       0x4  startup_stm32f103xe.o [1]
  .text              ro code   0x801'69a8       0x4  startup_stm32f103xe.o [1]
  .text              ro code   0x801'69ac       0x4  startup_stm32f103xe.o [1]
  .text              ro code   0x801'69b0       0x4  startup_stm32f103xe.o [1]
  .rodata            const     0x801'69b4       0x0  zero_init3.o [4]
  .rodata            const     0x801'69b4       0x0  lz77_init_single.o [4]
  Initializer bytes  const     0x801'69b4     0x230  <for P2-1>
                             - 0x801'6be4  0x1'4ab4

"P2", part 1 of 3:                            0x52d
  P2-1                        0x2000'0000     0x52d  <Init block>
    .data            inited   0x2000'0000       0x4  hsAT24_EEPROM.o [1]
    .data            inited   0x2000'0004       0x4  hsAT24_EEPROM.o [1]
    .data            inited   0x2000'0008      0x24  MG90_SERVOMOTOR.o [1]
    .data            inited   0x2000'002c      0x14  SE655_Barcode.o [1]
    .data            inited   0x2000'0040       0x4  SE655_Barcode.o [1]
    .data            inited   0x2000'0044      0x24  shake.o [1]
    .data            inited   0x2000'0068      0x3c  stepping_ctrl.o [1]
    .data            inited   0x2000'00a4      0x3c  stepping_ctrl.o [1]
    .data            inited   0x2000'00e0      0x3c  stepping_ctrl.o [1]
    .data            inited   0x2000'011c      0x5c  sys_func.o [1]
    .data            inited   0x2000'0178      0x5c  sys_func.o [1]
    .data            inited   0x2000'01d4      0x6c  sys_func.o [1]
    .data            inited   0x2000'0240      0x70  sys_func.o [1]
    .data            inited   0x2000'02b0      0x58  sys_func.o [1]
    .data            inited   0x2000'0308      0x58  sys_func.o [1]
    .data            inited   0x2000'0360      0x60  sys_func.o [1]
    .data            inited   0x2000'03c0      0x68  sys_func.o [1]
    .data            inited   0x2000'0428      0x60  sys_func.o [1]
    .data            inited   0x2000'0488       0x4  system_stm32f1xx.o [1]
    .data            inited   0x2000'048c       0x4  timer.o [1]
    .data            inited   0x2000'0490       0x4  timer.o [1]
    .data            inited   0x2000'0494      0x38  xlocale_c.o [2]
    .data            inited   0x2000'04cc      0x48  xlocale_c.o [2]
    .data            inited   0x2000'0514       0x2  cntrl.o [1]
    .data            inited   0x2000'0516       0x2  key_polling.o [1]
    .data            inited   0x2000'0518       0x2  key_polling.o [1]
    .data            inited   0x2000'051a       0x2  key_polling.o [1]
    .data            inited   0x2000'051c       0x1  cntrl.o [1]
    .data            inited   0x2000'051d       0x1  error.o [1]
    .data            inited   0x2000'051e       0x1  hlld.o [1]
    .data            inited   0x2000'051f       0x1  hlld.o [1]
    .data            inited   0x2000'0520       0x1  pump.o [1]
    .data            inited   0x2000'0521       0x1  sq.o [1]
    .data            inited   0x2000'0522       0x1  sq.o [1]
    .data            inited   0x2000'0523       0x1  stepping_ctrl.o [1]
    .data            inited   0x2000'0524       0x1  stepping_ctrl.o [1]
    .data            inited   0x2000'0525       0x1  stepping_ctrl.o [1]
    .data            inited   0x2000'0526       0x1  stepping_ctrl.o [1]
    .data            inited   0x2000'0527       0x1  stepping_ctrl.o [1]
    .data            inited   0x2000'0528       0x1  stepping_ctrl.o [1]
    .data            inited   0x2000'0529       0x1  timer.o [1]
    .data            inited   0x2000'052a       0x1  timer.o [1]
    .data            inited   0x2000'052b       0x1  timer.o [1]
    .data            inited   0x2000'052c       0x1  timer.o [1]
                            - 0x2000'052d     0x52d

"P2", part 2 of 3:                           0x1354
  .bss               zero     0x2000'0530     0x4bc  sq.o [1]
  .bss               zero     0x2000'09ec     0x258  timer.o [1]
  .bss               zero     0x2000'0c44     0x208  uart_pc.o [1]
  .bss               zero     0x2000'0e4c      0xc8  SE655_Barcode.o [1]
  .bss               zero     0x2000'0f14      0xc4  sq.o [1]
  .bss               zero     0x2000'0fd8      0x80  uart_pc.o [1]
  .bss               zero     0x2000'1058      0x78  pump.o [1]
  .bss               zero     0x2000'10d0      0x6c  stepping_ctrl.o [1]
  .bss               zero     0x2000'113c      0x68  event.o [1]
  .bss               zero     0x2000'11a4      0x58  cam_led.o [1]
  .bss               zero     0x2000'11fc      0x58  shake.o [1]
  .bss               zero     0x2000'1254      0x48  uart_pc.o [1]
  .bss               zero     0x2000'129c      0x40  C3000_SYRINGE.o [1]
  .bss               zero     0x2000'12dc      0x40  pump.o [1]
  .bss               zero     0x2000'131c      0x40  SE655_Barcode.o [1]
  .bss               zero     0x2000'135c      0x40  stepping.o [1]
  .bss               zero     0x2000'139c      0x40  uart_pc.o [1]
  .bss               zero     0x2000'13dc      0x3c  C3000_SYRINGE.o [1]
  .bss               zero     0x2000'1418      0x3c  hs_Common_Utill.o [1]
  .bss               zero     0x2000'1454      0x3c  hsAT24_EEPROM.o [1]
  .bss               zero     0x2000'1490      0x3c  MG90_SERVOMOTOR.o [1]
  .bss               zero     0x2000'14cc      0x3c  timer.o [1]
  .bss               zero     0x2000'1508      0x38  stm32f1xx_hal_msp.o [1]
  .bss               zero     0x2000'1540      0x30  adc.o [1]
  .bss               zero     0x2000'1570      0x30  main.o [1]
  .bss               zero     0x2000'15a0      0x30  shake.o [1]
  .bss               zero     0x2000'15d0      0x1c  hlld.o [1]
  .bss               zero     0x2000'15ec      0x1c  MG90_SERVOMOTOR.o [1]
  .bss               zero     0x2000'1608      0x18  uart_pc.o [1]
  .bss               zero     0x2000'1620      0x14  error.o [1]
  .bss               zero     0x2000'1634      0x14  pump.o [1]
  .bss               zero     0x2000'1648      0x10  cam_led.o [1]
  .bss               zero     0x2000'1658       0xc  adc.o [1]
  .bss               zero     0x2000'1664       0xc  C3000_SYRINGE.o [1]
  .bss               zero     0x2000'1670       0xc  eeprom_ctrl.o [1]
  .bss               zero     0x2000'167c       0xc  eeprom_ctrl.o [1]
  .bss               zero     0x2000'1688       0xc  eeprom_ctrl.o [1]
  .bss               zero     0x2000'1694       0xc  eeprom_ctrl.o [1]
  .bss               zero     0x2000'16a0       0xc  eeprom_ctrl.o [1]
  .bss               zero     0x2000'16ac       0xc  eeprom_ctrl.o [1]
  .bss               zero     0x2000'16b8       0xc  eeprom_ctrl.o [1]
  .bss               zero     0x2000'16c4       0xc  eeprom_ctrl.o [1]
  .bss               zero     0x2000'16d0       0xc  eeprom_ctrl.o [1]
  .bss               zero     0x2000'16dc       0xc  eeprom_ctrl.o [1]
  .bss               zero     0x2000'16e8       0xc  eeprom_ctrl.o [1]
  .bss               zero     0x2000'16f4       0xc  eeprom_ctrl.o [1]
  .bss               zero     0x2000'1700       0xc  eeprom_ctrl.o [1]
  .bss               zero     0x2000'170c       0xc  eeprom_ctrl.o [1]
  .bss               zero     0x2000'1718       0xc  eeprom_ctrl.o [1]
  .bss               zero     0x2000'1724       0xc  hlld.o [1]
  .bss               zero     0x2000'1730       0x8  adc.o [1]
  .bss               zero     0x2000'1738       0x8  hlld.o [1]
  .bss               zero     0x2000'1740       0x8  sq.o [1]
  .bss               zero     0x2000'1748       0x4  17HS3410_Dspin.o [1]
  .bss               zero     0x2000'174c       0x4  adc.o [1]
  .bss               zero     0x2000'1750       0x4  adc.o [1]
  .bss               zero     0x2000'1754       0x4  adc.o [1]
  .bss               zero     0x2000'1758       0x4  adc.o [1]
  .bss               zero     0x2000'175c       0x4  C3000_SYRINGE.o [1]
  .bss               zero     0x2000'1760       0x4  cam_led.o [1]
  .bss               zero     0x2000'1764       0x4  cam_led.o [1]
  .bss               zero     0x2000'1768       0x4  cam_led.o [1]
  .bss               zero     0x2000'176c       0x4  cam_led.o [1]
  .bss               zero     0x2000'1770       0x4  cntrl.o [1]
  .bss               zero     0x2000'1774       0x4  cntrl.o [1]
  .bss               zero     0x2000'1778       0x4  cntrl.o [1]
  .bss               zero     0x2000'177c       0x4  cntrl.o [1]
  .bss               zero     0x2000'1780       0x4  cntrl.o [1]
  .bss               zero     0x2000'1784       0x4  cntrl.o [1]
  .bss               zero     0x2000'1788       0x4  hlld.o [1]
  .bss               zero     0x2000'178c       0x4  MG90_SERVOMOTOR.o [1]
  .bss               zero     0x2000'1790       0x4  MG90_SERVOMOTOR.o [1]
  .bss               zero     0x2000'1794       0x4  SE655_Barcode.o [1]
  .bss               zero     0x2000'1798       0x4  shake.o [1]
  .bss               zero     0x2000'179c       0x4  shake.o [1]
  .bss               zero     0x2000'17a0       0x4  sq.o [1]
  .bss               zero     0x2000'17a4       0x4  sq.o [1]
  .bss               zero     0x2000'17a8       0x4  sq.o [1]
  .bss               zero     0x2000'17ac       0x4  sq.o [1]
  .bss               zero     0x2000'17b0       0x4  sq.o [1]
  .bss               zero     0x2000'17b4       0x4  sq.o [1]
  .bss               zero     0x2000'17b8       0x4  stepping_ctrl.o [1]
  .bss               zero     0x2000'17bc       0x4  stepping_ctrl.o [1]
  .bss               zero     0x2000'17c0       0x4  stepping_ctrl.o [1]
  .bss               zero     0x2000'17c4       0x4  stepping_ctrl.o [1]
  .bss               zero     0x2000'17c8       0x4  stepping_ctrl.o [1]
  .bss               zero     0x2000'17cc       0x4  stepping_ctrl.o [1]
  .bss               zero     0x2000'17d0       0x4  stm32f1xx_hal.o [1]
  .bss               zero     0x2000'17d4       0x4  sys_func.o [1]
  .bss               zero     0x2000'17d8       0x4  sys_func.o [1]
  .bss               zero     0x2000'17dc       0x4  sys_func.o [1]
  .bss               zero     0x2000'17e0       0x4  sys_func.o [1]
  .bss               zero     0x2000'17e4       0x4  timer.o [1]
  .bss               zero     0x2000'17e8       0x4  timer.o [1]
  .bss               zero     0x2000'17ec       0x4  timer.o [1]
  .bss               zero     0x2000'17f0       0x4  uart_pc.o [1]
  .bss               zero     0x2000'17f4       0x4  uart_pc.o [1]
  .bss               zero     0x2000'17f8       0x4  uart_pc.o [1]
  .bss               zero     0x2000'17fc       0x4  uart_pc.o [1]
  .bss               zero     0x2000'1800       0x4  xfail_s.o [2]
  .bss               zero     0x2000'1804       0x2  cntrl.o [1]
  .bss               zero     0x2000'1806       0x2  cntrl.o [1]
  .bss               zero     0x2000'1808       0x2  cntrl.o [1]
  .bss               zero     0x2000'180a       0x2  cntrl.o [1]
  .bss               zero     0x2000'180c       0x2  cntrl.o [1]
  .bss               zero     0x2000'180e       0x2  cntrl.o [1]
  .bss               zero     0x2000'1810       0x2  error.o [1]
  .bss               zero     0x2000'1812       0x2  hlld.o [1]
  .bss               zero     0x2000'1814       0x2  hlld.o [1]
  .bss               zero     0x2000'1816       0x2  hlld.o [1]
  .bss               zero     0x2000'1818       0x2  key_polling.o [1]
  .bss               zero     0x2000'181a       0x2  key_polling.o [1]
  .bss               zero     0x2000'181c       0x2  key_polling.o [1]
  .bss               zero     0x2000'181e       0x2  timer.o [1]
  .bss               zero     0x2000'1820       0x2  timer.o [1]
  .bss               zero     0x2000'1822       0x2  uart_pc.o [1]
  .bss               zero     0x2000'1824       0x1  adc.o [1]
  .bss               zero     0x2000'1825       0x1  adc.o [1]
  .bss               zero     0x2000'1826       0x1  C3000_SYRINGE.o [1]
  .bss               zero     0x2000'1827       0x1  C3000_SYRINGE.o [1]
  .bss               zero     0x2000'1828       0x1  C3000_SYRINGE.o [1]
  .bss               zero     0x2000'1829       0x1  C3000_SYRINGE.o [1]
  .bss               zero     0x2000'182a       0x1  cntrl.o [1]
  .bss               zero     0x2000'182b       0x1  cntrl.o [1]
  .bss               zero     0x2000'182c       0x1  cntrl.o [1]
  .bss               zero     0x2000'182d       0x1  cntrl.o [1]
  .bss               zero     0x2000'182e       0x1  cntrl.o [1]
  .bss               zero     0x2000'182f       0x1  cntrl.o [1]
  .bss               zero     0x2000'1830       0x1  cntrl.o [1]
  .bss               zero     0x2000'1831       0x1  cntrl.o [1]
  .bss               zero     0x2000'1832       0x1  cntrl.o [1]
  .bss               zero     0x2000'1833       0x1  cntrl.o [1]
  .bss               zero     0x2000'1834       0x1  cntrl.o [1]
  .bss               zero     0x2000'1835       0x1  cntrl.o [1]
  .bss               zero     0x2000'1836       0x1  cntrl.o [1]
  .bss               zero     0x2000'1837       0x1  cntrl.o [1]
  .bss               zero     0x2000'1838       0x1  cntrl.o [1]
  .bss               zero     0x2000'1839       0x1  cntrl.o [1]
  .bss               zero     0x2000'183a       0x1  cntrl.o [1]
  .bss               zero     0x2000'183b       0x1  cntrl.o [1]
  .bss               zero     0x2000'183c       0x1  cntrl.o [1]
  .bss               zero     0x2000'183d       0x1  cntrl.o [1]
  .bss               zero     0x2000'183e       0x1  cntrl.o [1]
  .bss               zero     0x2000'183f       0x1  cntrl.o [1]
  .bss               zero     0x2000'1840       0x1  cntrl.o [1]
  .bss               zero     0x2000'1841       0x1  cntrl.o [1]
  .bss               zero     0x2000'1842       0x1  cntrl.o [1]
  .bss               zero     0x2000'1843       0x1  cntrl.o [1]
  .bss               zero     0x2000'1844       0x1  cntrl.o [1]
  .bss               zero     0x2000'1845       0x1  cntrl.o [1]
  .bss               zero     0x2000'1846       0x1  cntrl.o [1]
  .bss               zero     0x2000'1847       0x1  cntrl.o [1]
  .bss               zero     0x2000'1848       0x1  cntrl.o [1]
  .bss               zero     0x2000'1849       0x1  cntrl.o [1]
  .bss               zero     0x2000'184a       0x1  cntrl.o [1]
  .bss               zero     0x2000'184b       0x1  cntrl.o [1]
  .bss               zero     0x2000'184c       0x1  cntrl.o [1]
  .bss               zero     0x2000'184d       0x1  cntrl.o [1]
  .bss               zero     0x2000'184e       0x1  cntrl.o [1]
  .bss               zero     0x2000'184f       0x1  cntrl.o [1]
  .bss               zero     0x2000'1850       0x1  error.o [1]
  .bss               zero     0x2000'1851       0x1  error.o [1]
  .bss               zero     0x2000'1852       0x1  hlld.o [1]
  .bss               zero     0x2000'1853       0x1  hlld.o [1]
  .bss               zero     0x2000'1854       0x1  hlld.o [1]
  .bss               zero     0x2000'1855       0x1  key_polling.o [1]
  .bss               zero     0x2000'1856       0x1  key_polling.o [1]
  .bss               zero     0x2000'1857       0x1  key_polling.o [1]
  .bss               zero     0x2000'1858       0x1  pump.o [1]
  .bss               zero     0x2000'1859       0x1  pump.o [1]
  .bss               zero     0x2000'185a       0x1  SE655_Barcode.o [1]
  .bss               zero     0x2000'185b       0x1  SE655_Barcode.o [1]
  .bss               zero     0x2000'185c       0x1  SE655_Barcode.o [1]
  .bss               zero     0x2000'185d       0x1  SE655_Barcode.o [1]
  .bss               zero     0x2000'185e       0x1  SE655_Barcode.o [1]
  .bss               zero     0x2000'185f       0x1  SE655_Barcode.o [1]
  .bss               zero     0x2000'1860       0x1  shake.o [1]
  .bss               zero     0x2000'1861       0x1  shake.o [1]
  .bss               zero     0x2000'1862       0x1  sq.o [1]
  .bss               zero     0x2000'1863       0x1  sq.o [1]
  .bss               zero     0x2000'1864       0x1  sq.o [1]
  .bss               zero     0x2000'1865       0x1  sq.o [1]
  .bss               zero     0x2000'1866       0x1  sq.o [1]
  .bss               zero     0x2000'1867       0x1  sq.o [1]
  .bss               zero     0x2000'1868       0x1  sq.o [1]
  .bss               zero     0x2000'1869       0x1  sq.o [1]
  .bss               zero     0x2000'186a       0x1  sq.o [1]
  .bss               zero     0x2000'186b       0x1  sq.o [1]
  .bss               zero     0x2000'186c       0x1  sq.o [1]
  .bss               zero     0x2000'186d       0x1  sq.o [1]
  .bss               zero     0x2000'186e       0x1  sq.o [1]
  .bss               zero     0x2000'186f       0x1  sq.o [1]
  .bss               zero     0x2000'1870       0x1  sq.o [1]
  .bss               zero     0x2000'1871       0x1  sq.o [1]
  .bss               zero     0x2000'1872       0x1  sq.o [1]
  .bss               zero     0x2000'1873       0x1  sq.o [1]
  .bss               zero     0x2000'1874       0x1  stepping.o [1]
  .bss               zero     0x2000'1875       0x1  stm32f1xx_hal_spi_ex.o [1]
  .bss               zero     0x2000'1876       0x1  sys_func.o [1]
  .bss               zero     0x2000'1877       0x1  sys_func.o [1]
  .bss               zero     0x2000'1878       0x1  sys_func.o [1]
  .bss               zero     0x2000'1879       0x1  sys_func.o [1]
  .bss               zero     0x2000'187a       0x1  timer.o [1]
  .bss               zero     0x2000'187b       0x1  timer.o [1]
  .bss               zero     0x2000'187c       0x1  timer.o [1]
  .bss               zero     0x2000'187d       0x1  timer.o [1]
  .bss               zero     0x2000'187e       0x1  timer.o [1]
  .bss               zero     0x2000'187f       0x1  uart_pc.o [1]
  .bss               zero     0x2000'1880       0x1  uart_pc.o [1]
                            - 0x2000'1881    0x1351

"P2", part 3 of 3:                           0x1000
  CSTACK                      0x2000'1888    0x1000  <Block>
    CSTACK           uninit   0x2000'1888    0x1000  <Block tail>
                            - 0x2000'2888    0x1000

Unused ranges:

         From           To      Size
         ----           --      ----
   0x801'6be4   0x807'ffff  0x6'941c
  0x2000'052d  0x2000'052f       0x3
  0x2000'1884  0x2000'1887       0x4
  0x2000'2888  0x2000'ffff    0xd778


*******************************************************************************
*** INIT TABLE
***

          Address      Size
          -------      ----
Zero (__iar_zero_init3)
    1 destination range, total size 0x1351:
          0x2000'0530  0x1351

Copy/lz77 (__iar_lz77_init_single3)
    1 source range, total size 0x230 (42% of destination):
           0x801'69b4   0x230
    1 destination range, total size 0x52d:
          0x2000'0000   0x52d



*******************************************************************************
*** MODULE SUMMARY
***

    Module                  ro code  ro data  rw data
    ------                  -------  -------  -------
command line/config:
    -------------------------------------------------
    Total:

D:\Github\sb3\S-Blot-3_Ereatec_queueEdit\EWARM\KBlot_supreme_I\Obj: [1]
    17HS3410_Dspin.o            572                 4
    C3000_SYRINGE.o           2'092       60      144
    MG90_SERVOMOTOR.o         1'344       15      132
    SE655_Barcode.o           1'936       30      298
    adc.o                       488                86
    cam_led.o                 1'140               120
    cntrl.o                  13'844      190       77
    eeprom_ctrl.o               924               180
    error.o                     288                25
    event.o                     204               104
    hlld.o                    3'532        1       63
    hsAT24_EEPROM.o             648        7       68
    hs_Common_Utill.o           272                60
    key_polling.o               296        2       15
    main.o                    1'108                48
    pump.o                    3'116               207
    shake.o                   2'456       15      182
    sq.o                      7'860       49    1'460
    startup_stm32f103xe.o       548
    stepping.o                   68                65
    stepping_ctrl.o           7'108       80      318
    stm32f1xx_hal.o             124                 4
    stm32f1xx_hal_adc.o       1'748
    stm32f1xx_hal_cortex.o      448
    stm32f1xx_hal_dma.o       2'598
    stm32f1xx_hal_gpio.o      1'032
    stm32f1xx_hal_i2c.o       2'042
    stm32f1xx_hal_msp.o       1'364                56
    stm32f1xx_hal_rcc.o       2'896       34
    stm32f1xx_hal_rcc_ex.o      644       18
    stm32f1xx_hal_spi.o       2'160
    stm32f1xx_hal_spi_ex.o      184                 1
    stm32f1xx_hal_tim.o       2'030
    stm32f1xx_hal_tim_ex.o       96
    stm32f1xx_hal_uart.o      2'076
    stm32f1xx_it.o              104
    sys_func.o                1'676      386      896
    system_stm32f1xx.o           88        1        4
    timer.o                     984        7      693
    uart_pc.o                 2'020       28      828
    -------------------------------------------------
    Total:                   74'158      923    6'138

dl7M_tlf.a: [2]
    abort.o                       6
    exit.o                        4
    iar_Stoulx.o                332       80
    isspace.o                    20
    low_level_init.o              4
    sprintf.o                    64
    tolower.o                    20
    xencoding_8859_1.o           30
    xfail_s.o                    64                 4
    xlocale_c.o                 168       59      128
    xmbcurmax.o                  10
    xprintffull.o             4'294
    xsprout.o                    10
    -------------------------------------------------
    Total:                    5'026      139      132

m7M_tl.a: [3]
    DblAdd.o                    378
    DblCmpGe.o                   46
    DblCmpLe.o                   46
    DblDiv.o                    582
    DblMul.o                    418
    DblSub.o                    226
    DblToFlt.o                  104
    DblToS32.o                   58
    DblToU32.o                   40
    FltAdd.o                    214
    FltCmpLe.o                   36
    FltDiv.o                    252
    FltMul.o                    216
    FltSub.o                    128
    FltToDbl.o                   72
    FltToU32.o                   34
    S32ToDbl.o                   34
    S32ToFlt.o                   36
    U32ToDbl.o                   26
    frexp.o                     112
    ldexp.o                     314
    -------------------------------------------------
    Total:                    3'372

rt7M_tl.a: [4]
    ABImemcpy.o                 166
    ABImemset.o                 102
    I64DivMod.o                 560
    I64DivZer.o                   2
    cexit.o                      10
    cmain.o                      30
    cstartup_M.o                 12
    data_init.o                  40
    lz77_init_single.o          120
    memchr.o                     88
    strchr.o                     22
    strlen.o                     54
    zero_init3.o                 58
    -------------------------------------------------
    Total:                    1'264

shb_l.a: [5]
    exit.o                       20
    -------------------------------------------------
    Total:                       20

    Gaps                         28        2
    Linker created                        32    4'096
-----------------------------------------------------
    Grand Total:             83'868    1'096   10'366


*******************************************************************************
*** ENTRY LIST
***

Entry                       Address    Size  Type      Object
-----                       -------    ----  ----      ------
.iar.init_table$$Base    0x801'66c4           --   Gb  - Linker created -
.iar.init_table$$Limit   0x801'66e4           --   Gb  - Linker created -
?main                    0x801'6725          Code  Gb  cmain.o [4]
ADC_ConversionStop_Disable
                         0x801'14bd    0x4a  Code  Gb  stm32f1xx_hal_adc.o [1]
ADC_Enable               0x801'1419    0x6e  Code  Gb  stm32f1xx_hal_adc.o [1]
Air_temp_2min_flag      0x2000'1864     0x1  Data  Gb  sq.o [1]
Air_temp_res            0x2000'1758     0x4  Data  Gb  adc.o [1]
Air_temp_res_vol         0x800'e829    0xbc  Code  Gb  adc.o [1]
BSP_AT24_I2C_Read        0x801'1a19    0x60  Code  Gb  hsAT24_EEPROM.o [1]
BSP_AT24_I2C_Write       0x801'19b9    0x60  Code  Gb  hsAT24_EEPROM.o [1]
BusFault_Handler         0x801'657f     0x2  Code  Gb  stm32f1xx_it.o [1]
C3000_send_command       0x800'9939   0x11a  Code  Gb  C3000_SYRINGE.o [1]
C3000_srige_oper         0x800'968b   0x21a  Code  Gb  C3000_SYRINGE.o [1]
CLLD_VOL_Check          0x2000'1853     0x1  Data  Gb  hlld.o [1]
CSTACK$$Base            0x2000'1888           --   Gb  - Linker created -
CSTACK$$Limit           0x2000'2888           --   Gb  - Linker created -
CacheMore                0x801'5489    0x28  Code  Lc  xlocale_c.o [2]
DMA1_Channel4_IRQHandler
                         0x801'65c3     0xa  Code  Gb  stm32f1xx_it.o [1]
DMA_SetConfig            0x801'2b69    0x22  Code  Lc  stm32f1xx_hal_dma.o [1]
DebugMon_Handler         0x801'6583     0x2  Code  Gb  stm32f1xx_it.o [1]
EDB_QueReset             0x800'6f97    0x2c  Code  Gb  stepping_ctrl.o [1]
EDB_QueueHaveSize        0x800'6fc3    0x30  Code  Gb  stepping_ctrl.o [1]
EDB_ReceivPacketExec     0x800'7261   0x110  Code  Gb  stepping_ctrl.o [1]
EDB_ReceiveGetQue        0x800'6f65    0x32  Code  Gb  stepping_ctrl.o [1]
EDB_ReceivePutQue        0x800'6f29    0x2e  Code  Gb  stepping_ctrl.o [1]
Get_EDB_ReceivPacketHandle
                         0x800'71f1    0x70  Code  Gb  stepping_ctrl.o [1]
Get_SYRINGE_ReceivPacketHandle
                         0x800'9a7f    0x60  Code  Gb  C3000_SYRINGE.o [1]
HAL_ADC_ConfigChannel    0x801'1269   0x1ac  Code  Gb  stm32f1xx_hal_adc.o [1]
HAL_ADC_GetValue         0x801'1263     0x6  Code  Gb  stm32f1xx_hal_adc.o [1]
HAL_ADC_Init             0x801'0e35   0x16e  Code  Gb  stm32f1xx_hal_adc.o [1]
HAL_ADC_MspInit          0x801'1c79    0xa4  Code  Gb  stm32f1xx_hal_msp.o [1]
HAL_ADC_PollForConversion
                         0x801'1101   0x162  Code  Gb  stm32f1xx_hal_adc.o [1]
HAL_ADC_Start            0x801'0fa3   0x122  Code  Gb  stm32f1xx_hal_adc.o [1]
HAL_ADC_Stop             0x801'10c5    0x3c  Code  Gb  stm32f1xx_hal_adc.o [1]
HAL_DMA_IRQHandler       0x801'222d   0x8fc  Code  Gb  stm32f1xx_hal_dma.o [1]
HAL_DMA_Init             0x801'2165    0x5a  Code  Gb  stm32f1xx_hal_dma.o [1]
HAL_DMA_Start_IT         0x801'21bf    0x6e  Code  Gb  stm32f1xx_hal_dma.o [1]
HAL_Delay                0x800'e10d    0x18  Code  Wk  stm32f1xx_hal.o [1]
HAL_GPIO_DeInit          0x800'df43   0x146  Code  Gb  stm32f1xx_hal_gpio.o [1]
HAL_GPIO_Init            0x800'dd05   0x23e  Code  Gb  stm32f1xx_hal_gpio.o [1]
HAL_GPIO_ReadPin         0x800'e089    0x16  Code  Gb  stm32f1xx_hal_gpio.o [1]
HAL_GPIO_TogglePin       0x800'e0b9     0xc  Code  Gb  stm32f1xx_hal_gpio.o [1]
HAL_GPIO_WritePin        0x800'e09f    0x1a  Code  Gb  stm32f1xx_hal_gpio.o [1]
HAL_GetTick              0x801'0e29     0xc  Code  Wk  stm32f1xx_hal.o [1]
HAL_I2C_Init             0x801'4b91    0xb6  Code  Gb  stm32f1xx_hal_i2c.o [1]
HAL_I2C_Mem_Read         0x801'4d6d   0x238  Code  Gb  stm32f1xx_hal_i2c.o [1]
HAL_I2C_Mem_Write        0x801'4c51   0x11c  Code  Gb  stm32f1xx_hal_i2c.o [1]
HAL_I2C_MspInit          0x801'1d1d    0x40  Code  Gb  stm32f1xx_hal_msp.o [1]
HAL_IncTick              0x801'65e5    0x10  Code  Wk  stm32f1xx_hal.o [1]
HAL_Init                 0x801'649d    0x20  Code  Gb  stm32f1xx_hal.o [1]
HAL_InitTick             0x801'538b    0x24  Code  Wk  stm32f1xx_hal.o [1]
HAL_MspInit              0x801'1c11    0x68  Code  Gb  stm32f1xx_hal_msp.o [1]
HAL_NVIC_DisableIRQ      0x800'e6cb     0xe  Code  Gb  stm32f1xx_hal_cortex.o [1]
HAL_NVIC_EnableIRQ       0x800'e6bd     0xe  Code  Gb  stm32f1xx_hal_cortex.o [1]
HAL_NVIC_SetPriority     0x800'e693    0x2a  Code  Gb  stm32f1xx_hal_cortex.o [1]
HAL_NVIC_SetPriorityGrouping
                         0x800'e687     0xc  Code  Gb  stm32f1xx_hal_cortex.o [1]
HAL_NVIC_SystemReset     0x800'e6d9     0x8  Code  Gb  stm32f1xx_hal_cortex.o [1]
HAL_RCCEx_GetPeriphCLKFreq
                         0x801'494b   0x140  Code  Gb  stm32f1xx_hal_rcc_ex.o [1]
HAL_RCCEx_PeriphCLKConfig
                         0x801'4835   0x116  Code  Gb  stm32f1xx_hal_rcc_ex.o [1]
HAL_RCC_ClockConfig      0x801'3279   0x336  Code  Gb  stm32f1xx_hal_rcc.o [1]
HAL_RCC_GetHCLKFreq      0x801'3639    0x26  Code  Gb  stm32f1xx_hal_rcc.o [1]
HAL_RCC_GetPCLK1Freq     0x801'365f    0x20  Code  Gb  stm32f1xx_hal_rcc.o [1]
HAL_RCC_GetPCLK2Freq     0x801'367f    0x20  Code  Gb  stm32f1xx_hal_rcc.o [1]
HAL_RCC_GetSysClockFreq
                         0x801'35af    0x8a  Code  Gb  stm32f1xx_hal_rcc.o [1]
HAL_RCC_OscConfig        0x801'2b91   0x6e8  Code  Gb  stm32f1xx_hal_rcc.o [1]
HAL_SPI_GetState         0x800'fe17     0x6  Code  Gb  stm32f1xx_hal_spi.o [1]
HAL_SPI_Init             0x800'f5e9    0x8c  Code  Gb  stm32f1xx_hal_spi_ex.o [1]
HAL_SPI_MspInit          0x801'1d5d    0x56  Code  Gb  stm32f1xx_hal_msp.o [1]
HAL_SPI_Receive          0x800'f86f   0x24c  Code  Gb  stm32f1xx_hal_spi.o [1]
HAL_SPI_Transmit         0x800'f6a1   0x1ce  Code  Gb  stm32f1xx_hal_spi.o [1]
HAL_SPI_TransmitReceive
                         0x800'fabb   0x35c  Code  Gb  stm32f1xx_hal_spi.o [1]
HAL_SYSTICK_CLKSourceConfig
                         0x800'e6ed    0x1c  Code  Gb  stm32f1xx_hal_cortex.o [1]
HAL_SYSTICK_Callback     0x800'd357    0x10  Code  Gb  timer.o [1]
HAL_SYSTICK_Config       0x800'e6e1     0xc  Code  Gb  stm32f1xx_hal_cortex.o [1]
HAL_SYSTICK_IRQHandler   0x800'e735     0x8  Code  Gb  stm32f1xx_hal_cortex.o [1]
HAL_TIMEx_BreakCallback
                         0x801'36e7     0x2  Code  Wk  stm32f1xx_hal_tim_ex.o [1]
HAL_TIMEx_CommutationCallback
                         0x801'36eb     0x2  Code  Wk  stm32f1xx_hal_tim_ex.o [1]
HAL_TIMEx_MasterConfigSynchronization
                         0x801'0ab9    0x5a  Code  Gb  stm32f1xx_hal_tim_ex.o [1]
HAL_TIM_Base_Init        0x801'02d1    0x38  Code  Gb  stm32f1xx_hal_tim.o [1]
HAL_TIM_Base_MspInit     0x801'1e01    0x32  Code  Gb  stm32f1xx_hal_msp.o [1]
HAL_TIM_Base_Start_IT    0x801'0309    0x1e  Code  Gb  stm32f1xx_hal_tim.o [1]
HAL_TIM_ConfigClockSource
                         0x801'06ab   0x11c  Code  Gb  stm32f1xx_hal_tim.o [1]
HAL_TIM_IRQHandler       0x801'0435   0x176  Code  Gb  stm32f1xx_hal_tim.o [1]
HAL_TIM_PWM_ConfigChannel
                         0x801'05ab   0x100  Code  Gb  stm32f1xx_hal_tim.o [1]
HAL_TIM_PWM_Init         0x801'0327    0x38  Code  Gb  stm32f1xx_hal_tim.o [1]
HAL_TIM_PWM_MspInit      0x801'1db3    0x4e  Code  Gb  stm32f1xx_hal_msp.o [1]
HAL_TIM_PWM_Start        0x801'035f    0x4c  Code  Gb  stm32f1xx_hal_tim.o [1]
HAL_TIM_PWM_Stop         0x801'03ab    0x82  Code  Gb  stm32f1xx_hal_tim.o [1]
HAL_TIM_PeriodElapsedCallback
                         0x800'd3c7    0x38  Code  Gb  timer.o [1]
HAL_UART_DeInit          0x800'ee41    0x4a  Code  Gb  stm32f1xx_hal_uart.o [1]
HAL_UART_IRQHandler      0x800'f0b3   0x168  Code  Gb  stm32f1xx_hal_uart.o [1]
HAL_UART_Init            0x800'edd1    0x70  Code  Gb  stm32f1xx_hal_uart.o [1]
HAL_UART_MspDeInit       0x801'2057    0xbe  Code  Gb  stm32f1xx_hal_msp.o [1]
HAL_UART_MspInit         0x801'1e33   0x224  Code  Gb  stm32f1xx_hal_msp.o [1]
HAL_UART_Receive_IT      0x800'ef85    0x88  Code  Gb  stm32f1xx_hal_uart.o [1]
HAL_UART_RxCpltCallback
                         0x800'd58f    0x3a  Code  Gb  uart_pc.o [1]
HAL_UART_Transmit        0x800'ee8b    0xfa  Code  Gb  stm32f1xx_hal_uart.o [1]
HAL_UART_Transmit_DMA    0x800'f00d    0xa6  Code  Gb  stm32f1xx_hal_uart.o [1]
HAL_UART_TxCpltCallback
                         0x800'd9d7    0x10  Code  Gb  uart_pc.o [1]
I2C_Configure_Speed      0x801'519b    0x5c  Code  Lc  stm32f1xx_hal_i2c.o [1]
I2C_Mem_Read            0x2000'0004     0x4  Data  Gb  hsAT24_EEPROM.o [1]
I2C_Mem_Write           0x2000'0000     0x4  Data  Gb  hsAT24_EEPROM.o [1]
I2C_RequestMemoryRead    0x801'5073   0x128  Code  Lc  stm32f1xx_hal_i2c.o [1]
I2C_RequestMemoryWrite   0x801'4fb5    0xbe  Code  Lc  stm32f1xx_hal_i2c.o [1]
I2C_WaitOnFlagUntilTimeout
                         0x801'5205    0xdc  Code  Lc  stm32f1xx_hal_i2c.o [1]
I2C_WaitOnMasterAddressFlagUntilTimeout
                         0x801'52e1    0xaa  Code  Lc  stm32f1xx_hal_i2c.o [1]
MX_ADC2_Init             0x801'6265    0x3e  Code  Lc  main.o [1]
MX_ADC3_Init             0x800'e73d    0x3e  Code  Gb  adc.o [1]
MX_DMA_Init              0x801'623d    0x28  Code  Lc  main.o [1]
MX_GPIO_Init             0x801'62a3   0x1c6  Code  Lc  main.o [1]
MX_I2C1_Init             0x801'1989    0x30  Code  Gb  hsAT24_EEPROM.o [1]
MX_SPI1_Init             0x800'7a09    0x4e  Code  Gb  shake.o [1]
MX_TIM2_Init             0x800'd367    0x56  Code  Gb  timer.o [1]
MX_TIM4_Init             0x800'83a1    0x54  Code  Gb  MG90_SERVOMOTOR.o [1]
MX_USART1_UART_Init      0x800'd551    0x3e  Code  Gb  uart_pc.o [1]
MX_USART2_UART_Init      0x800'9e9d    0x3e  Code  Gb  SE655_Barcode.o [1]
MX_USART3_UART_Init      0x800'98a5    0x46  Code  Gb  C3000_SYRINGE.o [1]
MX_USART4_UART_Init      0x801'64c1    0x44  Code  Gb  stepping.o [1]
MX_USART5_UART_Init      0x800'88e1    0x3e  Code  Gb  pump.o [1]
MemManage_Handler        0x801'657d     0x2  Code  Gb  stm32f1xx_it.o [1]
NVIC_DisableIRQ          0x800'9525    0x18  Code  Lc  C3000_SYRINGE.o [1]
NVIC_DisableIRQ          0x800'ecd7    0x16  Code  Lc  hs_Common_Utill.o [1]
NVIC_DisableIRQ          0x800'57fd    0x18  Code  Lc  stepping_ctrl.o [1]
NVIC_DisableIRQ          0x800'e5bb    0x16  Code  Lc  stm32f1xx_hal_cortex.o [1]
NVIC_DisableIRQ          0x800'd539    0x18  Code  Lc  uart_pc.o [1]
NVIC_EnableIRQ           0x800'950d    0x18  Code  Lc  C3000_SYRINGE.o [1]
NVIC_EnableIRQ           0x800'ecc1    0x16  Code  Lc  hs_Common_Utill.o [1]
NVIC_EnableIRQ           0x800'57e5    0x18  Code  Lc  stepping_ctrl.o [1]
NVIC_EnableIRQ           0x800'e5a5    0x16  Code  Lc  stm32f1xx_hal_cortex.o [1]
NVIC_EnableIRQ           0x800'd521    0x18  Code  Lc  uart_pc.o [1]
NVIC_EncodePriority      0x800'e5fd    0x40  Code  Lc  stm32f1xx_hal_cortex.o [1]
NVIC_GetPriorityGrouping
                         0x800'e59b     0xa  Code  Lc  stm32f1xx_hal_cortex.o [1]
NVIC_SetPriority         0x800'e5d1    0x2c  Code  Lc  stm32f1xx_hal_cortex.o [1]
NVIC_SetPriorityGrouping
                         0x800'e57d    0x1e  Code  Lc  stm32f1xx_hal_cortex.o [1]
NVIC_SystemReset         0x800'e63d    0x1a  Code  Lc  stm32f1xx_hal_cortex.o [1]
New_Pump_Data_Trans_s    0x800'91fb    0x20  Code  Gb  pump.o [1]
New_Pump_Reset           0x800'8a6b    0x46  Code  Gb  pump.o [1]
New_Pump_RollBack        0x800'89ff    0x6c  Code  Gb  pump.o [1]
New_Pump_Run             0x800'8993    0x6c  Code  Gb  pump.o [1]
Region$$Table$$Base      0x801'66c4           --   Gb  - Linker created -
Region$$Table$$Limit     0x801'66e4           --   Gb  - Linker created -
SPI_ISCRCErrorValid      0x800'f675    0x22  Code  Gb  stm32f1xx_hal_spi_ex.o [1]
SPI_WaitOnFlagUntilTimeout
                         0x800'fe1d    0xf4  Code  Lc  stm32f1xx_hal_spi.o [1]
SYRINGE_QueHaveDataSize
                         0x800'95cb    0x30  Code  Gb  C3000_SYRINGE.o [1]
SYRINGE_QueReset         0x800'959d    0x2e  Code  Gb  C3000_SYRINGE.o [1]
SYRINGE_ReceivPacketExec
                         0x800'9ae5    0x36  Code  Gb  C3000_SYRINGE.o [1]
SYRINGE_ReceiveGetQue    0x800'956b    0x32  Code  Gb  C3000_SYRINGE.o [1]
SYRINGE_ReceivePutQue    0x800'953d    0x2e  Code  Gb  C3000_SYRINGE.o [1]
Se655_Barcode_Init       0x800'9dc5    0xd8  Code  Gb  SE655_Barcode.o [1]
Syringe_485_Direction_Set
                         0x800'9677    0x14  Code  Gb  C3000_SYRINGE.o [1]
Syringe_Que_Handle      0x2000'13dc    0x3c  Data  Gb  C3000_SYRINGE.o [1]
SysTick_Config           0x800'e657    0x30  Code  Lc  stm32f1xx_hal_cortex.o [1]
SysTick_Handler          0x801'6585     0xc  Code  Gb  stm32f1xx_it.o [1]
SystemClock_Config       0x801'61c5    0x78  Code  Gb  main.o [1]
SystemCoreClock         0x2000'0488     0x4  Data  Gb  system_stm32f1xx.o [1]
SystemInit               0x801'65f5    0x3c  Code  Gb  system_stm32f1xx.o [1]
THERMISTOR1_INT          0x800'e795    0x94  Code  Gb  adc.o [1]
TIM2_IRQHandler          0x800'd3bd     0xa  Code  Gb  timer.o [1]
TIM_Base_SetConfig       0x801'07c7    0x88  Code  Gb  stm32f1xx_hal_tim.o [1]
TIM_CCxChannelCmd        0x801'0a9b    0x1c  Code  Gb  stm32f1xx_hal_tim.o [1]
TIM_ETR_SetConfig        0x801'0a81    0x1a  Code  Lc  stm32f1xx_hal_tim.o [1]
TIM_ITRx_SetConfig       0x801'0a67    0x1a  Code  Lc  stm32f1xx_hal_tim.o [1]
TIM_OC1_SetConfig        0x801'084f    0x6c  Code  Lc  stm32f1xx_hal_tim.o [1]
TIM_OC2_SetConfig        0x801'08bb    0x7a  Code  Gb  stm32f1xx_hal_tim.o [1]
TIM_OC3_SetConfig        0x801'0935    0x74  Code  Lc  stm32f1xx_hal_tim.o [1]
TIM_OC4_SetConfig        0x801'09a9    0x58  Code  Lc  stm32f1xx_hal_tim.o [1]
TIM_TI1_ConfigInputStage
                         0x801'0a15    0x28  Code  Lc  stm32f1xx_hal_tim.o [1]
TIM_TI2_ConfigInputStage
                         0x801'0a3d    0x2a  Code  Lc  stm32f1xx_hal_tim.o [1]
UART2_Barcode_RxCpltCallback
                         0x800'9ef5    0x32  Code  Gb  SE655_Barcode.o [1]
UART3_ReInit             0x800'98eb    0x42  Code  Gb  C3000_SYRINGE.o [1]
UART4_IRQHandler         0x801'65af     0xa  Code  Gb  stm32f1xx_it.o [1]
UART4_ReInit             0x800'7031    0x42  Code  Gb  stepping_ctrl.o [1]
UART5_IRQHandler         0x801'65b9     0xa  Code  Gb  stm32f1xx_it.o [1]
UART5_QueHaveDataSize    0x800'ed97    0x2e  Code  Gb  hs_Common_Utill.o [1]
UART5_QueReset           0x800'ed6b    0x2c  Code  Gb  hs_Common_Utill.o [1]
UART5_ReInit             0x800'8949    0x42  Code  Gb  pump.o [1]
UART5_ReceiveGetQue      0x800'ed3b    0x30  Code  Gb  hs_Common_Utill.o [1]
UART5_ReceivePutQue      0x800'ed0f    0x2c  Code  Gb  hs_Common_Utill.o [1]
UART_Barcode_RxCpltCallback
                         0x800'a03f    0x12  Code  Gb  SE655_Barcode.o [1]
UART_DMAError            0x800'f261    0x24  Code  Lc  stm32f1xx_hal_uart.o [1]
UART_DMATransmitCplt     0x800'f21d    0x34  Code  Lc  stm32f1xx_hal_uart.o [1]
UART_DMATxHalfCplt       0x800'f251     0xe  Code  Lc  stm32f1xx_hal_uart.o [1]
UART_EDB_RxCpltCallback
                         0x800'7001    0x2a  Code  Gb  stepping_ctrl.o [1]
UART_EndTransmit_IT      0x800'f3e1    0x3c  Code  Lc  stm32f1xx_hal_uart.o [1]
UART_Pump_LLD_RxCpltCallback
                         0x800'891f    0x2a  Code  Gb  pump.o [1]
UART_Receive_IT          0x800'f41d    0xc4  Code  Lc  stm32f1xx_hal_uart.o [1]
UART_SetConfig           0x800'f4e1    0xfe  Code  Lc  stm32f1xx_hal_uart.o [1]
UART_Syringe_RxCpltCallback
                         0x800'9a59    0x26  Code  Gb  C3000_SYRINGE.o [1]
UART_Transmit_IT         0x800'f369    0x78  Code  Lc  stm32f1xx_hal_uart.o [1]
UART_WaitOnFlagUntilTimeout
                         0x800'f285    0xe4  Code  Lc  stm32f1xx_hal_uart.o [1]
USART1_IRQHandler        0x801'6591     0xa  Code  Gb  stm32f1xx_it.o [1]
USART2_IRQHandler        0x801'659b     0xa  Code  Gb  stm32f1xx_it.o [1]
USART3_IRQHandler        0x801'65a5     0xa  Code  Gb  stm32f1xx_it.o [1]
UsageFault_Handler       0x801'6581     0x2  Code  Gb  stm32f1xx_it.o [1]
_Encoding_8859_1_Mbrlen
                         0x800'ff3d     0x2  Code  Gb  xencoding_8859_1.o [2]
_Encoding_8859_1_Wctomb
                         0x800'ff2b    0x12  Code  Gb  xencoding_8859_1.o [2]
_LitobFull               0x801'45ff   0x10a  Code  Lc  xprintffull.o [2]
_LocaleC_isspace         0x801'5465    0x14  Code  Gb  xlocale_c.o [2]
_LocaleC_isupper         0x801'5459     0x2  Code  Gb  xlocale_c.o [2]
_LocaleC_tolower         0x801'5479     0xc  Code  Gb  xlocale_c.o [2]
_Locale_lconv           0x2000'0494    0x38  Data  Lc  xlocale_c.o [2]
_PrintfFull              0x801'36ed   0xcc2  Code  Gb  xprintffull.o [2]
_PutcharsFull            0x801'4771    0x2e  Code  Lc  xprintffull.o [2]
_PutstrFull              0x801'453f    0xc0  Code  Lc  xprintffull.o [2]
_PuttxtFull              0x801'4433   0x10c  Code  Lc  xprintffull.o [2]
_SProut                  0x801'00eb     0xa  Code  Gb  xsprout.o [2]
__aeabi_cdcmple          0x801'55c9          Code  Gb  DblCmpLe.o [3]
__aeabi_cdrcmple         0x801'55f9          Code  Gb  DblCmpGe.o [3]
__aeabi_cfcmple          0x800'e31d          Code  Gb  FltCmpLe.o [3]
__aeabi_d2f              0x801'1751          Code  Gb  DblToFlt.o [3]
__aeabi_d2iz             0x801'0271          Code  Gb  DblToS32.o [3]
__aeabi_d2uiz            0x801'0b15          Code  Gb  DblToU32.o [3]
__aeabi_dadd             0x801'00f5          Code  Gb  DblAdd.o [3]
__aeabi_ddiv             0x801'1509          Code  Gb  DblDiv.o [3]
__aeabi_dmul             0x800'ff49          Code  Gb  DblMul.o [3]
__aeabi_dsub             0x801'1801          Code  Gb  DblSub.o [3]
__aeabi_f2d              0x801'17b9          Code  Gb  FltToDbl.o [3]
__aeabi_f2uiz            0x801'1965          Code  Gb  FltToU32.o [3]
__aeabi_fdiv             0x800'e149          Code  Gb  FltDiv.o [3]
__aeabi_fmul             0x800'e245          Code  Gb  FltMul.o [3]
__aeabi_fsub             0x801'18e5          Code  Gb  FltSub.o [3]
__aeabi_i2d              0x801'02ad          Code  Gb  S32ToDbl.o [3]
__aeabi_i2f              0x800'e125          Code  Gb  S32ToFlt.o [3]
__aeabi_ldiv0            0x801'59a5          Code  Gb  I64DivZer.o [4]
__aeabi_memcpy           0x801'53b1          Code  Gb  ABImemcpy.o [4]
__aeabi_memcpy4          0x801'53d1          Code  Gb  ABImemcpy.o [4]
__aeabi_memcpy8          0x801'53d1          Code  Gb  ABImemcpy.o [4]
__aeabi_memset           0x800'5745          Code  Gb  ABImemset.o [4]
__aeabi_ui2d             0x800'ff11          Code  Gb  U32ToDbl.o [3]
__aeabi_uldivmod         0x801'576d          Code  Gb  I64DivMod.o [4]
__cmain                  0x801'6725          Code  Gb  cmain.o [4]
__exit                   0x801'59a9    0x14  Code  Gb  exit.o [5]
__iar_Fail_s             0x801'5519    0x1c  Code  Gb  xfail_s.o [2]
__iar_Mbcurmax           0x801'5763     0xa  Code  Gb  xmbcurmax.o [2]
__iar_Memchr             0x801'47dd          Code  Gb  memchr.o [4]
__iar_Memset             0x800'5745          Code  Gb  ABImemset.o [4]
__iar_Memset_word        0x800'574d          Code  Gb  ABImemset.o [4]
__iar_Stoulx             0x801'0cdd   0x13a  Code  Gb  iar_Stoulx.o [2]
__iar_Strchr             0x801'5501          Code  Gb  strchr.o [4]
__iar_dadd               0x801'1811          Code  Gb  DblSub.o [3]
__iar_data_init3         0x801'669d    0x28  Code  Gb  data_init.o [4]
__iar_dsub               0x801'0105          Code  Gb  DblAdd.o [3]
__iar_dsubStart          0x801'0117          Code  Gb  DblAdd.o [3]
__iar_fadd               0x801'18f1          Code  Gb  FltSub.o [3]
__iar_frexp              0x801'5565          Code  Gb  frexp.o [3]
__iar_frexp64            0x801'5559          Code  Gb  frexp.o [3]
__iar_frexpl             0x801'5565          Code  Gb  frexp.o [3]
__iar_fsub               0x801'4ab9          Code  Gb  FltAdd.o [3]
__iar_fsubStart          0x801'4ac9          Code  Gb  FltAdd.o [3]
__iar_globLocale        0x2000'04cc    0x48  Data  Lc  xlocale_c.o [2]
__iar_global_Locale      0x801'5485     0x4  Code  Gb  xlocale_c.o [2]
__iar_ldexp64            0x801'5629          Code  Gb  ldexp.o [3]
__iar_lz77_init_single3
                         0x801'6505    0x78  Code  Gb  lz77_init_single.o [4]
__iar_program_start      0x801'6869          Code  Gb  cstartup_M.o [4]
__iar_scalbln64          0x801'5629          Code  Gb  ldexp.o [3]
__iar_scalbn64           0x801'5629          Code  Gb  ldexp.o [3]
__iar_zero_init3         0x800'57ab    0x3a  Code  Gb  zero_init3.o [4]
__low_level_init         0x801'6743     0x4  Code  Gb  low_level_init.o [2]
__vector_table           0x800'2000          Data  Gb  startup_stm32f103xe.o [1]
_call_main               0x801'6731          Code  Gb  cmain.o [4]
_exit                    0x801'674d          Code  Gb  cexit.o [4]
_gLocale_mblen           0x801'54ed     0x4  Code  Gb  xlocale_c.o [2]
_gLocale_mblenInt        0x801'54b1    0x2c  Code  Gb  xlocale_c.o [2]
_gLocale_wctomb          0x801'54f1     0x4  Code  Gb  xlocale_c.o [2]
_gLocale_wctombInt       0x801'54e9     0x4  Code  Gb  xlocale_c.o [2]
_main                    0x801'673f          Code  Gb  cmain.o [4]
aAPBAHBPrescTable        0x801'6814    0x10  Data  Gb  stm32f1xx_hal_rcc.o [1]
abort                    0x801'599d     0x6  Code  Gb  abort.o [2]
ad_t_cnt                0x2000'0529     0x1  Data  Gb  timer.o [1]
adc_ctrl                 0x800'e77b    0x1a  Code  Gb  adc.o [1]
aging_mode              0x2000'1865     0x1  Data  Gb  sq.o [1]
air_temper              0x2000'17dc     0x4  Data  Gb  sys_func.o [1]
all_homeing              0x800'5957     0xe  Code  Gb  stepping_ctrl.o [1]
appCfg                  0x2000'170c     0xc  Data  Gb  eeprom_ctrl.o [1]
app_data_read            0x800'ec21    0x18  Code  Gb  eeprom_ctrl.o [1]
app_data_write           0x800'ec39    0x18  Code  Gb  eeprom_ctrl.o [1]
ascii2hex                0x800'd5c9    0x4e  Code  Gb  uart_pc.o [1]
asp                     0x2000'02b0    0x58  Data  Gb  sys_func.o [1]
asp_cnt                 0x2000'183b     0x1  Data  Gb  cntrl.o [1]
asp_eve_cnt             0x2000'183a     0x1  Data  Gb  cntrl.o [1]
asp_flg                 0x2000'184e     0x1  Data  Gb  cntrl.o [1]
asp_home_init            0x800'8485     0xe  Code  Gb  MG90_SERVOMOTOR.o [1]
asp_mt                  0x2000'0008    0x24  Data  Gb  MG90_SERVOMOTOR.o [1]
asp_re_cunt             0x2000'1845     0x1  Data  Gb  cntrl.o [1]
asp_roll_back           0x2000'0514     0x2  Data  Gb  cntrl.o [1]
asp_xaixs_init_pos      0x2000'1770     0x4  Data  Gb  cntrl.o [1]
atoi                     0x801'0e1d     0x2  Code  Gb  iar_Stoulx.o [2]
auto_cl                 0x2000'0428    0x60  Data  Gb  sys_func.o [1]
auto_cl_re_cunt         0x2000'1846     0x1  Data  Gb  cntrl.o [1]
auto_clean_eve_cnt      0x2000'1831     0x1  Data  Gb  cntrl.o [1]
auto_clean_repeat_flg   0x2000'1877     0x1  Data  Gb  sys_func.o [1]
auto_prime_flg          0x2000'1879     0x1  Data  Gb  sys_func.o [1]
barCfg                  0x2000'16c4     0xc  Data  Gb  eeprom_ctrl.o [1]
bar_data_checksum       0x2000'1794     0x4  Data  Gb  SE655_Barcode.o [1]
bar_indx_oper_flg       0x2000'185f     0x1  Data  Gb  SE655_Barcode.o [1]
bar_mem_init             0x800'9d8b    0x3a  Code  Gb  SE655_Barcode.o [1]
bar_param_read           0x800'eb5b    0x12  Code  Gb  eeprom_ctrl.o [1]
bar_param_write          0x800'eb6d    0x12  Code  Gb  eeprom_ctrl.o [1]
bar_pm                  0x2000'002c    0x14  Data  Gb  SE655_Barcode.o [1]
bar_pr                  0x2000'011c    0x5c  Data  Gb  sys_func.o [1]
bar_rack_num            0x2000'182a     0x1  Data  Gb  cntrl.o [1]
bar_scan_cnt            0x2000'182b     0x1  Data  Gb  cntrl.o [1]
barcode_data_send        0x800'9edb    0x1a  Code  Gb  SE655_Barcode.o [1]
barcode_off              0x800'a077    0x1a  Code  Gb  SE655_Barcode.o [1]
barcode_rx_data_buffer  0x2000'0e4c    0xc8  Data  Gb  SE655_Barcode.o [1]
barcode_triger           0x800'a051    0x26  Code  Gb  SE655_Barcode.o [1]
base_time               0x2000'17a8     0x4  Data  Gb  sq.o [1]
bath_xpos_temp          0x2000'178c     0x4  Data  Gb  MG90_SERVOMOTOR.o [1]
bath_ypos_temp          0x2000'17c4     0x4  Data  Gb  stepping_ctrl.o [1]
bath_zpos_temp          0x2000'17c8     0x4  Data  Gb  stepping_ctrl.o [1]
beep                     0x800'd3ff    0x18  Code  Gb  timer.o [1]
beep_cnt                0x2000'17ec     0x4  Data  Gb  timer.o [1]
beep_duty               0x2000'187d     0x1  Data  Gb  timer.o [1]
beep_en                 0x2000'187e     0x1  Data  Gb  timer.o [1]
beep_polling             0x800'd417    0x60  Code  Gb  timer.o [1]
beep_tick_cnt           0x2000'17e8     0x4  Data  Gb  timer.o [1]
br_chr                  0x2000'185c     0x1  Data  Gb  SE655_Barcode.o [1]
br_init_pram_ack_chek    0x800'9fd7    0x5e  Code  Gb  SE655_Barcode.o [1]
br_init_rs232_read       0x800'9f27    0x24  Code  Gb  SE655_Barcode.o [1]
br_pram_ack_cmp         0x2000'185b     0x1  Data  Gb  SE655_Barcode.o [1]
br_read_reflash          0x800'a035     0xa  Code  Gb  SE655_Barcode.o [1]
br_read_time             0x800'9f91    0x46  Code  Gb  SE655_Barcode.o [1]
br_rs232_read            0x800'9f4b    0x46  Code  Gb  SE655_Barcode.o [1]
br_state                0x2000'185a     0x1  Data  Gb  SE655_Barcode.o [1]
button_changed          0x2000'1855     0x1  Data  Gb  key_polling.o [1]
c3000_add_checksum       0x800'95fb    0x24  Code  Gb  C3000_SYRINGE.o [1]
call_com_timeout_cnt     0x800'd49b     0x6  Code  Gb  timer.o [1]
camCfg                  0x2000'16dc     0xc  Data  Gb  eeprom_ctrl.o [1]
cam_led                 0x2000'11a4    0x58  Data  Gb  cam_led.o [1]
cam_led_handle           0x800'7511     0x6  Code  Gb  cam_led.o [1]
cam_led_off              0x800'74c5    0x4c  Code  Gb  cam_led.o [1]
cam_led_on               0x800'73fb    0x6a  Code  Gb  cam_led.o [1]
cam_led_set              0x800'7465    0x60  Code  Gb  cam_led.o [1]
cam_led_spi_init         0x800'73a9    0x4a  Code  Gb  cam_led.o [1]
cam_mem_init             0x800'73f3     0x8  Code  Gb  cam_led.o [1]
cam_param_read           0x800'eba3    0x12  Code  Gb  eeprom_ctrl.o [1]
cam_param_write          0x800'ebb5    0x12  Code  Gb  eeprom_ctrl.o [1]
cam_pram                0x2000'1648    0x10  Data  Gb  cam_led.o [1]
cam_strip_pcak_cnt      0x2000'1764     0x4  Data  Gb  cam_led.o [1]
cam_strip_pcak_gap      0x2000'1768     0x4  Data  Gb  cam_led.o [1]
cam_strip_wd            0x2000'176c     0x4  Data  Gb  cam_led.o [1]
channel                 0x2000'09ec   0x258  Data  Gb  timer.o [1]
channels                 0x801'0bb2     0x1  Data  Lc  timer.o [1]
chatter_cycles          0x2000'181a     0x2  Data  Gb  key_polling.o [1]
cll_state               0x2000'183d     0x1  Data  Gb  cntrl.o [1]
clld_indx               0x2000'1812     0x2  Data  Gb  hlld.o [1]
clld_speed_probz        0x2000'1780     0x4  Data  Gb  cntrl.o [1]
clld_vol                0x2000'1774     0x4  Data  Gb  cntrl.o [1]
com_time_out_set         0x800'd477    0x24  Code  Gb  timer.o [1]
com_timeout_cnt         0x2000'052a     0x1  Data  Gb  timer.o [1]
com_tm_out_enable       0x2000'187a     0x1  Data  Gb  timer.o [1]
dSPIN_Busy_HW            0x800'e4f9    0x18  Code  Gb  17HS3410_Dspin.o [1]
dSPIN_Delay              0x800'e349    0x14  Code  Gb  17HS3410_Dspin.o [1]
dSPIN_Go_To              0x800'e4c7    0x28  Code  Gb  17HS3410_Dspin.o [1]
dSPIN_Hard_Stop          0x800'e4ef     0xa  Code  Gb  17HS3410_Dspin.o [1]
dSPIN_Registers_Set      0x800'e381    0xc6  Code  Gb  17HS3410_Dspin.o [1]
dSPIN_RegsStruct        0x2000'15a0    0x30  Data  Gb  shake.o [1]
dSPIN_Reset_And_Standby
                         0x800'e35d    0x24  Code  Gb  17HS3410_Dspin.o [1]
dSPIN_Run                0x800'e499    0x2e  Code  Gb  17HS3410_Dspin.o [1]
dSPIN_Set_Param          0x800'e447    0x52  Code  Gb  17HS3410_Dspin.o [1]
dSPIN_Write_Byte         0x800'e511    0x60  Code  Gb  17HS3410_Dspin.o [1]
dbg_serial               0x800'd617    0x38  Code  Gb  uart_pc.o [1]
debug_serial_mode       0x2000'1880     0x1  Data  Gb  uart_pc.o [1]
dev_cfg_ctrl             0x800'd64f   0x10a  Code  Gb  uart_pc.o [1]
di_asp_onplus_flag      0x2000'1843     0x1  Data  Gb  cntrl.o [1]
diasp                   0x2000'0240    0x70  Data  Gb  sys_func.o [1]
diasp_cnt               0x2000'1839     0x1  Data  Gb  cntrl.o [1]
diasp_cnt_even          0x2000'1848     0x1  Data  Gb  cntrl.o [1]
diasp_cnt_offset        0x2000'1844     0x1  Data  Gb  cntrl.o [1]
diasp_eve_cnt           0x2000'1837     0x1  Data  Gb  cntrl.o [1]
diasp_eve_cnt2          0x2000'180c     0x2  Data  Gb  cntrl.o [1]
diasp_xaixs_wide_offset
                        0x2000'1838     0x1  Data  Gb  cntrl.o [1]
digits                   0x801'6674    0x28  Data  Lc  iar_Stoulx.o [2]
disasp_pack_cnt         0x2000'1847     0x1  Data  Gb  cntrl.o [1]
disp_cnt                0x2000'1836     0x1  Data  Gb  cntrl.o [1]
disp_eve_cnt            0x2000'1833     0x1  Data  Gb  cntrl.o [1]
disp_sgl                0x2000'01d4    0x6c  Data  Gb  sys_func.o [1]
disp_xaixs_wide_offset  0x2000'1835     0x1  Data  Gb  cntrl.o [1]
disp_yaixs_wide_offset  0x2000'1834     0x1  Data  Gb  cntrl.o [1]
door_button_changed     0x2000'1856     0x1  Data  Gb  key_polling.o [1]
door_chatter_cycles     0x2000'181c     0x2  Data  Gb  key_polling.o [1]
door_port               0x2000'051a     0x2  Data  Gb  key_polling.o [1]
door_port_prev          0x2000'0518     0x2  Data  Gb  key_polling.o [1]
door_sen_flg            0x2000'1857     0x1  Data  Gb  key_polling.o [1]
door_sensor              0x801'0c31    0x80  Code  Gb  key_polling.o [1]
dry                     0x2000'17d4     0x4  Data  Gb  sys_func.o [1]
dry_cnt                 0x2000'1841     0x1  Data  Gb  cntrl.o [1]
dwFpAT24xx_delay_ms      0x801'68cc     0x4  Data  Gb  hsAT24_EEPROM.o [1]
dwHsSW_Delay_ms          0x800'eced    0x22  Code  Gb  hs_Common_Utill.o [1]
dwPC_To_Dev_PacketExec   0x800'db79   0x12a  Code  Gb  uart_pc.o [1]
dwUseDevToPCPutQue      0x2000'17f8     0x4  Data  Gb  uart_pc.o [1]
dw_prime_vol            0x2000'17b4     0x4  Data  Gb  sq.o [1]
edbmt_cmd_send           0x800'7079   0x178  Code  Gb  stepping_ctrl.o [1]
eeprom_init              0x800'e925   0x16a  Code  Gb  eeprom_ctrl.o [1]
err_cnt                 0x2000'051d     0x1  Data  Gb  error.o [1]
err_enable              0x2000'1850     0x1  Data  Gb  error.o [1]
err_tmout_cnt            0x800'7939    0x2c  Code  Gb  error.o [1]
err_tmout_cnt_set        0x800'797b    0x16  Code  Gb  error.o [1]
err_tmout_en             0x800'7933     0x6  Code  Gb  error.o [1]
err_tmout_set            0x800'7965    0x16  Code  Gb  error.o [1]
error                    0x800'78e9    0x4a  Code  Gb  error.o [1]
error_state             0x2000'1810     0x2  Data  Gb  error.o [1]
errs                    0x2000'1851     0x1  Data  Gb  error.o [1]
event_cmd               0x2000'1822     0x2  Data  Gb  uart_pc.o [1]
events                  0x2000'113c    0x68  Data  Gb  event.o [1]
execute_barcode_ctrl     0x800'a091   0x3e4  Code  Gb  SE655_Barcode.o [1]
execute_cam_ctrl         0x800'7593   0x25a  Code  Gb  cam_led.o [1]
execute_hlld_ctrl        0x800'a9d7     0xe  Code  Gb  hlld.o [1]
execute_main_ctrl        0x800'2131  0x3614  Code  Gb  cntrl.o [1]
execute_pump_ctrl        0x800'8ab1   0x74a  Code  Gb  pump.o [1]
execute_servo_ctrl       0x800'8493   0x422  Code  Gb  MG90_SERVOMOTOR.o [1]
execute_shake_ctrl       0x800'7c6d   0x6dc  Code  Gb  shake.o [1]
execute_shake_ctrl::angle_flg
                        0x2000'1861     0x1  Data  Lc  shake.o [1]
execute_stepping_ctrl    0x800'5cd5  0x1250  Code  Gb  stepping_ctrl.o [1]
execute_syringe_ctrl     0x800'9b25   0x1b8  Code  Gb  C3000_SYRINGE.o [1]
execute_sys_ctrl         0x801'59bd   0x68c  Code  Gb  sys_func.o [1]
exit                     0x801'6747     0x4  Code  Gb  exit.o [2]
frexp                    0x801'5559          Code  Gb  frexp.o [3]
frexpl                   0x801'5559          Code  Gb  frexp.o [3]
full_pr                 0x2000'186b     0x1  Data  Gb  sq.o [1]
full_pr_cnt             0x2000'186d     0x1  Data  Gb  sq.o [1]
full_step               0x2000'186a     0x1  Data  Gb  sq.o [1]
full_step_cnt           0x2000'186c     0x1  Data  Gb  sq.o [1]
full_total_strip        0x2000'186f     0x1  Data  Gb  sq.o [1]
g_dwDEV_TO_SND_TX_BUSY_Check
                        0x2000'17fc     0x4  Data  Gb  uart_pc.o [1]
g_tDevToPC_QueHandle    0x2000'0c44   0x208  Data  Gb  uart_pc.o [1]
g_tEDB_Que_Handle       0x2000'10d0    0x6c  Data  Gb  stepping_ctrl.o [1]
g_tErr_QueHandle        0x2000'1620    0x14  Data  Gb  error.o [1]
g_tPC_ToDev_QueHandle   0x2000'1254    0x48  Data  Gb  uart_pc.o [1]
g_tPC_To_DevCOMHandle   0x2000'1608    0x18  Data  Gb  uart_pc.o [1]
g_tSubRun_hLLD_Data     0x2000'1738     0x8  Data  Gb  hlld.o [1]
g_tUART5_Que_Handle     0x2000'1418    0x3c  Data  Gb  hs_Common_Utill.o [1]
g_uDevToPCSendBuffer    0x2000'0fd8    0x80  Data  Gb  uart_pc.o [1]
get_event                0x800'78a7    0x3c  Code  Gb  event.o [1]
give_event               0x800'7835    0x72  Code  Gb  event.o [1]
gp_tStatus              0x2000'17cc     0x4  Data  Gb  stepping_ctrl.o [1]
hWORK_TIM_Handle        0x2000'14cc    0x3c  Data  Gb  timer.o [1]
hadc2                   0x2000'1570    0x30  Data  Gb  main.o [1]
hadc3                   0x2000'1540    0x30  Data  Gb  adc.o [1]
hdma_usart1_tx          0x2000'1508    0x38  Data  Gb  stm32f1xx_hal_msp.o [1]
heat_pad_en             0x2000'1825     0x1  Data  Gb  adc.o [1]
hex2ascii                0x800'a4d1    0x16  Code  Gb  hlld.o [1]
hi2c1                   0x2000'1454    0x3c  Data  Gb  hsAT24_EEPROM.o [1]
hlldCfg                 0x2000'16d0     0xc  Data  Gb  eeprom_ctrl.o [1]
hlld_mem_init            0x800'a4c9     0x8  Code  Gb  hlld.o [1]
hlld_param_read          0x800'eb7f    0x12  Code  Gb  eeprom_ctrl.o [1]
hlld_param_write         0x800'eb91    0x12  Code  Gb  eeprom_ctrl.o [1]
hlld_send_pack           0x800'a4e7    0x20  Code  Gb  hlld.o [1]
home_flag               0x2000'183e     0x1  Data  Gb  cntrl.o [1]
hsAT24xx_Config          0x801'1a79    0x14  Code  Gb  hsAT24_EEPROM.o [1]
hsAT24xx_Read            0x801'1b99    0x5e  Code  Gb  hsAT24_EEPROM.o [1]
hsAT24xx_Write           0x801'1a8d   0x10c  Code  Gb  hsAT24_EEPROM.o [1]
hsCommunication_hLLD_Handle
                         0x800'a507   0x230  Code  Gb  hlld.o [1]
hsDevToPC_DataSendQueHandle
                         0x800'd817    0xfe  Code  Gb  uart_pc.o [1]
hsDevToPC_ErrHandle      0x800'd94d    0x42  Code  Gb  uart_pc.o [1]
hsDevToPC_GetQue         0x800'd7ab    0x28  Code  Gb  uart_pc.o [1]
hsDevToPC_NoConvertSendQueHandle
                         0x800'd917    0x36  Code  Gb  uart_pc.o [1]
hsDevToPC_PacketSendHandle
                         0x800'd995    0x42  Code  Gb  uart_pc.o [1]
hsDevToPC_PutQue         0x800'd787    0x24  Code  Gb  uart_pc.o [1]
hsDevToPC_QueUseCheck    0x800'd7d3     0x8  Code  Gb  uart_pc.o [1]
hsErr_GetQue             0x800'79bd    0x30  Code  Gb  error.o [1]
hsErr_PutQue             0x800'7991    0x2c  Code  Gb  error.o [1]
hsExec_hLLD_CTRL         0x800'a9e5   0x838  Code  Gb  hlld.o [1]
hsGet_hLLD_ReceivDataExec
                         0x800'a897   0x140  Code  Gb  hlld.o [1]
hsGet_hLLD_ReceivPacketHandle
                         0x800'a737   0x160  Code  Gb  hlld.o [1]
hsPC_ToDev_GetQue        0x800'da09    0x26  Code  Gb  uart_pc.o [1]
hsPC_ToDev_PutQue        0x800'd9e7    0x22  Code  Gb  uart_pc.o [1]
hsPC_ToDev_QueHaveDataSize
                         0x800'da2f    0x2e  Code  Gb  uart_pc.o [1]
hsPC_To_DevRxPacket_Handle
                         0x800'da5d   0x11c  Code  Gb  uart_pc.o [1]
hsPump_COM_PacketGeneration
                         0x800'931d    0xac  Code  Gb  pump.o [1]
hsPump_COM_ReceivPacketHandle
                         0x800'93c9    0xe8  Code  Gb  pump.o [1]
hsPump_Communication_Handle
                         0x800'921b   0x102  Code  Gb  pump.o [1]
hspi                    0x2000'1748     0x4  Data  Gb  17HS3410_Dspin.o [1]
hspi1                   0x2000'11fc    0x58  Data  Gb  shake.o [1]
hspi_cam                0x2000'1760     0x4  Data  Gb  cam_led.o [1]
htim4                   0x2000'1490    0x3c  Data  Gb  MG90_SERVOMOTOR.o [1]
huart1                  0x2000'139c    0x40  Data  Gb  uart_pc.o [1]
huart2                  0x2000'131c    0x40  Data  Gb  SE655_Barcode.o [1]
huart3                  0x2000'129c    0x40  Data  Gb  C3000_SYRINGE.o [1]
huart4                  0x2000'135c    0x40  Data  Gb  stepping.o [1]
huart5                  0x2000'12dc    0x40  Data  Gb  pump.o [1]
index                   0x2000'185e     0x1  Data  Gb  SE655_Barcode.o [1]
init_clld_vol           0x2000'1788     0x4  Data  Gb  hlld.o [1]
init_event               0x800'781d    0x18  Code  Gb  event.o [1]
init_index              0x2000'185d     0x1  Data  Gb  SE655_Barcode.o [1]
isspace                  0x801'47b3    0x14  Code  Gb  isspace.o [2]
jude_cnt                0x2000'1840     0x1  Data  Gb  cntrl.o [1]
ldexp                    0x801'5629          Code  Gb  ldexp.o [3]
ldexpl                   0x801'5629          Code  Gb  ldexp.o [3]
led_write_Byte           0x800'7517    0x7c  Code  Gb  cam_led.o [1]
lld_com_timeout_cnt      0x800'd4a1     0x6  Code  Gb  timer.o [1]
lld_fc                  0x2000'1852     0x1  Data  Gb  hlld.o [1]
lld_repeat_en            0x800'd4a7     0xc  Code  Gb  timer.o [1]
lld_retry               0x2000'1842     0x1  Data  Gb  cntrl.o [1]
lld_timeout_cnt         0x2000'052b     0x1  Data  Gb  timer.o [1]
lld_tm_out_enable       0x2000'187b     0x1  Data  Gb  timer.o [1]
localeconv               0x801'54f5     0x4  Code  Gb  xlocale_c.o [2]
main                     0x801'6049   0x17c  Code  Gb  main.o [1]
manual_check_state      0x2000'1863     0x1  Data  Gb  sq.o [1]
memchr                   0x801'47dd          Code  Gb  memchr.o [4]
merge_32bit              0x800'd759    0x18  Code  Gb  uart_pc.o [1]
mt_chr                  0x2000'1874     0x1  Data  Gb  stepping.o [1]
mt_xstate               0x2000'0523     0x1  Data  Gb  stepping_ctrl.o [1]
mt_ystate               0x2000'0524     0x1  Data  Gb  stepping_ctrl.o [1]
mt_zstate               0x2000'0525     0x1  Data  Gb  stepping_ctrl.o [1]
ndigs                    0x801'664c    0x28  Data  Lc  iar_Stoulx.o [2]
new_pump_go             0x2000'1634    0x14  Data  Gb  pump.o [1]
odd_flg                 0x2000'184d     0x1  Data  Gb  cntrl.o [1]
only_washing_flg        0x2000'1876     0x1  Data  Gb  sys_func.o [1]
p_max                   0x2000'180a     0x2  Data  Gb  cntrl.o [1]
p_min                   0x2000'1808     0x2  Data  Gb  cntrl.o [1]
pause_eve               0x2000'1820     0x2  Data  Gb  timer.o [1]
pause_time              0x2000'17e4     0x4  Data  Gb  timer.o [1]
pc_chr                  0x2000'187f     0x1  Data  Gb  uart_pc.o [1]
pc_send_pack             0x800'd7ef    0x14  Code  Gb  uart_pc.o [1]
penel_sel               0x2000'1862     0x1  Data  Gb  sq.o [1]
plld_index              0x2000'1816     0x2  Data  Gb  hlld.o [1]
plld_qc                 0x2000'1854     0x1  Data  Gb  hlld.o [1]
pm_pram                 0x2000'1058    0x78  Data  Gb  pump.o [1]
pm_state                0x2000'0520     0x1  Data  Gb  pump.o [1]
pnt                     0x2000'17f4     0x4  Data  Gb  uart_pc.o [1]
port                    0x2000'0516     0x2  Data  Gb  key_polling.o [1]
port_prev               0x2000'1818     0x2  Data  Gb  key_polling.o [1]
pr_cnt                  0x2000'1868     0x1  Data  Gb  sq.o [1]
pr_incubation_time       0x800'cc2d    0x52  Code  Gb  sq.o [1]
pr_step_cnt             0x2000'1869     0x1  Data  Gb  sq.o [1]
pr_time_cal              0x800'ccf1   0x37e  Code  Gb  sq.o [1]
pr_time_min             0x2000'17a0     0x4  Data  Gb  sq.o [1]
pr_time_sec             0x2000'17a4     0x4  Data  Gb  sq.o [1]
press_sens_flg          0x2000'184f     0x1  Data  Gb  cntrl.o [1]
prime                   0x2000'0178    0x5c  Data  Gb  sys_func.o [1]
prime_eve_cnt           0x2000'182f     0x1  Data  Gb  cntrl.o [1]
prob_disp_cnt           0x2000'182e     0x1  Data  Gb  cntrl.o [1]
probe_disp              0x2000'0308    0x58  Data  Gb  sys_func.o [1]
probe_disp_enable       0x2000'1878     0x1  Data  Gb  sys_func.o [1]
probe_disp_eve_cnt      0x2000'1832     0x1  Data  Gb  cntrl.o [1]
pumpCfg                 0x2000'16ac     0xc  Data  Gb  eeprom_ctrl.o [1]
pump_mem_init            0x800'898b     0x8  Code  Gb  pump.o [1]
pump_param_read          0x800'eb13    0x12  Code  Gb  eeprom_ctrl.o [1]
pump_param_write         0x800'eb25    0x12  Code  Gb  eeprom_ctrl.o [1]
pump_reset_flag         0x2000'1859     0x1  Data  Gb  pump.o [1]
qc_dry_time             0x2000'17d8     0x4  Data  Gb  sys_func.o [1]
qc_etc_asp              0x2000'1790     0x4  Data  Gb  MG90_SERVOMOTOR.o [1]
ra                      0x2000'051f     0x1  Data  Gb  hlld.o [1]
rb                      0x2000'051e     0x1  Data  Gb  hlld.o [1]
rbk_pump_num            0x2000'17ac     0x4  Data  Gb  sq.o [1]
rbk_time                0x2000'17b0     0x4  Data  Gb  sq.o [1]
read_time               0x2000'0040     0x4  Data  Gb  SE655_Barcode.o [1]
rollback_flag           0x2000'0521     0x1  Data  Gb  sq.o [1]
run_time_cnt            0x2000'1798     0x4  Data  Gb  shake.o [1]
sConfig                 0x2000'1658     0xc  Data  Gb  adc.o [1]
sConfigOC               0x2000'15ec    0x1c  Data  Gb  MG90_SERVOMOTOR.o [1]
sakeCfg                 0x2000'1694     0xc  Data  Gb  eeprom_ctrl.o [1]
scalbln                  0x801'5629          Code  Gb  ldexp.o [3]
scalblnl                 0x801'5629          Code  Gb  ldexp.o [3]
scalbn                   0x801'5629          Code  Gb  ldexp.o [3]
scalbnl                  0x801'5629          Code  Gb  ldexp.o [3]
scale                    0x801'4709    0x46  Code  Lc  xprintffull.o [2]
se655_send_data          0x800'9d39    0x52  Code  Gb  SE655_Barcode.o [1]
sec_hand                0x2000'1800     0x4  Data  Lc  xfail_s.o [2]
send_test                0x800'd803    0x14  Code  Gb  uart_pc.o [1]
servoCfg                0x2000'16a0     0xc  Data  Gb  eeprom_ctrl.o [1]
servoCfg2               0x2000'16f4     0xc  Data  Gb  eeprom_ctrl.o [1]
servo_mem_init           0x800'83f5    0x52  Code  Gb  MG90_SERVOMOTOR.o [1]
servo_mv                 0x800'8447    0x3e  Code  Gb  MG90_SERVOMOTOR.o [1]
servo_param_read2        0x800'ebeb    0x12  Code  Gb  eeprom_ctrl.o [1]
servo_param_write2       0x800'ebfd    0x12  Code  Gb  eeprom_ctrl.o [1]
set_spi_handle           0x800'e341     0x8  Code  Gb  17HS3410_Dspin.o [1]
set_timer_               0x800'd31b    0x16  Code  Gb  timer.o [1]
set_timer_pause          0x800'd331    0x26  Code  Gb  timer.o [1]
shakCfg2                0x2000'1718     0xc  Data  Gb  eeprom_ctrl.o [1]
shake_home               0x800'7bf1    0x38  Code  Gb  shake.o [1]
shake_mem_init           0x800'7aef    0x66  Code  Gb  shake.o [1]
shake_run                0x800'7c29    0x44  Code  Gb  shake.o [1]
shake_speed_set          0x800'7b55    0x9c  Code  Gb  shake.o [1]
shaker_Init              0x800'7a63    0x8c  Code  Gb  shake.o [1]
shaker_spi_handle        0x800'7a57     0xc  Code  Gb  shake.o [1]
shk_param_read           0x800'eaf3    0x10  Code  Gb  eeprom_ctrl.o [1]
shk_param_write          0x800'eb03    0x10  Code  Gb  eeprom_ctrl.o [1]
shk_pram                0x2000'0044    0x24  Data  Gb  shake.o [1]
shker_parm_temp         0x2000'179c     0x4  Data  Gb  shake.o [1]
sk_state                0x2000'1860     0x1  Data  Gb  shake.o [1]
slope_vol               0x2000'1804     0x2  Data  Gb  cntrl.o [1]
smp_pram                0x2000'15d0    0x1c  Data  Gb  hlld.o [1]
smp_prime_dw_check_cnt  0x2000'184b     0x1  Data  Gb  cntrl.o [1]
smp_prime_dw_check_flg  0x2000'184a     0x1  Data  Gb  cntrl.o [1]
smp_prime_eve_cnt       0x2000'1830     0x1  Data  Gb  cntrl.o [1]
smp_prime_oper_flg      0x2000'184c     0x1  Data  Gb  cntrl.o [1]
smp_prime_pm_ch         0x2000'1806     0x2  Data  Gb  cntrl.o [1]
smp_prime_press_chek_flg
                        0x2000'1849     0x1  Data  Gb  cntrl.o [1]
smp_prime_pvol          0x2000'1784     0x4  Data  Gb  cntrl.o [1]
smp_retime_pr_cnt       0x2000'186e     0x1  Data  Gb  sq.o [1]
smp_reult_bit           0x2000'1740     0x8  Data  Gb  sq.o [1]
smp_strip               0x2000'0f14    0xc4  Data  Gb  sq.o [1]
smp_strp_mach_cnt       0x2000'1870     0x1  Data  Gb  sq.o [1]
smpl_pr                 0x2000'0360    0x60  Data  Gb  sys_func.o [1]
smpl_prime              0x2000'03c0    0x68  Data  Gb  sys_func.o [1]
smple_ev_cnt            0x2000'182c     0x1  Data  Gb  cntrl.o [1]
smple_rack_cnt          0x2000'182d     0x1  Data  Gb  cntrl.o [1]
sort_8bit                0x800'd771    0x16  Code  Gb  uart_pc.o [1]
sprintf                  0x801'0b3d    0x40  Code  Gb  sprintf.o [2]
sq                      0x2000'0530   0x4bc  Data  Gb  sq.o [1]
sqCfg                   0x2000'16e8     0xc  Data  Gb  eeprom_ctrl.o [1]
sq_ctrl                  0x800'b29d  0x18fc  Code  Gb  sq.o [1]
sq_mem_init              0x800'b295     0x8  Code  Gb  sq.o [1]
sq_read                  0x800'ebc7    0x12  Code  Gb  eeprom_ctrl.o [1]
sq_retry_count          0x2000'180e     0x2  Data  Gb  cntrl.o [1]
sq_smp_strp_mach_cnt    0x2000'1871     0x1  Data  Gb  sq.o [1]
sq_start_dw_washing_flg
                        0x2000'1873     0x1  Data  Gb  sq.o [1]
sq_strp_mach            0x2000'1872     0x1  Data  Gb  sq.o [1]
sq_write                 0x800'ebd9    0x12  Code  Gb  eeprom_ctrl.o [1]
state                   0x2000'051c     0x1  Data  Gb  cntrl.o [1]
state_led_init           0x800'd079    0x42  Code  Gb  sq.o [1]
state_time_min          0x2000'0522     0x1  Data  Gb  sq.o [1]
step_cnt                0x2000'1867     0x1  Data  Gb  sq.o [1]
step_time_cal            0x800'cc89    0x4a  Code  Gb  sq.o [1]
stm_memory_init          0x800'5815   0x142  Code  Gb  stepping_ctrl.o [1]
stmt_abs_home_move       0x800'5b09    0x98  Code  Gb  stepping_ctrl.o [1]
stmt_abs_move            0x800'5a15    0xf4  Code  Gb  stepping_ctrl.o [1]
stmt_speed_set           0x800'59c5    0x50  Code  Gb  stepping_ctrl.o [1]
strchr                   0x801'5501          Code  Gb  strchr.o [4]
strip_num_shake_time     0x800'cbc5    0x60  Code  Gb  sq.o [1]
strip_pcak_cnt          0x2000'1778     0x4  Data  Gb  cntrl.o [1]
strip_pcak_gap          0x2000'177c     0x4  Data  Gb  cntrl.o [1]
strlen                   0x801'0b7d          Code  Gb  strlen.o [4]
sws_arry                0x2000'1724     0xc  Data  Gb  hlld.o [1]
sws_sum                 0x2000'1814     0x2  Data  Gb  hlld.o [1]
sy_Check                0x2000'175c     0x4  Data  Gb  C3000_SYRINGE.o [1]
sy_com_timeout_cnt       0x800'd4b3     0x6  Code  Gb  timer.o [1]
sy_flag                 0x2000'1826     0x1  Data  Gb  C3000_SYRINGE.o [1]
sy_repeat_en             0x800'd4b9     0xc  Code  Gb  timer.o [1]
sy_state                0x2000'1827     0x1  Data  Gb  C3000_SYRINGE.o [1]
sy_timeout_cnt          0x2000'052c     0x1  Data  Gb  timer.o [1]
sy_tm_out_enable        0x2000'187c     0x1  Data  Gb  timer.o [1]
syg_add_sel             0x2000'183f     0x1  Data  Gb  cntrl.o [1]
syg_prime_oper_cnt      0x2000'183c     0x1  Data  Gb  cntrl.o [1]
sygeCfg                 0x2000'16b8     0xc  Data  Gb  eeprom_ctrl.o [1]
syge_init                0x800'964d    0x2a  Code  Gb  C3000_SYRINGE.o [1]
syge_mem_init            0x800'961f    0x2e  Code  Gb  C3000_SYRINGE.o [1]
syge_param_read          0x800'eb37    0x12  Code  Gb  eeprom_ctrl.o [1]
syge_param_write         0x800'eb49    0x12  Code  Gb  eeprom_ctrl.o [1]
syrg_pram               0x2000'1664     0xc  Data  Gb  C3000_SYRINGE.o [1]
syringe_chr             0x2000'1828     0x1  Data  Gb  C3000_SYRINGE.o [1]
syringe_escap           0x2000'1829     0x1  Data  Gb  C3000_SYRINGE.o [1]
tempCfg                 0x2000'1700     0xc  Data  Gb  eeprom_ctrl.o [1]
temp_param_write         0x800'ec0f    0x12  Code  Gb  eeprom_ctrl.o [1]
thermistor1_adc_temp_num
                        0x2000'1824     0x1  Data  Gb  adc.o [1]
thermistor1_temp_average
                        0x2000'174c     0x4  Data  Gb  adc.o [1]
thermistor1_temp_sum    0x2000'1750     0x4  Data  Gb  adc.o [1]
thermistor1_temp_vol    0x2000'1754     0x4  Data  Gb  adc.o [1]
timer                   0x2000'048c     0x4  Data  Gb  timer.o [1]
timer1                  0x2000'0490     0x4  Data  Gb  timer.o [1]
timer_eve                0x800'd16d    0x9a  Code  Gb  timer.o [1]
timer_mk_int             0x800'd149    0x24  Code  Gb  timer.o [1]
timer_ticks             0x2000'181e     0x2  Data  Gb  timer.o [1]
tm_add                   0x800'd2ab    0x5a  Code  Gb  timer.o [1]
tm_execute               0x800'd207    0xa4  Code  Gb  timer.o [1]
tm_init                  0x800'd305    0x16  Code  Gb  timer.o [1]
tmp                     0x2000'1730     0x8  Data  Gb  adc.o [1]
tolower                  0x801'47c7    0x14  Code  Gb  tolower.o [2]
total_step              0x2000'1866     0x1  Data  Gb  sq.o [1]
uCRCErrorWorkaroundCheck
                        0x2000'1875     0x1  Data  Gb  stm32f1xx_hal_spi_ex.o [1]
uart5_chr               0x2000'1858     0x1  Data  Gb  pump.o [1]
usb_data_buf            0x2000'17f0     0x4  Data  Gb  uart_pc.o [1]
usb_send_pack            0x800'd7db    0x14  Code  Gb  uart_pc.o [1]
uwTick                  0x2000'17d0     0x4  Data  Lc  stm32f1xx_hal.o [1]
ver_pnt                 0x2000'17e0     0x4  Data  Gb  sys_func.o [1]
water_level_sensor       0x801'0bb5    0x7c  Code  Gb  key_polling.o [1]
x_homeing                0x800'5965    0x20  Code  Gb  stepping_ctrl.o [1]
x_pram_set               0x800'5ba1    0x52  Code  Gb  stepping_ctrl.o [1]
x_prev_value            0x2000'17b8     0x4  Data  Gb  stepping_ctrl.o [1]
x_reach_pos             0x2000'0526     0x1  Data  Gb  stepping_ctrl.o [1]
xmtCfg                  0x2000'1670     0xc  Data  Gb  eeprom_ctrl.o [1]
xmt_ctrl                0x2000'0068    0x3c  Data  Gb  stepping_ctrl.o [1]
xmt_param_read           0x800'ea8f    0x10  Code  Gb  eeprom_ctrl.o [1]
xmt_param_write          0x800'ea9f    0x10  Code  Gb  eeprom_ctrl.o [1]
y_homeing                0x800'5985    0x20  Code  Gb  stepping_ctrl.o [1]
y_pram_set               0x800'5bf3    0x48  Code  Gb  stepping_ctrl.o [1]
y_prev_value            0x2000'17bc     0x4  Data  Gb  stepping_ctrl.o [1]
y_reach_pos             0x2000'0527     0x1  Data  Gb  stepping_ctrl.o [1]
ymtCfg                  0x2000'167c     0xc  Data  Gb  eeprom_ctrl.o [1]
ymt_ctrl                0x2000'00a4    0x3c  Data  Gb  stepping_ctrl.o [1]
ymt_param_read           0x800'eaaf    0x10  Code  Gb  eeprom_ctrl.o [1]
ymt_param_write          0x800'eabf    0x10  Code  Gb  eeprom_ctrl.o [1]
z_homeing                0x800'59a5    0x20  Code  Gb  stepping_ctrl.o [1]
z_pram_set               0x800'5c3b    0x48  Code  Gb  stepping_ctrl.o [1]
z_prev_value            0x2000'17c0     0x4  Data  Gb  stepping_ctrl.o [1]
z_reach_pos             0x2000'0528     0x1  Data  Gb  stepping_ctrl.o [1]
zmtCfg                  0x2000'1688     0xc  Data  Gb  eeprom_ctrl.o [1]
zmt_ctrl                0x2000'00e0    0x3c  Data  Gb  stepping_ctrl.o [1]
zmt_param_read           0x800'eacf    0x12  Code  Gb  eeprom_ctrl.o [1]
zmt_param_write          0x800'eae1    0x12  Code  Gb  eeprom_ctrl.o [1]


[1] = D:\Github\sb3\S-Blot-3_Ereatec_queueEdit\EWARM\KBlot_supreme_I\Obj
[2] = dl7M_tlf.a
[3] = m7M_tl.a
[4] = rt7M_tl.a
[5] = shb_l.a

  83'868 bytes of readonly  code memory
   1'096 bytes of readonly  data memory
  10'366 bytes of readwrite data memory

Errors: none
Warnings: none
