###############################################################################
#
# IAR ELF Linker V8.50.4.261/W32 for ARM                  04/Aug/2025  13:39:55
# Copyright 2007-2020 IAR Systems AB.
#
#    Output file  =
#        D:\Github\sb3\S-Blot-3_queue_edit\EWARM\KBlot_supreme_I\Exe\KBlot_supreme_I.out
#    Map file     =
#        D:\Github\sb3\S-Blot-3_queue_edit\EWARM\KBlot_supreme_I\List\KBlot_supreme_I.map
#    Command line =
#        -f C:\Users\ms001\AppData\Local\Temp\EW6044.tmp
#        (D:\Github\sb3\S-Blot-3_queue_edit\EWARM\KBlot_supreme_I\Obj\17HS3410_Dspin.o
#        D:\Github\sb3\S-Blot-3_queue_edit\EWARM\KBlot_supreme_I\Obj\adc.o
#        D:\Github\sb3\S-Blot-3_queue_edit\EWARM\KBlot_supreme_I\Obj\C3000_SYRINGE.o
#        D:\Github\sb3\S-Blot-3_queue_edit\EWARM\KBlot_supreme_I\Obj\cam_led.o
#        D:\Github\sb3\S-Blot-3_queue_edit\EWARM\KBlot_supreme_I\Obj\cntrl.o
#        D:\Github\sb3\S-Blot-3_queue_edit\EWARM\KBlot_supreme_I\Obj\eeprom_ctrl.o
#        D:\Github\sb3\S-Blot-3_queue_edit\EWARM\KBlot_supreme_I\Obj\error.o
#        D:\Github\sb3\S-Blot-3_queue_edit\EWARM\KBlot_supreme_I\Obj\event.o
#        D:\Github\sb3\S-Blot-3_queue_edit\EWARM\KBlot_supreme_I\Obj\hlld.o
#        D:\Github\sb3\S-Blot-3_queue_edit\EWARM\KBlot_supreme_I\Obj\hs_Common_Utill.o
#        D:\Github\sb3\S-Blot-3_queue_edit\EWARM\KBlot_supreme_I\Obj\hsAT24_EEPROM.o
#        D:\Github\sb3\S-Blot-3_queue_edit\EWARM\KBlot_supreme_I\Obj\key_polling.o
#        D:\Github\sb3\S-Blot-3_queue_edit\EWARM\KBlot_supreme_I\Obj\main.o
#        D:\Github\sb3\S-Blot-3_queue_edit\EWARM\KBlot_supreme_I\Obj\Max5500.o
#        D:\Github\sb3\S-Blot-3_queue_edit\EWARM\KBlot_supreme_I\Obj\MG90_SERVOMOTOR.o
#        D:\Github\sb3\S-Blot-3_queue_edit\EWARM\KBlot_supreme_I\Obj\pump.o
#        D:\Github\sb3\S-Blot-3_queue_edit\EWARM\KBlot_supreme_I\Obj\SE655_Barcode.o
#        D:\Github\sb3\S-Blot-3_queue_edit\EWARM\KBlot_supreme_I\Obj\shake.o
#        D:\Github\sb3\S-Blot-3_queue_edit\EWARM\KBlot_supreme_I\Obj\sq.o
#        D:\Github\sb3\S-Blot-3_queue_edit\EWARM\KBlot_supreme_I\Obj\startup_stm32f103xe.o
#        D:\Github\sb3\S-Blot-3_queue_edit\EWARM\KBlot_supreme_I\Obj\stepping.o
#        D:\Github\sb3\S-Blot-3_queue_edit\EWARM\KBlot_supreme_I\Obj\stepping_edb_ctrl.o
#        D:\Github\sb3\S-Blot-3_queue_edit\EWARM\KBlot_supreme_I\Obj\stepping_leadshine_ctrl.o
#        D:\Github\sb3\S-Blot-3_queue_edit\EWARM\KBlot_supreme_I\Obj\stm32f1xx_hal.o
#        D:\Github\sb3\S-Blot-3_queue_edit\EWARM\KBlot_supreme_I\Obj\stm32f1xx_hal_adc.o
#        D:\Github\sb3\S-Blot-3_queue_edit\EWARM\KBlot_supreme_I\Obj\stm32f1xx_hal_adc_ex.o
#        D:\Github\sb3\S-Blot-3_queue_edit\EWARM\KBlot_supreme_I\Obj\stm32f1xx_hal_cortex.o
#        D:\Github\sb3\S-Blot-3_queue_edit\EWARM\KBlot_supreme_I\Obj\stm32f1xx_hal_dma.o
#        D:\Github\sb3\S-Blot-3_queue_edit\EWARM\KBlot_supreme_I\Obj\stm32f1xx_hal_flash.o
#        D:\Github\sb3\S-Blot-3_queue_edit\EWARM\KBlot_supreme_I\Obj\stm32f1xx_hal_flash_ex.o
#        D:\Github\sb3\S-Blot-3_queue_edit\EWARM\KBlot_supreme_I\Obj\stm32f1xx_hal_gpio.o
#        D:\Github\sb3\S-Blot-3_queue_edit\EWARM\KBlot_supreme_I\Obj\stm32f1xx_hal_gpio_ex.o
#        D:\Github\sb3\S-Blot-3_queue_edit\EWARM\KBlot_supreme_I\Obj\stm32f1xx_hal_i2c.o
#        D:\Github\sb3\S-Blot-3_queue_edit\EWARM\KBlot_supreme_I\Obj\stm32f1xx_hal_msp.o
#        D:\Github\sb3\S-Blot-3_queue_edit\EWARM\KBlot_supreme_I\Obj\stm32f1xx_hal_pwr.o
#        D:\Github\sb3\S-Blot-3_queue_edit\EWARM\KBlot_supreme_I\Obj\stm32f1xx_hal_rcc.o
#        D:\Github\sb3\S-Blot-3_queue_edit\EWARM\KBlot_supreme_I\Obj\stm32f1xx_hal_rcc_ex.o
#        D:\Github\sb3\S-Blot-3_queue_edit\EWARM\KBlot_supreme_I\Obj\stm32f1xx_hal_spi.o
#        D:\Github\sb3\S-Blot-3_queue_edit\EWARM\KBlot_supreme_I\Obj\stm32f1xx_hal_spi_ex.o
#        D:\Github\sb3\S-Blot-3_queue_edit\EWARM\KBlot_supreme_I\Obj\stm32f1xx_hal_tim.o
#        D:\Github\sb3\S-Blot-3_queue_edit\EWARM\KBlot_supreme_I\Obj\stm32f1xx_hal_tim_ex.o
#        D:\Github\sb3\S-Blot-3_queue_edit\EWARM\KBlot_supreme_I\Obj\stm32f1xx_hal_uart.o
#        D:\Github\sb3\S-Blot-3_queue_edit\EWARM\KBlot_supreme_I\Obj\stm32f1xx_it.o
#        D:\Github\sb3\S-Blot-3_queue_edit\EWARM\KBlot_supreme_I\Obj\sys_func.o
#        D:\Github\sb3\S-Blot-3_queue_edit\EWARM\KBlot_supreme_I\Obj\system_stm32f1xx.o
#        D:\Github\sb3\S-Blot-3_queue_edit\EWARM\KBlot_supreme_I\Obj\timer.o
#        D:\Github\sb3\S-Blot-3_queue_edit\EWARM\KBlot_supreme_I\Obj\uart.o
#        D:\Github\sb3\S-Blot-3_queue_edit\EWARM\KBlot_supreme_I\Obj\uart_pc.o
#        --redirect _Printf=_PrintfFull --redirect _Scanf=_ScanfFull
#        --no_out_extension -o
#        D:\Github\sb3\S-Blot-3_queue_edit\EWARM\KBlot_supreme_I\Exe\KBlot_supreme_I.out
#        --map
#        D:\Github\sb3\S-Blot-3_queue_edit\EWARM\KBlot_supreme_I\List\KBlot_supreme_I.map
#        --config D:\Github\sb3\S-Blot-3_queue_edit\EWARM\KBlot_supreme_I.icf
#        --semihosting --entry __iar_program_start --vfe --text_out locale)
#
###############################################################################

*******************************************************************************
*** RUNTIME MODEL ATTRIBUTES
***

CppFlavor       = *
__SystemLibrary = DLib
__dlib_version  = 6


*******************************************************************************
*** HEAP SELECTION
***

The basic heap was selected because no calls to memory allocation
functions were found in the application outside of system library
functions, and there are calls to deallocation functions in the
application.


*******************************************************************************
*** PLACEMENT SUMMARY
***

"A0":  place at address 0x800'2000 { ro section .intvec };
"P1":  place in [from 0x800'2000 to 0x807'ffff] { ro };
define block CSTACK with size = 4K, alignment = 8 { };
define block HEAP with size = 4K, alignment = 8 { };
"P2":  place in [from 0x2000'0000 to 0x2000'ffff] {
          rw, block CSTACK, block HEAP };
initialize by copy { rw };

  Section            Kind         Address      Size  Object
  -------            ----         -------      ----  ------
"A0":                                         0x130
  .intvec            ro code   0x800'2000     0x130  startup_stm32f103xe.o [1]
                             - 0x800'2130     0x130

"P1":                                      0x1'7752
  .text              ro code   0x800'2130    0x36bc  cntrl.o [1]
  .text              ro code   0x800'57ec      0x66  ABImemset.o [4]
  .text              ro code   0x800'5852      0x3a  zero_init3.o [4]
  .text              ro code   0x800'588c    0x21bc  stepping_leadshine_ctrl.o [1]
  .text              ro code   0x800'7a48     0x48c  cam_led.o [1]
  .text              ro code   0x800'7ed4      0xcc  event.o [1]
  .text              ro code   0x800'7fa0     0x120  error.o [1]
  .text              ro code   0x800'80c0     0x9e0  shake.o [1]
  .text              ro code   0x800'8aa0     0x5e4  MG90_SERVOMOTOR.o [1]
  .text              ro code   0x800'9084     0xd78  pump.o [1]
  .text              ro code   0x800'9dfc     0x854  C3000_SYRINGE.o [1]
  .text              ro code   0x800'a650     0x834  SE655_Barcode.o [1]
  .text              ro code   0x800'ae84     0xe40  hlld.o [1]
  .text              ro code   0x800'bcc4    0x1e30  sq.o [1]
  .text              ro code   0x800'daf4     0x4f0  timer.o [1]
  .text              ro code   0x800'dfe4     0xa00  uart_pc.o [1]
  .text              ro code   0x800'e9e4     0x408  stm32f1xx_hal_gpio.o [1]
  .text              ro code   0x800'edec      0x18  stm32f1xx_hal.o [1]
  .text              ro code   0x800'ee04      0x24  S32ToFlt.o [3]
  .text              ro code   0x800'ee28      0xfc  FltDiv.o [3]
  .text              ro code   0x800'ef24      0xd8  FltMul.o [3]
  .text              ro code   0x800'effc      0x24  FltCmpLe.o [3]
  .text              ro code   0x800'f020     0x23c  17HS3410_Dspin.o [1]
  .text              ro code   0x800'f25c     0x1c0  stm32f1xx_hal_cortex.o [1]
  .text              ro code   0x800'f41c     0x1e8  adc.o [1]
  .text              ro code   0x800'f604     0x384  eeprom_ctrl.o [1]
  .text              ro code   0x800'f988     0x818  stm32f1xx_hal_uart.o [1]
  .text              ro code   0x801'01a0      0xb8  stm32f1xx_hal_spi_ex.o [1]
  .text              ro code   0x801'0258     0x110  hs_Common_Utill.o [1]
  .text              ro code   0x801'0368     0x870  stm32f1xx_hal_spi.o [1]
  .text              ro code   0x801'0bd8      0x1a  U32ToDbl.o [3]
  .text              ro code   0x801'0bf2      0x26  xencoding_8859_1.o [2]
  .text              ro code   0x801'0c18     0x1a2  DblMul.o [3]
  .text              ro code   0x801'0dba      0x1e  xsscin.o [2]
  .text              ro code   0x801'0dd8     0x17a  DblAdd.o [3]
  .text              ro code   0x801'0f52      0x1a  xsnprout.o [2]
  .text              ro code   0x801'0f6c      0x3a  DblToS32.o [3]
  .text              ro code   0x801'0fa6       0xa  xsprout.o [2]
  .text              ro code   0x801'0fb0      0x22  S32ToDbl.o [3]
  .rodata            const     0x801'0fd2       0x2  stm32f1xx_hal_rcc.o [1]
  .text              ro code   0x801'0fd4     0x7e6  stm32f1xx_hal_tim.o [1]
  .rodata            const     0x801'17ba       0x2  stm32f1xx_hal_rcc_ex.o [1]
  .text              ro code   0x801'17bc      0x5c  stm32f1xx_hal_tim_ex.o [1]
  .text              ro code   0x801'1818      0x28  DblToU32.o [3]
  .text              ro code   0x801'1840      0x40  sprintf.o [2]
  .text              ro code   0x801'1880      0x36  strlen.o [4]
  .rodata            const     0x801'18b6       0x2  xlocale_c.o [2]
  .text              ro code   0x801'18b8      0x44  snprintf.o [2]
  .text              ro code   0x801'18fc      0xa6  ABImemcpy.o [4]
  .rodata            const     0x801'19a2       0x2  xlocale_c.o [2]
  .text              ro code   0x801'19a4     0x128  key_polling.o [1]
  .text              ro code   0x801'1acc      0x28  sscanf.o [2]
  .text              ro code   0x801'1af4       0xc  stm32f1xx_hal.o [1]
  .text              ro code   0x801'1b00     0x6d4  stm32f1xx_hal_adc.o [1]
  .text              ro code   0x801'21d4     0x246  DblDiv.o [3]
  .rodata            const     0x801'241a       0x1  timer.o [1]
  .rodata            const     0x801'241b       0x1  xlocale_c.o [2]
  .text              ro code   0x801'241c      0x68  DblToFlt.o [3]
  .text              ro code   0x801'2484      0x48  FltToDbl.o [3]
  .text              ro code   0x801'24cc      0xe2  DblSub.o [3]
  .text              ro code   0x801'25b0      0x80  FltSub.o [3]
  .text              ro code   0x801'2630      0x22  FltToU32.o [3]
  .text              ro code   0x801'2654     0x288  hsAT24_EEPROM.o [1]
  .text              ro code   0x801'28dc     0x554  stm32f1xx_hal_msp.o [1]
  .text              ro code   0x801'2e30     0xa26  stm32f1xx_hal_dma.o [1]
  .text              ro code   0x801'3856       0x2  stm32f1xx_hal_uart.o [1]
  .text              ro code   0x801'3858     0xb50  stm32f1xx_hal_rcc.o [1]
  .text              ro code   0x801'43a8       0x2  stm32f1xx_hal_tim.o [1]
  .text              ro code   0x801'43aa       0x2  stm32f1xx_hal_tim.o [1]
  .text              ro code   0x801'43ac       0x2  stm32f1xx_hal_tim.o [1]
  .text              ro code   0x801'43ae       0x2  stm32f1xx_hal_tim_ex.o [1]
  .text              ro code   0x801'43b0       0x2  stm32f1xx_hal_tim.o [1]
  .text              ro code   0x801'43b2       0x2  stm32f1xx_hal_tim_ex.o [1]
  .text              ro code   0x801'43b4    0x10c6  xprintffull.o [2]
  .text              ro code   0x801'547c     0xf2c  xscanffull.o [2]
  .text              ro code   0x801'63a8     0x284  stm32f1xx_hal_rcc_ex.o [1]
  .text              ro code   0x801'662c      0xd6  FltAdd.o [3]
  .text              ro code   0x801'6704     0x7fa  stm32f1xx_hal_i2c.o [1]
  .text              ro code   0x801'6efe      0x24  stm32f1xx_hal.o [1]
  .text              ro code   0x801'6f24     0x108  xlocale_c.o [2]
  .text              ro code   0x801'702c      0x16  strchr.o [4]
  .text              ro code   0x801'7044      0x40  xfail_s.o [2]
  .text              ro code   0x801'7084      0x58  memchr.o [4]
  .text              ro code   0x801'70dc      0x70  frexp.o [3]
  .text              ro code   0x801'714c      0x2e  DblCmpLe.o [3]
  .text              ro code   0x801'717c      0x2e  DblCmpGe.o [3]
  .text              ro code   0x801'71ac     0x13a  ldexp.o [3]
  .text              ro code   0x801'72e6       0xa  xmbcurmax.o [2]
  .text              ro code   0x801'72f0     0x230  I64DivMod.o [4]
  .text              ro code   0x801'7520      0x14  isspace.o [2]
  .text              ro code   0x801'7534      0x34  wctob.o [2]
  .text              ro code   0x801'7568      0x14  isalpha.o [2]
  .text              ro code   0x801'757c     0x408  strto64.o [3]
  .text              ro code   0x801'7984     0x1b2  iar_Stoullx.o [2]
  .text              ro code   0x801'7b38      0xa6  iar_Stollx.o [2]
  .text              ro code   0x801'7bde       0x6  abort.o [2]
  .text              ro code   0x801'7be4       0x2  I64DivZer.o [4]
  .text              ro code   0x801'7be6      0x14  memset.o [4]
  .text              ro code   0x801'7bfa     0x122  iar_Stopfx.o [2]
  .text              ro code   0x801'7d1c     0x1b8  iar_Stoflt.o [2]
  .text              ro code   0x801'7ed4     0x208  iar_Stoxflt.o [2]
  .text              ro code   0x801'80dc      0x14  tolower.o [2]
  .text              ro code   0x801'80f0      0x14  exit.o [5]
  .text              ro code   0x801'8104     0x7a4  sys_func.o [1]
  .text              ro code   0x801'88a8     0x14c  iar_Stoulx.o [2]
  .text              ro code   0x801'89f4     0x56c  main.o [1]
  .text              ro code   0x801'8f60      0x24  stm32f1xx_hal.o [1]
  .text              ro code   0x801'8f84      0x44  stepping.o [1]
  .text              ro code   0x801'8fc8      0x78  lz77_init_single.o [4]
  .text              ro code   0x801'9040      0x68  stm32f1xx_it.o [1]
  .text              ro code   0x801'90a8      0x10  stm32f1xx_hal.o [1]
  .text              ro code   0x801'90b8      0x58  system_stm32f1xx.o [1]
  .rodata            const     0x801'9110      0x50  iar_Stoulx.o [2]
  .rodata            const     0x801'9160      0x50  iar_Stoullx.o [2]
  .rodata            const     0x801'91b0      0x4c  xscanffull.o [2]
  .rodata            const     0x801'91fc      0x1c  cntrl.o [1]
  .rodata            const     0x801'9218      0x48  strto64.o [3]
  .rodata            const     0x801'9260      0x30  timer.o [1]
  .rodata            const     0x801'9290      0x28  xscanffull.o [2]
  .text              ro code   0x801'92b8      0x28  data_init.o [4]
  .iar.init_table    const     0x801'92e0      0x20  - Linker created -
  .rodata            const     0x801'9300      0x20  cntrl.o [1]
  .rodata            const     0x801'9320      0x20  cntrl.o [1]
  .rodata            const     0x801'9340      0x20  timer.o [1]
  .text              ro code   0x801'9360      0x1e  cmain.o [4]
  .text              ro code   0x801'937e       0x4  low_level_init.o [2]
  .text              ro code   0x801'9382       0x4  exit.o [2]
  .text              ro code   0x801'9388       0xa  cexit.o [4]
  .rodata            const     0x801'9394      0x1c  cntrl.o [1]
  .rodata            const     0x801'93b0      0x1c  sq.o [1]
  .rodata            const     0x801'93cc      0x1c  uart_pc.o [1]
  .rodata            const     0x801'93e8      0x18  cntrl.o [1]
  .rodata            const     0x801'9400      0x18  cntrl.o [1]
  .rodata            const     0x801'9418      0x18  cntrl.o [1]
  .rodata            const     0x801'9430      0x14  cntrl.o [1]
  .rodata            const     0x801'9444      0x14  hlld.o [1]
  .rodata            const     0x801'9458      0x14  sq.o [1]
  .rodata            const     0x801'946c      0x14  uart_pc.o [1]
  .rodata            const     0x801'9480      0x10  stm32f1xx_hal_rcc.o [1]
  .rodata            const     0x801'9490      0x10  stm32f1xx_hal_rcc.o [1]
  .rodata            const     0x801'94a0      0x10  stm32f1xx_hal_rcc_ex.o [1]
  .text              ro code   0x801'94b0      0x10  startup_stm32f103xe.o [1]
  .rodata            const     0x801'94c0       0xc  C3000_SYRINGE.o [1]
  .rodata            const     0x801'94cc       0xc  SE655_Barcode.o [1]
  .rodata            const     0x801'94d8       0xc  uart_pc.o [1]
  .text              ro code   0x801'94e4       0xc  cstartup_M.o [4]
  .rodata            const     0x801'94f0       0x8  C3000_SYRINGE.o [1]
  .rodata            const     0x801'94f8       0x8  C3000_SYRINGE.o [1]
  .rodata            const     0x801'9500       0x8  C3000_SYRINGE.o [1]
  .rodata            const     0x801'9508       0x8  C3000_SYRINGE.o [1]
  .rodata            const     0x801'9510       0x8  C3000_SYRINGE.o [1]
  .rodata            const     0x801'9518       0x8  C3000_SYRINGE.o [1]
  .rodata            const     0x801'9520       0x8  pump.o [1]
  .rodata            const     0x801'9528       0x8  SE655_Barcode.o [1]
  .rodata            const     0x801'9530       0x8  sys_func.o [1]
  .rodata            const     0x801'9538       0x8  sys_func.o [1]
  .rodata            const     0x801'9540       0x8  sys_func.o [1]
  .rodata            const     0x801'9548       0x8  sys_func.o [1]
  .rodata            const     0x801'9550       0x8  uart_pc.o [1]
  .rodata            const     0x801'9558       0x8  uart_pc.o [1]
  .rodata            const     0x801'9560       0x4  hsAT24_EEPROM.o [1]
  .text              ro code   0x801'9564       0x4  startup_stm32f103xe.o [1]
  .text              ro code   0x801'9568       0x4  startup_stm32f103xe.o [1]
  .text              ro code   0x801'956c       0x4  startup_stm32f103xe.o [1]
  .text              ro code   0x801'9570       0x4  startup_stm32f103xe.o [1]
  .text              ro code   0x801'9574       0x4  startup_stm32f103xe.o [1]
  .text              ro code   0x801'9578       0x4  startup_stm32f103xe.o [1]
  .text              ro code   0x801'957c       0x4  startup_stm32f103xe.o [1]
  .text              ro code   0x801'9580       0x4  startup_stm32f103xe.o [1]
  .text              ro code   0x801'9584       0x4  startup_stm32f103xe.o [1]
  .text              ro code   0x801'9588       0x4  startup_stm32f103xe.o [1]
  .text              ro code   0x801'958c       0x4  startup_stm32f103xe.o [1]
  .text              ro code   0x801'9590       0x4  startup_stm32f103xe.o [1]
  .text              ro code   0x801'9594       0x4  startup_stm32f103xe.o [1]
  .text              ro code   0x801'9598       0x4  startup_stm32f103xe.o [1]
  .text              ro code   0x801'959c       0x4  startup_stm32f103xe.o [1]
  .text              ro code   0x801'95a0       0x4  startup_stm32f103xe.o [1]
  .text              ro code   0x801'95a4       0x4  startup_stm32f103xe.o [1]
  .text              ro code   0x801'95a8       0x4  startup_stm32f103xe.o [1]
  .text              ro code   0x801'95ac       0x4  startup_stm32f103xe.o [1]
  .text              ro code   0x801'95b0       0x4  startup_stm32f103xe.o [1]
  .text              ro code   0x801'95b4       0x4  startup_stm32f103xe.o [1]
  .text              ro code   0x801'95b8       0x4  startup_stm32f103xe.o [1]
  .text              ro code   0x801'95bc       0x4  startup_stm32f103xe.o [1]
  .text              ro code   0x801'95c0       0x4  startup_stm32f103xe.o [1]
  .text              ro code   0x801'95c4       0x4  startup_stm32f103xe.o [1]
  .text              ro code   0x801'95c8       0x4  startup_stm32f103xe.o [1]
  .text              ro code   0x801'95cc       0x4  startup_stm32f103xe.o [1]
  .text              ro code   0x801'95d0       0x4  startup_stm32f103xe.o [1]
  .text              ro code   0x801'95d4       0x4  startup_stm32f103xe.o [1]
  .text              ro code   0x801'95d8       0x4  startup_stm32f103xe.o [1]
  .text              ro code   0x801'95dc       0x4  startup_stm32f103xe.o [1]
  .text              ro code   0x801'95e0       0x4  startup_stm32f103xe.o [1]
  .text              ro code   0x801'95e4       0x4  startup_stm32f103xe.o [1]
  .text              ro code   0x801'95e8       0x4  startup_stm32f103xe.o [1]
  .text              ro code   0x801'95ec       0x4  startup_stm32f103xe.o [1]
  .text              ro code   0x801'95f0       0x4  startup_stm32f103xe.o [1]
  .text              ro code   0x801'95f4       0x4  startup_stm32f103xe.o [1]
  .text              ro code   0x801'95f8       0x4  startup_stm32f103xe.o [1]
  .text              ro code   0x801'95fc       0x4  startup_stm32f103xe.o [1]
  .text              ro code   0x801'9600       0x4  startup_stm32f103xe.o [1]
  .text              ro code   0x801'9604       0x4  startup_stm32f103xe.o [1]
  .text              ro code   0x801'9608       0x4  startup_stm32f103xe.o [1]
  .text              ro code   0x801'960c       0x4  startup_stm32f103xe.o [1]
  .text              ro code   0x801'9610       0x4  startup_stm32f103xe.o [1]
  .text              ro code   0x801'9614       0x4  startup_stm32f103xe.o [1]
  .text              ro code   0x801'9618       0x4  startup_stm32f103xe.o [1]
  .text              ro code   0x801'961c       0x4  startup_stm32f103xe.o [1]
  .text              ro code   0x801'9620       0x4  startup_stm32f103xe.o [1]
  .text              ro code   0x801'9624       0x4  startup_stm32f103xe.o [1]
  .text              ro code   0x801'9628       0x4  startup_stm32f103xe.o [1]
  .text              ro code   0x801'962c       0x4  startup_stm32f103xe.o [1]
  .text              ro code   0x801'9630       0x4  startup_stm32f103xe.o [1]
  .text              ro code   0x801'9634       0x4  startup_stm32f103xe.o [1]
  .text              ro code   0x801'9638       0x4  startup_stm32f103xe.o [1]
  .text              ro code   0x801'963c       0x4  startup_stm32f103xe.o [1]
  .text              ro code   0x801'9640       0x4  startup_stm32f103xe.o [1]
  .text              ro code   0x801'9644       0x4  startup_stm32f103xe.o [1]
  .rodata            const     0x801'9648       0x0  zero_init3.o [4]
  .rodata            const     0x801'9648       0x0  lz77_init_single.o [4]
  Initializer bytes  const     0x801'9648     0x23a  <for P2-1>
                             - 0x801'9882  0x1'7752

"P2", part 1 of 3:                            0x530
  P2-1                        0x2000'0000     0x530  <Init block>
    .data            inited   0x2000'0000       0x4  hsAT24_EEPROM.o [1]
    .data            inited   0x2000'0004       0x4  hsAT24_EEPROM.o [1]
    .data            inited   0x2000'0008      0x24  MG90_SERVOMOTOR.o [1]
    .data            inited   0x2000'002c      0x14  SE655_Barcode.o [1]
    .data            inited   0x2000'0040       0x4  SE655_Barcode.o [1]
    .data            inited   0x2000'0044      0x24  shake.o [1]
    .data            inited   0x2000'0068      0x3c  stepping_leadshine_ctrl.o [1]
    .data            inited   0x2000'00a4      0x3c  stepping_leadshine_ctrl.o [1]
    .data            inited   0x2000'00e0      0x3c  stepping_leadshine_ctrl.o [1]
    .data            inited   0x2000'011c      0x5c  sys_func.o [1]
    .data            inited   0x2000'0178      0x5c  sys_func.o [1]
    .data            inited   0x2000'01d4      0x6c  sys_func.o [1]
    .data            inited   0x2000'0240      0x70  sys_func.o [1]
    .data            inited   0x2000'02b0      0x58  sys_func.o [1]
    .data            inited   0x2000'0308      0x58  sys_func.o [1]
    .data            inited   0x2000'0360      0x60  sys_func.o [1]
    .data            inited   0x2000'03c0      0x68  sys_func.o [1]
    .data            inited   0x2000'0428      0x60  sys_func.o [1]
    .data            inited   0x2000'0488       0x4  sys_func.o [1]
    .data            inited   0x2000'048c       0x4  system_stm32f1xx.o [1]
    .data            inited   0x2000'0490       0x4  timer.o [1]
    .data            inited   0x2000'0494       0x4  timer.o [1]
    .data            inited   0x2000'0498      0x38  xlocale_c.o [2]
    .data            inited   0x2000'04d0      0x48  xlocale_c.o [2]
    .data            inited   0x2000'0518       0x2  cntrl.o [1]
    .data            inited   0x2000'051a       0x2  key_polling.o [1]
    .data            inited   0x2000'051c       0x2  key_polling.o [1]
    .data            inited   0x2000'051e       0x2  key_polling.o [1]
    .data            inited   0x2000'0520       0x1  cntrl.o [1]
    .data            inited   0x2000'0521       0x1  error.o [1]
    .data            inited   0x2000'0522       0x1  hlld.o [1]
    .data            inited   0x2000'0523       0x1  hlld.o [1]
    .data            inited   0x2000'0524       0x1  pump.o [1]
    .data            inited   0x2000'0525       0x1  sq.o [1]
    .data            inited   0x2000'0526       0x1  stepping_leadshine_ctrl.o [1]
    .data            inited   0x2000'0527       0x1  stepping_leadshine_ctrl.o [1]
    .data            inited   0x2000'0528       0x1  stepping_leadshine_ctrl.o [1]
    .data            inited   0x2000'0529       0x1  stepping_leadshine_ctrl.o [1]
    .data            inited   0x2000'052a       0x1  stepping_leadshine_ctrl.o [1]
    .data            inited   0x2000'052b       0x1  stepping_leadshine_ctrl.o [1]
    .data            inited   0x2000'052c       0x1  timer.o [1]
    .data            inited   0x2000'052d       0x1  timer.o [1]
    .data            inited   0x2000'052e       0x1  timer.o [1]
    .data            inited   0x2000'052f       0x1  timer.o [1]
                            - 0x2000'0530     0x530

"P2", part 2 of 3:                           0x1748
  .bss               zero     0x2000'0530     0x4bc  sq.o [1]
  .bss               zero     0x2000'09ec     0x40c  uart_pc.o [1]
  .bss               zero     0x2000'0df8     0x258  timer.o [1]
  .bss               zero     0x2000'1050     0x208  uart_pc.o [1]
  .bss               zero     0x2000'1258      0xc8  SE655_Barcode.o [1]
  .bss               zero     0x2000'1320      0xc4  sq.o [1]
  .bss               zero     0x2000'13e4      0x80  uart_pc.o [1]
  .bss               zero     0x2000'1464      0x78  pump.o [1]
  .bss               zero     0x2000'14dc      0x68  event.o [1]
  .bss               zero     0x2000'1544      0x58  cam_led.o [1]
  .bss               zero     0x2000'159c      0x58  shake.o [1]
  .bss               zero     0x2000'15f4      0x48  uart_pc.o [1]
  .bss               zero     0x2000'163c      0x40  C3000_SYRINGE.o [1]
  .bss               zero     0x2000'167c      0x40  pump.o [1]
  .bss               zero     0x2000'16bc      0x40  SE655_Barcode.o [1]
  .bss               zero     0x2000'16fc      0x40  stepping.o [1]
  .bss               zero     0x2000'173c      0x40  uart_pc.o [1]
  .bss               zero     0x2000'177c      0x3c  C3000_SYRINGE.o [1]
  .bss               zero     0x2000'17b8      0x3c  hs_Common_Utill.o [1]
  .bss               zero     0x2000'17f4      0x3c  hsAT24_EEPROM.o [1]
  .bss               zero     0x2000'1830      0x3c  MG90_SERVOMOTOR.o [1]
  .bss               zero     0x2000'186c      0x3c  timer.o [1]
  .bss               zero     0x2000'18a8      0x38  stm32f1xx_hal_msp.o [1]
  .bss               zero     0x2000'18e0      0x30  adc.o [1]
  .bss               zero     0x2000'1910      0x30  main.o [1]
  .bss               zero     0x2000'1940      0x30  shake.o [1]
  .bss               zero     0x2000'1970      0x20  hlld.o [1]
  .bss               zero     0x2000'1990      0x1c  MG90_SERVOMOTOR.o [1]
  .bss               zero     0x2000'19ac      0x1c  stepping_leadshine_ctrl.o [1]
  .bss               zero     0x2000'19c8      0x18  uart_pc.o [1]
  .bss               zero     0x2000'19e0      0x14  error.o [1]
  .bss               zero     0x2000'19f4      0x14  pump.o [1]
  .bss               zero     0x2000'1a08      0x10  cam_led.o [1]
  .bss               zero     0x2000'1a18       0xc  adc.o [1]
  .bss               zero     0x2000'1a24       0xc  C3000_SYRINGE.o [1]
  .bss               zero     0x2000'1a30       0xc  eeprom_ctrl.o [1]
  .bss               zero     0x2000'1a3c       0xc  eeprom_ctrl.o [1]
  .bss               zero     0x2000'1a48       0xc  eeprom_ctrl.o [1]
  .bss               zero     0x2000'1a54       0xc  eeprom_ctrl.o [1]
  .bss               zero     0x2000'1a60       0xc  eeprom_ctrl.o [1]
  .bss               zero     0x2000'1a6c       0xc  eeprom_ctrl.o [1]
  .bss               zero     0x2000'1a78       0xc  eeprom_ctrl.o [1]
  .bss               zero     0x2000'1a84       0xc  eeprom_ctrl.o [1]
  .bss               zero     0x2000'1a90       0xc  eeprom_ctrl.o [1]
  .bss               zero     0x2000'1a9c       0xc  eeprom_ctrl.o [1]
  .bss               zero     0x2000'1aa8       0xc  eeprom_ctrl.o [1]
  .bss               zero     0x2000'1ab4       0xc  eeprom_ctrl.o [1]
  .bss               zero     0x2000'1ac0       0xc  eeprom_ctrl.o [1]
  .bss               zero     0x2000'1acc       0xc  eeprom_ctrl.o [1]
  .bss               zero     0x2000'1ad8       0xc  eeprom_ctrl.o [1]
  .bss               zero     0x2000'1ae4       0xc  hlld.o [1]
  .bss               zero     0x2000'1af0       0xc  pump.o [1]
  .bss               zero     0x2000'1afc       0x8  hlld.o [1]
  .bss               zero     0x2000'1b04       0x8  sq.o [1]
  .bss               zero     0x2000'1b0c       0x4  17HS3410_Dspin.o [1]
  .bss               zero     0x2000'1b10       0x4  adc.o [1]
  .bss               zero     0x2000'1b14       0x4  adc.o [1]
  .bss               zero     0x2000'1b18       0x4  adc.o [1]
  .bss               zero     0x2000'1b1c       0x4  adc.o [1]
  .bss               zero     0x2000'1b20       0x4  C3000_SYRINGE.o [1]
  .bss               zero     0x2000'1b24       0x4  cam_led.o [1]
  .bss               zero     0x2000'1b28       0x4  cam_led.o [1]
  .bss               zero     0x2000'1b2c       0x4  cam_led.o [1]
  .bss               zero     0x2000'1b30       0x4  cam_led.o [1]
  .bss               zero     0x2000'1b34       0x4  cntrl.o [1]
  .bss               zero     0x2000'1b38       0x4  cntrl.o [1]
  .bss               zero     0x2000'1b3c       0x4  cntrl.o [1]
  .bss               zero     0x2000'1b40       0x4  cntrl.o [1]
  .bss               zero     0x2000'1b44       0x4  cntrl.o [1]
  .bss               zero     0x2000'1b48       0x4  cntrl.o [1]
  .bss               zero     0x2000'1b4c       0x4  hlld.o [1]
  .bss               zero     0x2000'1b50       0x4  hlld.o [1]
  .bss               zero     0x2000'1b54       0x4  hlld.o [1]
  .bss               zero     0x2000'1b58       0x4  MG90_SERVOMOTOR.o [1]
  .bss               zero     0x2000'1b5c       0x4  MG90_SERVOMOTOR.o [1]
  .bss               zero     0x2000'1b60       0x4  SE655_Barcode.o [1]
  .bss               zero     0x2000'1b64       0x4  shake.o [1]
  .bss               zero     0x2000'1b68       0x4  shake.o [1]
  .bss               zero     0x2000'1b6c       0x4  sq.o [1]
  .bss               zero     0x2000'1b70       0x4  sq.o [1]
  .bss               zero     0x2000'1b74       0x4  sq.o [1]
  .bss               zero     0x2000'1b78       0x4  sq.o [1]
  .bss               zero     0x2000'1b7c       0x4  sq.o [1]
  .bss               zero     0x2000'1b80       0x4  sq.o [1]
  .bss               zero     0x2000'1b84       0x4  stepping_leadshine_ctrl.o [1]
  .bss               zero     0x2000'1b88       0x4  stepping_leadshine_ctrl.o [1]
  .bss               zero     0x2000'1b8c       0x4  stepping_leadshine_ctrl.o [1]
  .bss               zero     0x2000'1b90       0x4  stepping_leadshine_ctrl.o [1]
  .bss               zero     0x2000'1b94       0x4  stepping_leadshine_ctrl.o [1]
  .bss               zero     0x2000'1b98       0x4  stepping_leadshine_ctrl.o [1]
  .bss               zero     0x2000'1b9c       0x4  stm32f1xx_hal.o [1]
  .bss               zero     0x2000'1ba0       0x4  sys_func.o [1]
  .bss               zero     0x2000'1ba4       0x4  sys_func.o [1]
  .bss               zero     0x2000'1ba8       0x4  sys_func.o [1]
  .bss               zero     0x2000'1bac       0x4  sys_func.o [1]
  .bss               zero     0x2000'1bb0       0x4  timer.o [1]
  .bss               zero     0x2000'1bb4       0x4  timer.o [1]
  .bss               zero     0x2000'1bb8       0x4  timer.o [1]
  .bss               zero     0x2000'1bbc       0x4  uart_pc.o [1]
  .bss               zero     0x2000'1bc0       0x4  uart_pc.o [1]
  .bss               zero     0x2000'1bc4       0x4  uart_pc.o [1]
  .bss               zero     0x2000'1bc8       0x4  uart_pc.o [1]
  .bss               zero     0x2000'1bcc       0x4  xfail_s.o [2]
  .bss               zero     0x2000'1bd0       0x2  cntrl.o [1]
  .bss               zero     0x2000'1bd2       0x2  cntrl.o [1]
  .bss               zero     0x2000'1bd4       0x2  cntrl.o [1]
  .bss               zero     0x2000'1bd6       0x2  cntrl.o [1]
  .bss               zero     0x2000'1bd8       0x2  cntrl.o [1]
  .bss               zero     0x2000'1bda       0x2  error.o [1]
  .bss               zero     0x2000'1bdc       0x2  hlld.o [1]
  .bss               zero     0x2000'1bde       0x2  hlld.o [1]
  .bss               zero     0x2000'1be0       0x2  hlld.o [1]
  .bss               zero     0x2000'1be2       0x2  key_polling.o [1]
  .bss               zero     0x2000'1be4       0x2  key_polling.o [1]
  .bss               zero     0x2000'1be6       0x2  key_polling.o [1]
  .bss               zero     0x2000'1be8       0x2  pump.o [1]
  .bss               zero     0x2000'1bea       0x2  pump.o [1]
  .bss               zero     0x2000'1bec       0x2  stepping_leadshine_ctrl.o [1]
  .bss               zero     0x2000'1bee       0x2  stepping_leadshine_ctrl.o [1]
  .bss               zero     0x2000'1bf0       0x2  timer.o [1]
  .bss               zero     0x2000'1bf2       0x2  timer.o [1]
  .bss               zero     0x2000'1bf4       0x2  uart_pc.o [1]
  .bss               zero     0x2000'1bf6       0x2  uart_pc.o [1]
  .bss               zero     0x2000'1bf8       0x2  uart_pc.o [1]
  .bss               zero     0x2000'1bfa       0x2  uart_pc.o [1]
  .bss               zero     0x2000'1bfc       0x1  adc.o [1]
  .bss               zero     0x2000'1bfd       0x1  adc.o [1]
  .bss               zero     0x2000'1bfe       0x1  C3000_SYRINGE.o [1]
  .bss               zero     0x2000'1bff       0x1  C3000_SYRINGE.o [1]
  .bss               zero     0x2000'1c00       0x1  C3000_SYRINGE.o [1]
  .bss               zero     0x2000'1c01       0x1  C3000_SYRINGE.o [1]
  .bss               zero     0x2000'1c02       0x1  cntrl.o [1]
  .bss               zero     0x2000'1c03       0x1  cntrl.o [1]
  .bss               zero     0x2000'1c04       0x1  cntrl.o [1]
  .bss               zero     0x2000'1c05       0x1  cntrl.o [1]
  .bss               zero     0x2000'1c06       0x1  cntrl.o [1]
  .bss               zero     0x2000'1c07       0x1  cntrl.o [1]
  .bss               zero     0x2000'1c08       0x1  cntrl.o [1]
  .bss               zero     0x2000'1c09       0x1  cntrl.o [1]
  .bss               zero     0x2000'1c0a       0x1  cntrl.o [1]
  .bss               zero     0x2000'1c0b       0x1  cntrl.o [1]
  .bss               zero     0x2000'1c0c       0x1  cntrl.o [1]
  .bss               zero     0x2000'1c0d       0x1  cntrl.o [1]
  .bss               zero     0x2000'1c0e       0x1  cntrl.o [1]
  .bss               zero     0x2000'1c0f       0x1  cntrl.o [1]
  .bss               zero     0x2000'1c10       0x1  cntrl.o [1]
  .bss               zero     0x2000'1c11       0x1  cntrl.o [1]
  .bss               zero     0x2000'1c12       0x1  cntrl.o [1]
  .bss               zero     0x2000'1c13       0x1  cntrl.o [1]
  .bss               zero     0x2000'1c14       0x1  cntrl.o [1]
  .bss               zero     0x2000'1c15       0x1  cntrl.o [1]
  .bss               zero     0x2000'1c16       0x1  cntrl.o [1]
  .bss               zero     0x2000'1c17       0x1  cntrl.o [1]
  .bss               zero     0x2000'1c18       0x1  cntrl.o [1]
  .bss               zero     0x2000'1c19       0x1  cntrl.o [1]
  .bss               zero     0x2000'1c1a       0x1  cntrl.o [1]
  .bss               zero     0x2000'1c1b       0x1  cntrl.o [1]
  .bss               zero     0x2000'1c1c       0x1  cntrl.o [1]
  .bss               zero     0x2000'1c1d       0x1  cntrl.o [1]
  .bss               zero     0x2000'1c1e       0x1  cntrl.o [1]
  .bss               zero     0x2000'1c1f       0x1  cntrl.o [1]
  .bss               zero     0x2000'1c20       0x1  cntrl.o [1]
  .bss               zero     0x2000'1c21       0x1  cntrl.o [1]
  .bss               zero     0x2000'1c22       0x1  cntrl.o [1]
  .bss               zero     0x2000'1c23       0x1  cntrl.o [1]
  .bss               zero     0x2000'1c24       0x1  cntrl.o [1]
  .bss               zero     0x2000'1c25       0x1  cntrl.o [1]
  .bss               zero     0x2000'1c26       0x1  cntrl.o [1]
  .bss               zero     0x2000'1c27       0x1  cntrl.o [1]
  .bss               zero     0x2000'1c28       0x1  cntrl.o [1]
  .bss               zero     0x2000'1c29       0x1  cntrl.o [1]
  .bss               zero     0x2000'1c2a       0x1  cntrl.o [1]
  .bss               zero     0x2000'1c2b       0x1  error.o [1]
  .bss               zero     0x2000'1c2c       0x1  error.o [1]
  .bss               zero     0x2000'1c2d       0x1  hlld.o [1]
  .bss               zero     0x2000'1c2e       0x1  hlld.o [1]
  .bss               zero     0x2000'1c2f       0x1  hlld.o [1]
  .bss               zero     0x2000'1c30       0x1  key_polling.o [1]
  .bss               zero     0x2000'1c31       0x1  key_polling.o [1]
  .bss               zero     0x2000'1c32       0x1  key_polling.o [1]
  .bss               zero     0x2000'1c33       0x1  MG90_SERVOMOTOR.o [1]
  .bss               zero     0x2000'1c34       0x1  pump.o [1]
  .bss               zero     0x2000'1c35       0x1  pump.o [1]
  .bss               zero     0x2000'1c36       0x1  pump.o [1]
  .bss               zero     0x2000'1c37       0x1  pump.o [1]
  .bss               zero     0x2000'1c38       0x1  pump.o [1]
  .bss               zero     0x2000'1c39       0x1  pump.o [1]
  .bss               zero     0x2000'1c3a       0x1  pump.o [1]
  .bss               zero     0x2000'1c3b       0x1  SE655_Barcode.o [1]
  .bss               zero     0x2000'1c3c       0x1  SE655_Barcode.o [1]
  .bss               zero     0x2000'1c3d       0x1  SE655_Barcode.o [1]
  .bss               zero     0x2000'1c3e       0x1  SE655_Barcode.o [1]
  .bss               zero     0x2000'1c3f       0x1  SE655_Barcode.o [1]
  .bss               zero     0x2000'1c40       0x1  SE655_Barcode.o [1]
  .bss               zero     0x2000'1c41       0x1  SE655_Barcode.o [1]
  .bss               zero     0x2000'1c42       0x1  SE655_Barcode.o [1]
  .bss               zero     0x2000'1c43       0x1  shake.o [1]
  .bss               zero     0x2000'1c44       0x1  shake.o [1]
  .bss               zero     0x2000'1c45       0x1  sq.o [1]
  .bss               zero     0x2000'1c46       0x1  sq.o [1]
  .bss               zero     0x2000'1c47       0x1  sq.o [1]
  .bss               zero     0x2000'1c48       0x1  sq.o [1]
  .bss               zero     0x2000'1c49       0x1  sq.o [1]
  .bss               zero     0x2000'1c4a       0x1  sq.o [1]
  .bss               zero     0x2000'1c4b       0x1  sq.o [1]
  .bss               zero     0x2000'1c4c       0x1  sq.o [1]
  .bss               zero     0x2000'1c4d       0x1  sq.o [1]
  .bss               zero     0x2000'1c4e       0x1  sq.o [1]
  .bss               zero     0x2000'1c4f       0x1  sq.o [1]
  .bss               zero     0x2000'1c50       0x1  sq.o [1]
  .bss               zero     0x2000'1c51       0x1  sq.o [1]
  .bss               zero     0x2000'1c52       0x1  sq.o [1]
  .bss               zero     0x2000'1c53       0x1  sq.o [1]
  .bss               zero     0x2000'1c54       0x1  sq.o [1]
  .bss               zero     0x2000'1c55       0x1  sq.o [1]
  .bss               zero     0x2000'1c56       0x1  stepping.o [1]
  .bss               zero     0x2000'1c57       0x1  stepping_leadshine_ctrl.o [1]
  .bss               zero     0x2000'1c58       0x1  stepping_leadshine_ctrl.o [1]
  .bss               zero     0x2000'1c59       0x1  stepping_leadshine_ctrl.o [1]
  .bss               zero     0x2000'1c5a       0x1  stepping_leadshine_ctrl.o [1]
  .bss               zero     0x2000'1c5b       0x1  stepping_leadshine_ctrl.o [1]
  .bss               zero     0x2000'1c5c       0x1  stepping_leadshine_ctrl.o [1]
  .bss               zero     0x2000'1c5d       0x1  stepping_leadshine_ctrl.o [1]
  .bss               zero     0x2000'1c5e       0x1  stepping_leadshine_ctrl.o [1]
  .bss               zero     0x2000'1c5f       0x1  stepping_leadshine_ctrl.o [1]
  .bss               zero     0x2000'1c60       0x1  stepping_leadshine_ctrl.o [1]
  .bss               zero     0x2000'1c61       0x1  stepping_leadshine_ctrl.o [1]
  .bss               zero     0x2000'1c62       0x1  stepping_leadshine_ctrl.o [1]
  .bss               zero     0x2000'1c63       0x1  stepping_leadshine_ctrl.o [1]
  .bss               zero     0x2000'1c64       0x1  stepping_leadshine_ctrl.o [1]
  .bss               zero     0x2000'1c65       0x1  stepping_leadshine_ctrl.o [1]
  .bss               zero     0x2000'1c66       0x1  stm32f1xx_hal_spi_ex.o [1]
  .bss               zero     0x2000'1c67       0x1  sys_func.o [1]
  .bss               zero     0x2000'1c68       0x1  sys_func.o [1]
  .bss               zero     0x2000'1c69       0x1  sys_func.o [1]
  .bss               zero     0x2000'1c6a       0x1  sys_func.o [1]
  .bss               zero     0x2000'1c6b       0x1  sys_func.o [1]
  .bss               zero     0x2000'1c6c       0x1  timer.o [1]
  .bss               zero     0x2000'1c6d       0x1  timer.o [1]
  .bss               zero     0x2000'1c6e       0x1  timer.o [1]
  .bss               zero     0x2000'1c6f       0x1  timer.o [1]
  .bss               zero     0x2000'1c70       0x1  timer.o [1]
  .bss               zero     0x2000'1c71       0x1  uart_pc.o [1]
  .bss               zero     0x2000'1c72       0x1  uart_pc.o [1]
  .bss               zero     0x2000'1c73       0x1  uart_pc.o [1]
  .bss               zero     0x2000'1c74       0x1  uart_pc.o [1]
  .bss               zero     0x2000'1c75       0x1  uart_pc.o [1]
                            - 0x2000'1c76    0x1746

"P2", part 3 of 3:                           0x1000
  CSTACK                      0x2000'1c78    0x1000  <Block>
    CSTACK           uninit   0x2000'1c78    0x1000  <Block tail>
                            - 0x2000'2c78    0x1000

Unused ranges:

         From           To      Size
         ----           --      ----
   0x801'9882   0x807'ffff  0x6'677e
  0x2000'2c78  0x2000'ffff    0xd388


*******************************************************************************
*** INIT TABLE
***

          Address      Size
          -------      ----
Zero (__iar_zero_init3)
    1 destination range, total size 0x1746:
          0x2000'0530  0x1746

Copy/lz77 (__iar_lz77_init_single3)
    1 source range, total size 0x23a (42% of destination):
           0x801'9648   0x23a
    1 destination range, total size 0x530:
          0x2000'0000   0x530



*******************************************************************************
*** MODULE SUMMARY
***

    Module                     ro code  ro data  rw data
    ------                     -------  -------  -------
command line/config:
    ----------------------------------------------------
    Total:

D:\Github\sb3\S-Blot-3_queue_edit\EWARM\KBlot_supreme_I\Obj: [1]
    17HS3410_Dspin.o               572                 4
    C3000_SYRINGE.o              2'132       60      144
    MG90_SERVOMOTOR.o            1'508       15      133
    SE655_Barcode.o              2'100       31      300
    adc.o                          488                78
    cam_led.o                    1'164               120
    cntrl.o                     14'012      213       78
    eeprom_ctrl.o                  900               180
    error.o                        288                25
    event.o                        204               104
    hlld.o                       3'648       21       75
    hsAT24_EEPROM.o                648        7       68
    hs_Common_Utill.o              272                60
    key_polling.o                  296        3       15
    main.o                       1'388                48
    pump.o                       3'448        9      228
    shake.o                      2'528       15      182
    sq.o                         7'728       48    1'458
    startup_stm32f103xe.o          548
    stepping.o                      68                65
    stepping_leadshine_ctrl.o    8'636       80      257
    stm32f1xx_hal.o                124                 4
    stm32f1xx_hal_adc.o          1'748
    stm32f1xx_hal_cortex.o         448
    stm32f1xx_hal_dma.o          2'598
    stm32f1xx_hal_gpio.o         1'032
    stm32f1xx_hal_i2c.o          2'042
    stm32f1xx_hal_msp.o          1'364                56
    stm32f1xx_hal_rcc.o          2'896       34
    stm32f1xx_hal_rcc_ex.o         644       18
    stm32f1xx_hal_spi.o          2'160
    stm32f1xx_hal_spi_ex.o         184                 1
    stm32f1xx_hal_tim.o          2'030
    stm32f1xx_hal_tim_ex.o          96
    stm32f1xx_hal_uart.o         2'074
    stm32f1xx_it.o                 104
    sys_func.o                   1'956      410      901
    system_stm32f1xx.o              88        2        4
    timer.o                      1'264       86      693
    uart_pc.o                    2'560       76    1'873
    ----------------------------------------------------
    Total:                      77'988    1'128    7'154

dl7M_tlf.a: [2]
    abort.o                          6
    exit.o                           4
    iar_Stoflt.o                   440
    iar_Stollx.o                   166
    iar_Stopfx.o                   290
    iar_Stoullx.o                  434       80
    iar_Stoulx.o                   332       80
    iar_Stoxflt.o                  520
    isalpha.o                       20
    isspace.o                       20
    low_level_init.o                 4
    snprintf.o                      68
    sprintf.o                       64
    sscanf.o                        40
    tolower.o                       20
    wctob.o                         52
    xencoding_8859_1.o              38
    xfail_s.o                       64                 4
    xlocale_c.o                    264       60      128
    xmbcurmax.o                     10
    xprintffull.o                4'294
    xscanffull.o                 3'884      116
    xsnprout.o                      26
    xsprout.o                       10
    xsscin.o                        30
    ----------------------------------------------------
    Total:                      11'100      336      132

m7M_tl.a: [3]
    DblAdd.o                       378
    DblCmpGe.o                      46
    DblCmpLe.o                      46
    DblDiv.o                       582
    DblMul.o                       418
    DblSub.o                       226
    DblToFlt.o                     104
    DblToS32.o                      58
    DblToU32.o                      40
    FltAdd.o                       214
    FltCmpLe.o                      36
    FltDiv.o                       252
    FltMul.o                       216
    FltSub.o                       128
    FltToDbl.o                      72
    FltToU32.o                      34
    S32ToDbl.o                      34
    S32ToFlt.o                      36
    U32ToDbl.o                      26
    frexp.o                        112
    ldexp.o                        314
    strto64.o                    1'032       72
    ----------------------------------------------------
    Total:                       4'404       72

rt7M_tl.a: [4]
    ABImemcpy.o                    166
    ABImemset.o                    102
    I64DivMod.o                    560
    I64DivZer.o                      2
    cexit.o                         10
    cmain.o                         30
    cstartup_M.o                    12
    data_init.o                     40
    lz77_init_single.o             120
    memchr.o                        88
    memset.o                        20
    strchr.o                        22
    strlen.o                        54
    zero_init3.o                    58
    ----------------------------------------------------
    Total:                       1'284

shb_l.a: [5]
    exit.o                          20
    ----------------------------------------------------
    Total:                          20

    Gaps                            20        2
    Linker created                           32    4'096
--------------------------------------------------------
    Grand Total:                94'816    1'570   11'382


*******************************************************************************
*** ENTRY LIST
***

Entry                       Address    Size  Type      Object
-----                       -------    ----  ----      ------
.iar.init_table$$Base    0x801'92e0           --   Gb  - Linker created -
.iar.init_table$$Limit   0x801'9300           --   Gb  - Linker created -
?main                    0x801'9361          Code  Gb  cmain.o [4]
ACKBuf                  0x2000'1af0     0xc  Data  Gb  pump.o [1]
ACK_BUF_LENGTH          0x2000'1be8     0x2  Data  Gb  pump.o [1]
ADC_ConversionStop_Disable
                         0x801'2189    0x4a  Code  Gb  stm32f1xx_hal_adc.o [1]
ADC_Enable               0x801'20e5    0x6e  Code  Gb  stm32f1xx_hal_adc.o [1]
Air_temp_res            0x2000'1b1c     0x4  Data  Gb  adc.o [1]
Air_temp_res_vol         0x800'f509    0xbc  Code  Gb  adc.o [1]
BSP_AT24_I2C_Read        0x801'26e5    0x60  Code  Gb  hsAT24_EEPROM.o [1]
BSP_AT24_I2C_Write       0x801'2685    0x60  Code  Gb  hsAT24_EEPROM.o [1]
BusFault_Handler         0x801'9043     0x2  Code  Gb  stm32f1xx_it.o [1]
C3000_send_command       0x800'a22d   0x124  Code  Gb  C3000_SYRINGE.o [1]
C3000_srige_oper         0x800'9f7b   0x21a  Code  Gb  C3000_SYRINGE.o [1]
CLLD_HOME                0x800'5cd3    0x6e  Code  Gb  stepping_leadshine_ctrl.o [1]
CLLD_OP                  0x800'5caf    0x1c  Code  Gb  stepping_leadshine_ctrl.o [1]
CLLD_VOL_Check          0x2000'1c2e     0x1  Data  Gb  hlld.o [1]
CSTACK$$Base            0x2000'1c78           --   Gb  - Linker created -
CSTACK$$Limit           0x2000'2c78           --   Gb  - Linker created -
CacheMore                0x801'6f65    0x28  Code  Lc  xlocale_c.o [2]
DMA1_Channel4_IRQHandler
                         0x801'9087     0xa  Code  Gb  stm32f1xx_it.o [1]
DMA_SetConfig            0x801'3835    0x22  Code  Lc  stm32f1xx_hal_dma.o [1]
DebugMon_Handler         0x801'9047     0x2  Code  Gb  stm32f1xx_it.o [1]
Dtentox                  0x801'7609   0x1fc  Code  Lc  strto64.o [3]
Get_LEAD_ReceivPacketHandle
                         0x800'76db    0xd4  Code  Gb  stepping_leadshine_ctrl.o [1]
Get_SYRINGE_ReceivPacketHandle
                         0x800'a377    0x60  Code  Gb  C3000_SYRINGE.o [1]
HAL_ADC_ConfigChannel    0x801'1f35   0x1ac  Code  Gb  stm32f1xx_hal_adc.o [1]
HAL_ADC_GetValue         0x801'1f2f     0x6  Code  Gb  stm32f1xx_hal_adc.o [1]
HAL_ADC_Init             0x801'1b01   0x16e  Code  Gb  stm32f1xx_hal_adc.o [1]
HAL_ADC_MspInit          0x801'2945    0xa4  Code  Gb  stm32f1xx_hal_msp.o [1]
HAL_ADC_PollForConversion
                         0x801'1dcd   0x162  Code  Gb  stm32f1xx_hal_adc.o [1]
HAL_ADC_Start            0x801'1c6f   0x122  Code  Gb  stm32f1xx_hal_adc.o [1]
HAL_ADC_Stop             0x801'1d91    0x3c  Code  Gb  stm32f1xx_hal_adc.o [1]
HAL_DMA_IRQHandler       0x801'2ef9   0x8fc  Code  Gb  stm32f1xx_hal_dma.o [1]
HAL_DMA_Init             0x801'2e31    0x5a  Code  Gb  stm32f1xx_hal_dma.o [1]
HAL_DMA_Start_IT         0x801'2e8b    0x6e  Code  Gb  stm32f1xx_hal_dma.o [1]
HAL_Delay                0x800'eded    0x18  Code  Wk  stm32f1xx_hal.o [1]
HAL_GPIO_DeInit          0x800'ec23   0x146  Code  Gb  stm32f1xx_hal_gpio.o [1]
HAL_GPIO_Init            0x800'e9e5   0x23e  Code  Gb  stm32f1xx_hal_gpio.o [1]
HAL_GPIO_ReadPin         0x800'ed69    0x16  Code  Gb  stm32f1xx_hal_gpio.o [1]
HAL_GPIO_TogglePin       0x800'ed99     0xc  Code  Gb  stm32f1xx_hal_gpio.o [1]
HAL_GPIO_WritePin        0x800'ed7f    0x1a  Code  Gb  stm32f1xx_hal_gpio.o [1]
HAL_GetTick              0x801'1af5     0xc  Code  Wk  stm32f1xx_hal.o [1]
HAL_I2C_Init             0x801'6705    0xb6  Code  Gb  stm32f1xx_hal_i2c.o [1]
HAL_I2C_Mem_Read         0x801'68e1   0x238  Code  Gb  stm32f1xx_hal_i2c.o [1]
HAL_I2C_Mem_Write        0x801'67c5   0x11c  Code  Gb  stm32f1xx_hal_i2c.o [1]
HAL_I2C_MspInit          0x801'29e9    0x40  Code  Gb  stm32f1xx_hal_msp.o [1]
HAL_IncTick              0x801'90a9    0x10  Code  Wk  stm32f1xx_hal.o [1]
HAL_Init                 0x801'8f61    0x20  Code  Gb  stm32f1xx_hal.o [1]
HAL_InitTick             0x801'6eff    0x24  Code  Wk  stm32f1xx_hal.o [1]
HAL_MspInit              0x801'28dd    0x68  Code  Gb  stm32f1xx_hal_msp.o [1]
HAL_NVIC_DisableIRQ      0x800'f3ab     0xe  Code  Gb  stm32f1xx_hal_cortex.o [1]
HAL_NVIC_EnableIRQ       0x800'f39d     0xe  Code  Gb  stm32f1xx_hal_cortex.o [1]
HAL_NVIC_SetPriority     0x800'f373    0x2a  Code  Gb  stm32f1xx_hal_cortex.o [1]
HAL_NVIC_SetPriorityGrouping
                         0x800'f367     0xc  Code  Gb  stm32f1xx_hal_cortex.o [1]
HAL_NVIC_SystemReset     0x800'f3b9     0x8  Code  Gb  stm32f1xx_hal_cortex.o [1]
HAL_RCCEx_GetPeriphCLKFreq
                         0x801'64bf   0x140  Code  Gb  stm32f1xx_hal_rcc_ex.o [1]
HAL_RCCEx_PeriphCLKConfig
                         0x801'63a9   0x116  Code  Gb  stm32f1xx_hal_rcc_ex.o [1]
HAL_RCC_ClockConfig      0x801'3f41   0x336  Code  Gb  stm32f1xx_hal_rcc.o [1]
HAL_RCC_GetHCLKFreq      0x801'4301    0x26  Code  Gb  stm32f1xx_hal_rcc.o [1]
HAL_RCC_GetPCLK1Freq     0x801'4327    0x20  Code  Gb  stm32f1xx_hal_rcc.o [1]
HAL_RCC_GetPCLK2Freq     0x801'4347    0x20  Code  Gb  stm32f1xx_hal_rcc.o [1]
HAL_RCC_GetSysClockFreq
                         0x801'4277    0x8a  Code  Gb  stm32f1xx_hal_rcc.o [1]
HAL_RCC_OscConfig        0x801'3859   0x6e8  Code  Gb  stm32f1xx_hal_rcc.o [1]
HAL_SPI_GetState         0x801'0adf     0x6  Code  Gb  stm32f1xx_hal_spi.o [1]
HAL_SPI_Init             0x801'01a1    0x8c  Code  Gb  stm32f1xx_hal_spi_ex.o [1]
HAL_SPI_MspInit          0x801'2a29    0x56  Code  Gb  stm32f1xx_hal_msp.o [1]
HAL_SPI_Receive          0x801'0537   0x24c  Code  Gb  stm32f1xx_hal_spi.o [1]
HAL_SPI_Transmit         0x801'0369   0x1ce  Code  Gb  stm32f1xx_hal_spi.o [1]
HAL_SPI_TransmitReceive
                         0x801'0783   0x35c  Code  Gb  stm32f1xx_hal_spi.o [1]
HAL_SYSTICK_CLKSourceConfig
                         0x800'f3cd    0x1c  Code  Gb  stm32f1xx_hal_cortex.o [1]
HAL_SYSTICK_Callback     0x800'de2d    0x10  Code  Gb  timer.o [1]
HAL_SYSTICK_Config       0x800'f3c1     0xc  Code  Gb  stm32f1xx_hal_cortex.o [1]
HAL_SYSTICK_IRQHandler   0x800'f415     0x8  Code  Gb  stm32f1xx_hal_cortex.o [1]
HAL_TIMEx_BreakCallback
                         0x801'43af     0x2  Code  Wk  stm32f1xx_hal_tim_ex.o [1]
HAL_TIMEx_CommutationCallback
                         0x801'43b3     0x2  Code  Wk  stm32f1xx_hal_tim_ex.o [1]
HAL_TIMEx_MasterConfigSynchronization
                         0x801'17bd    0x5a  Code  Gb  stm32f1xx_hal_tim_ex.o [1]
HAL_TIM_Base_Init        0x801'0fd5    0x38  Code  Gb  stm32f1xx_hal_tim.o [1]
HAL_TIM_Base_MspInit     0x801'2acd    0x32  Code  Gb  stm32f1xx_hal_msp.o [1]
HAL_TIM_Base_Start_IT    0x801'100d    0x1e  Code  Gb  stm32f1xx_hal_tim.o [1]
HAL_TIM_ConfigClockSource
                         0x801'13af   0x11c  Code  Gb  stm32f1xx_hal_tim.o [1]
HAL_TIM_IRQHandler       0x801'1139   0x176  Code  Gb  stm32f1xx_hal_tim.o [1]
HAL_TIM_PWM_ConfigChannel
                         0x801'12af   0x100  Code  Gb  stm32f1xx_hal_tim.o [1]
HAL_TIM_PWM_Init         0x801'102b    0x38  Code  Gb  stm32f1xx_hal_tim.o [1]
HAL_TIM_PWM_MspInit      0x801'2a7f    0x4e  Code  Gb  stm32f1xx_hal_msp.o [1]
HAL_TIM_PWM_Start        0x801'1063    0x4c  Code  Gb  stm32f1xx_hal_tim.o [1]
HAL_TIM_PWM_Stop         0x801'10af    0x82  Code  Gb  stm32f1xx_hal_tim.o [1]
HAL_TIM_PeriodElapsedCallback
                         0x800'de9d    0x38  Code  Gb  timer.o [1]
HAL_UART_DeInit          0x800'f9f9    0x4a  Code  Gb  stm32f1xx_hal_uart.o [1]
HAL_UART_ErrorCallback   0x800'e1fb    0x4c  Code  Gb  uart_pc.o [1]
HAL_UART_IRQHandler      0x800'fc6b   0x168  Code  Gb  stm32f1xx_hal_uart.o [1]
HAL_UART_Init            0x800'f989    0x70  Code  Gb  stm32f1xx_hal_uart.o [1]
HAL_UART_MspDeInit       0x801'2d23    0xbe  Code  Gb  stm32f1xx_hal_msp.o [1]
HAL_UART_MspInit         0x801'2aff   0x224  Code  Gb  stm32f1xx_hal_msp.o [1]
HAL_UART_Receive_IT      0x800'fb3d    0x88  Code  Gb  stm32f1xx_hal_uart.o [1]
HAL_UART_RxCpltCallback
                         0x800'e1d7    0x24  Code  Gb  uart_pc.o [1]
HAL_UART_Transmit        0x800'fa43    0xfa  Code  Gb  stm32f1xx_hal_uart.o [1]
HAL_UART_Transmit_DMA    0x800'fbc5    0xa6  Code  Gb  stm32f1xx_hal_uart.o [1]
HAL_UART_TxCpltCallback
                         0x800'e67d    0x12  Code  Gb  uart_pc.o [1]
Handle_GUI_LLD_FWDownloadStream
                         0x800'e0b3    0xe0  Code  Gb  uart_pc.o [1]
I2C_Configure_Speed      0x801'6d0f    0x5c  Code  Lc  stm32f1xx_hal_i2c.o [1]
I2C_Mem_Read            0x2000'0004     0x4  Data  Gb  hsAT24_EEPROM.o [1]
I2C_Mem_Write           0x2000'0000     0x4  Data  Gb  hsAT24_EEPROM.o [1]
I2C_RequestMemoryRead    0x801'6be7   0x128  Code  Lc  stm32f1xx_hal_i2c.o [1]
I2C_RequestMemoryWrite   0x801'6b29    0xbe  Code  Lc  stm32f1xx_hal_i2c.o [1]
I2C_WaitOnFlagUntilTimeout
                         0x801'6d79    0xdc  Code  Lc  stm32f1xx_hal_i2c.o [1]
I2C_WaitOnMasterAddressFlagUntilTimeout
                         0x801'6e55    0xaa  Code  Lc  stm32f1xx_hal_i2c.o [1]
LEAD_QueHaveDataSize     0x800'7393    0x30  Code  Gb  stepping_leadshine_ctrl.o [1]
LEAD_QueReset            0x800'7365    0x2e  Code  Gb  stepping_leadshine_ctrl.o [1]
LEAD_ReceivPacketExec    0x800'77af    0x92  Code  Gb  stepping_leadshine_ctrl.o [1]
LEAD_ReceiveGetQue       0x800'732d    0x32  Code  Gb  stepping_leadshine_ctrl.o [1]
LEAD_ReceivePutQue       0x800'72f1    0x2e  Code  Gb  stepping_leadshine_ctrl.o [1]
LLD_VER_Buf_H           0x2000'1b50     0x4  Data  Gb  hlld.o [1]
LLD_VER_Buf_L           0x2000'1b54     0x4  Data  Gb  hlld.o [1]
LLD_homeing_flag        0x2000'1c19     0x1  Data  Gb  cntrl.o [1]
MX_ADC2_Init             0x801'8d05    0x3e  Code  Lc  main.o [1]
MX_ADC3_Init             0x800'f41d    0x3e  Code  Gb  adc.o [1]
MX_DMA_Init              0x801'8cdd    0x28  Code  Lc  main.o [1]
MX_GPIO_Init             0x801'8d43   0x1c6  Code  Lc  main.o [1]
MX_I2C1_Init             0x801'2655    0x30  Code  Gb  hsAT24_EEPROM.o [1]
MX_SPI1_Init             0x800'80c1    0x4e  Code  Gb  shake.o [1]
MX_TIM2_Init             0x800'de3d    0x56  Code  Gb  timer.o [1]
MX_TIM4_Init             0x800'8aa1    0x54  Code  Gb  MG90_SERVOMOTOR.o [1]
MX_USART1_UART_Init      0x800'e015    0x3e  Code  Gb  uart_pc.o [1]
MX_USART2_UART_Init      0x800'a7b5    0x3e  Code  Gb  SE655_Barcode.o [1]
MX_USART3_UART_Init      0x800'a195    0x46  Code  Gb  C3000_SYRINGE.o [1]
MX_USART4_UART_Init      0x801'8f85    0x44  Code  Gb  stepping.o [1]
MX_USART5_UART_Init      0x800'9085    0x3e  Code  Gb  pump.o [1]
MemManage_Handler        0x801'9041     0x2  Code  Gb  stm32f1xx_it.o [1]
NVIC_DisableIRQ          0x800'9e15    0x18  Code  Lc  C3000_SYRINGE.o [1]
NVIC_DisableIRQ          0x801'026f    0x16  Code  Lc  hs_Common_Utill.o [1]
NVIC_DisableIRQ          0x800'58a5    0x18  Code  Lc  stepping_leadshine_ctrl.o [1]
NVIC_DisableIRQ          0x800'f29b    0x16  Code  Lc  stm32f1xx_hal_cortex.o [1]
NVIC_DisableIRQ          0x800'dffd    0x18  Code  Lc  uart_pc.o [1]
NVIC_EnableIRQ           0x800'9dfd    0x18  Code  Lc  C3000_SYRINGE.o [1]
NVIC_EnableIRQ           0x801'0259    0x16  Code  Lc  hs_Common_Utill.o [1]
NVIC_EnableIRQ           0x800'588d    0x18  Code  Lc  stepping_leadshine_ctrl.o [1]
NVIC_EnableIRQ           0x800'f285    0x16  Code  Lc  stm32f1xx_hal_cortex.o [1]
NVIC_EnableIRQ           0x800'dfe5    0x18  Code  Lc  uart_pc.o [1]
NVIC_EncodePriority      0x800'f2dd    0x40  Code  Lc  stm32f1xx_hal_cortex.o [1]
NVIC_GetPriorityGrouping
                         0x800'f27b     0xa  Code  Lc  stm32f1xx_hal_cortex.o [1]
NVIC_SetPriority         0x800'f2b1    0x2c  Code  Lc  stm32f1xx_hal_cortex.o [1]
NVIC_SetPriorityGrouping
                         0x800'f25d    0x1e  Code  Lc  stm32f1xx_hal_cortex.o [1]
NVIC_SystemReset         0x801'89f5    0x1e  Code  Lc  main.o [1]
NVIC_SystemReset         0x800'f31d    0x1a  Code  Lc  stm32f1xx_hal_cortex.o [1]
New_Pump_Data_Trans_s    0x800'9ac7    0x20  Code  Gb  pump.o [1]
New_Pump_Reset           0x800'92dd    0x46  Code  Gb  pump.o [1]
New_Pump_RollBack        0x800'9271    0x6c  Code  Gb  pump.o [1]
New_Pump_Run             0x800'9205    0x6c  Code  Gb  pump.o [1]
PCtoSub                 0x2000'1c74     0x1  Data  Gb  uart_pc.o [1]
PRIME_homeing_flag      0x2000'1c1a     0x1  Data  Gb  cntrl.o [1]
Region$$Table$$Base      0x801'92e0           --   Gb  - Linker created -
Region$$Table$$Limit     0x801'9300           --   Gb  - Linker created -
SPI_ISCRCErrorValid      0x801'022d    0x22  Code  Gb  stm32f1xx_hal_spi_ex.o [1]
SPI_WaitOnFlagUntilTimeout
                         0x801'0ae5    0xf4  Code  Lc  stm32f1xx_hal_spi.o [1]
SUBMatchIdx             0x2000'1c39     0x1  Data  Gb  pump.o [1]
SUB_FW_DOWN_MODE        0x2000'1c36     0x1  Data  Gb  pump.o [1]
SUB_TOTAL_LENGTH        0x2000'1bea     0x2  Data  Gb  pump.o [1]
SWS_OP                   0x800'5ccb     0x8  Code  Gb  stepping_leadshine_ctrl.o [1]
SYRINGE_QueHaveDataSize
                         0x800'9ebb    0x30  Code  Gb  C3000_SYRINGE.o [1]
SYRINGE_QueReset         0x800'9e8d    0x2e  Code  Gb  C3000_SYRINGE.o [1]
SYRINGE_ReceivPacketExec
                         0x800'a3e1    0x36  Code  Gb  C3000_SYRINGE.o [1]
SYRINGE_ReceiveGetQue    0x800'9e5b    0x32  Code  Gb  C3000_SYRINGE.o [1]
SYRINGE_ReceivePutQue    0x800'9e2d    0x2e  Code  Gb  C3000_SYRINGE.o [1]
Sample_LLD_ClearEvents   0x800'dcc3    0x8c  Code  Gb  timer.o [1]
Sample_LLD_ClearPrimeEvents
                         0x800'dd4f    0x8c  Code  Gb  timer.o [1]
Se655_Barcode_Init       0x800'a6dd    0xd8  Code  Gb  SE655_Barcode.o [1]
SubToPC                 0x2000'1c37     0x1  Data  Gb  pump.o [1]
Syringe_485_Direction_Set
                         0x800'9f67    0x14  Code  Gb  C3000_SYRINGE.o [1]
Syringe_Que_Handle      0x2000'177c    0x3c  Data  Gb  C3000_SYRINGE.o [1]
SysTick_Config           0x800'f337    0x30  Code  Lc  stm32f1xx_hal_cortex.o [1]
SysTick_Handler          0x801'9049     0xc  Code  Gb  stm32f1xx_it.o [1]
SystemClock_Config       0x801'8c65    0x78  Code  Gb  main.o [1]
SystemCoreClock         0x2000'048c     0x4  Data  Gb  system_stm32f1xx.o [1]
SystemInit               0x801'90b9    0x3c  Code  Gb  system_stm32f1xx.o [1]
THERMISTOR1_INT          0x800'f475    0x94  Code  Gb  adc.o [1]
TIM2_IRQHandler          0x800'de93     0xa  Code  Gb  timer.o [1]
TIM_Base_SetConfig       0x801'14cb    0x88  Code  Gb  stm32f1xx_hal_tim.o [1]
TIM_CCxChannelCmd        0x801'179f    0x1c  Code  Gb  stm32f1xx_hal_tim.o [1]
TIM_ETR_SetConfig        0x801'1785    0x1a  Code  Lc  stm32f1xx_hal_tim.o [1]
TIM_ITRx_SetConfig       0x801'176b    0x1a  Code  Lc  stm32f1xx_hal_tim.o [1]
TIM_OC1_SetConfig        0x801'1553    0x6c  Code  Lc  stm32f1xx_hal_tim.o [1]
TIM_OC2_SetConfig        0x801'15bf    0x7a  Code  Gb  stm32f1xx_hal_tim.o [1]
TIM_OC3_SetConfig        0x801'1639    0x74  Code  Lc  stm32f1xx_hal_tim.o [1]
TIM_OC4_SetConfig        0x801'16ad    0x58  Code  Lc  stm32f1xx_hal_tim.o [1]
TIM_TI1_ConfigInputStage
                         0x801'1719    0x28  Code  Lc  stm32f1xx_hal_tim.o [1]
TIM_TI2_ConfigInputStage
                         0x801'1741    0x2a  Code  Lc  stm32f1xx_hal_tim.o [1]
UART1_ReInit             0x800'e053    0x42  Code  Gb  uart_pc.o [1]
UART2_Barcode_RxCpltCallback
                         0x800'a84f    0x32  Code  Gb  SE655_Barcode.o [1]
UART2_ReInit             0x800'a7f3    0x42  Code  Gb  SE655_Barcode.o [1]
UART3_ReInit             0x800'a1db    0x42  Code  Gb  C3000_SYRINGE.o [1]
UART4_IRQHandler         0x801'9073     0xa  Code  Gb  stm32f1xx_it.o [1]
UART4_ReInit             0x800'73f7    0x42  Code  Gb  stepping_leadshine_ctrl.o [1]
UART5_IRQHandler         0x801'907d     0xa  Code  Gb  stm32f1xx_it.o [1]
UART5_QueHaveDataSize    0x801'032f    0x2e  Code  Gb  hs_Common_Utill.o [1]
UART5_QueReset           0x801'0303    0x2c  Code  Gb  hs_Common_Utill.o [1]
UART5_ReInit             0x800'91bb    0x42  Code  Gb  pump.o [1]
UART5_ReceiveGetQue      0x801'02d3    0x30  Code  Gb  hs_Common_Utill.o [1]
UART5_ReceivePutQue      0x801'02a7    0x2c  Code  Gb  hs_Common_Utill.o [1]
UART_Barcode_RxCpltCallback
                         0x800'a999    0x12  Code  Gb  SE655_Barcode.o [1]
UART_DMAError            0x800'fe19    0x24  Code  Lc  stm32f1xx_hal_uart.o [1]
UART_DMATransmitCplt     0x800'fdd5    0x34  Code  Lc  stm32f1xx_hal_uart.o [1]
UART_DMATxHalfCplt       0x800'fe09     0xe  Code  Lc  stm32f1xx_hal_uart.o [1]
UART_EndTransmit_IT      0x800'ff99    0x3c  Code  Lc  stm32f1xx_hal_uart.o [1]
UART_PC_RxCpltCallback   0x800'e193    0x44  Code  Gb  uart_pc.o [1]
UART_Pump_LLD_RxCpltCallback
                         0x800'90c3    0xf8  Code  Gb  pump.o [1]
UART_Receive_IT          0x800'ffd5    0xc4  Code  Lc  stm32f1xx_hal_uart.o [1]
UART_SetConfig           0x801'0099    0xfe  Code  Lc  stm32f1xx_hal_uart.o [1]
UART_StepMotor_RxCpltCallback
                         0x800'73cd    0x2a  Code  Gb  stepping_leadshine_ctrl.o [1]
UART_Syringe_RxCpltCallback
                         0x800'a351    0x26  Code  Gb  C3000_SYRINGE.o [1]
UART_Transmit_IT         0x800'ff21    0x78  Code  Lc  stm32f1xx_hal_uart.o [1]
UART_WaitOnFlagUntilTimeout
                         0x800'fe3d    0xe4  Code  Lc  stm32f1xx_hal_uart.o [1]
USART1_IRQHandler        0x801'9055     0xa  Code  Gb  stm32f1xx_it.o [1]
USART2_IRQHandler        0x801'905f     0xa  Code  Gb  stm32f1xx_it.o [1]
USART3_IRQHandler        0x801'9069     0xa  Code  Gb  stm32f1xx_it.o [1]
UsageFault_Handler       0x801'9045     0x2  Code  Gb  stm32f1xx_it.o [1]
_Encoding_8859_1_Mbrlen
                         0x801'0c0d     0x2  Code  Gb  xencoding_8859_1.o [2]
_Encoding_8859_1_Mbtowc
                         0x801'0c05     0x8  Code  Gb  xencoding_8859_1.o [2]
_Encoding_8859_1_Wctomb
                         0x801'0bf3    0x12  Code  Gb  xencoding_8859_1.o [2]
_Get                     0x801'547d    0x12  Code  Lc  xscanffull.o [2]
_GetN                    0x801'548f    0x22  Code  Lc  xscanffull.o [2]
_GetstrFull              0x801'60c5   0x294  Code  Lc  xscanffull.o [2]
_LitobFull               0x801'52c7   0x10a  Code  Lc  xprintffull.o [2]
_LocaleC_isalpha         0x801'6f2b     0xc  Code  Gb  xlocale_c.o [2]
_LocaleC_islower         0x801'6f25     0x4  Code  Gb  xlocale_c.o [2]
_LocaleC_isspace         0x801'6f41    0x14  Code  Gb  xlocale_c.o [2]
_LocaleC_isupper         0x801'6f29     0x2  Code  Gb  xlocale_c.o [2]
_LocaleC_tolower         0x801'6f55     0xc  Code  Gb  xlocale_c.o [2]
_Locale_lconv           0x2000'0498    0x38  Data  Lc  xlocale_c.o [2]
_PrintfFull              0x801'43b5   0xcc2  Code  Gb  xprintffull.o [2]
_PutcharsFull            0x801'5439    0x2e  Code  Lc  xprintffull.o [2]
_PutstrFull              0x801'5207    0xc0  Code  Lc  xprintffull.o [2]
_PuttxtFull              0x801'50fb   0x10c  Code  Lc  xprintffull.o [2]
_SNProut                 0x801'0f53    0x1a  Code  Gb  xsnprout.o [2]
_SProut                  0x801'0fa7     0xa  Code  Gb  xsprout.o [2]
_SScin                   0x801'0dbb    0x1e  Code  Gb  xsscin.o [2]
_ScanfFull               0x801'54cd   0xb7c  Code  Gb  xscanffull.o [2]
_UngetN                  0x801'54b1    0x1a  Code  Lc  xscanffull.o [2]
__aeabi_cdcmple          0x801'714d          Code  Gb  DblCmpLe.o [3]
__aeabi_cdrcmple         0x801'717d          Code  Gb  DblCmpGe.o [3]
__aeabi_cfcmple          0x800'effd          Code  Gb  FltCmpLe.o [3]
__aeabi_d2f              0x801'241d          Code  Gb  DblToFlt.o [3]
__aeabi_d2iz             0x801'0f6d          Code  Gb  DblToS32.o [3]
__aeabi_d2uiz            0x801'1819          Code  Gb  DblToU32.o [3]
__aeabi_dadd             0x801'0dd9          Code  Gb  DblAdd.o [3]
__aeabi_ddiv             0x801'21d5          Code  Gb  DblDiv.o [3]
__aeabi_dmul             0x801'0c19          Code  Gb  DblMul.o [3]
__aeabi_dsub             0x801'24cd          Code  Gb  DblSub.o [3]
__aeabi_f2d              0x801'2485          Code  Gb  FltToDbl.o [3]
__aeabi_f2uiz            0x801'2631          Code  Gb  FltToU32.o [3]
__aeabi_fdiv             0x800'ee29          Code  Gb  FltDiv.o [3]
__aeabi_fmul             0x800'ef25          Code  Gb  FltMul.o [3]
__aeabi_fsub             0x801'25b1          Code  Gb  FltSub.o [3]
__aeabi_i2d              0x801'0fb1          Code  Gb  S32ToDbl.o [3]
__aeabi_i2f              0x800'ee05          Code  Gb  S32ToFlt.o [3]
__aeabi_ldiv0            0x801'7be5          Code  Gb  I64DivZer.o [4]
__aeabi_memcpy           0x801'18fd          Code  Gb  ABImemcpy.o [4]
__aeabi_memcpy4          0x801'191d          Code  Gb  ABImemcpy.o [4]
__aeabi_memcpy8          0x801'191d          Code  Gb  ABImemcpy.o [4]
__aeabi_memset           0x800'57ed          Code  Gb  ABImemset.o [4]
__aeabi_ui2d             0x801'0bd9          Code  Gb  U32ToDbl.o [3]
__aeabi_uldivmod         0x801'72f1          Code  Gb  I64DivMod.o [4]
__cmain                  0x801'9361          Code  Gb  cmain.o [4]
__exit                   0x801'80f1    0x14  Code  Gb  exit.o [5]
__iar_Fail_s             0x801'7045    0x1c  Code  Gb  xfail_s.o [2]
__iar_Mbcurmax           0x801'72e7     0xa  Code  Gb  xmbcurmax.o [2]
__iar_Memchr             0x801'7085          Code  Gb  memchr.o [4]
__iar_Memset             0x800'57ed          Code  Gb  ABImemset.o [4]
__iar_Memset_word        0x800'57f5          Code  Gb  ABImemset.o [4]
__iar_Sto64              0x801'7805   0x152  Code  Gb  strto64.o [3]
__iar_Stoflt             0x801'7d1d   0x1b8  Code  Gb  iar_Stoflt.o [2]
__iar_Stollx             0x801'7b39    0xa0  Code  Gb  iar_Stollx.o [2]
__iar_Stopfx             0x801'7bfb   0x122  Code  Gb  iar_Stopfx.o [2]
__iar_Stoullx            0x801'7985   0x1a4  Code  Gb  iar_Stoullx.o [2]
__iar_Stoulx             0x801'88a9   0x13a  Code  Gb  iar_Stoulx.o [2]
__iar_Stoxflt            0x801'7ed5   0x1d2  Code  Gb  iar_Stoxflt.o [2]
__iar_Stoxflt::digits    0x801'80ac    0x18  Data  Lc  iar_Stoxflt.o [2]
__iar_Stoxflt::vals      0x801'80c4    0x18  Data  Lc  iar_Stoxflt.o [2]
__iar_Strchr             0x801'702d          Code  Gb  strchr.o [4]
__iar_dadd               0x801'24dd          Code  Gb  DblSub.o [3]
__iar_data_init3         0x801'92b9    0x28  Code  Gb  data_init.o [4]
__iar_dsub               0x801'0de9          Code  Gb  DblAdd.o [3]
__iar_dsubStart          0x801'0dfb          Code  Gb  DblAdd.o [3]
__iar_fadd               0x801'25bd          Code  Gb  FltSub.o [3]
__iar_frexp              0x801'70e9          Code  Gb  frexp.o [3]
__iar_frexp64            0x801'70dd          Code  Gb  frexp.o [3]
__iar_frexpl             0x801'70e9          Code  Gb  frexp.o [3]
__iar_fsub               0x801'662d          Code  Gb  FltAdd.o [3]
__iar_fsubStart          0x801'663d          Code  Gb  FltAdd.o [3]
__iar_globLocale        0x2000'04d0    0x48  Data  Lc  xlocale_c.o [2]
__iar_global_Locale      0x801'6f61     0x4  Code  Gb  xlocale_c.o [2]
__iar_ldexp64            0x801'71ad          Code  Gb  ldexp.o [3]
__iar_lz77_init_single3
                         0x801'8fc9    0x78  Code  Gb  lz77_init_single.o [4]
__iar_program_start      0x801'94e5          Code  Gb  cstartup_M.o [4]
__iar_scalbln64          0x801'71ad          Code  Gb  ldexp.o [3]
__iar_scalbn64           0x801'71ad          Code  Gb  ldexp.o [3]
__iar_zero_init3         0x800'5853    0x3a  Code  Gb  zero_init3.o [4]
__low_level_init         0x801'937f     0x4  Code  Gb  low_level_init.o [2]
__vector_table           0x800'2000          Data  Gb  startup_stm32f103xe.o [1]
_call_main               0x801'936d          Code  Gb  cmain.o [4]
_exit                    0x801'9389          Code  Gb  cexit.o [4]
_gLocale_mblen           0x801'700b     0x4  Code  Gb  xlocale_c.o [2]
_gLocale_mblenInt        0x801'6f8d    0x2c  Code  Gb  xlocale_c.o [2]
_gLocale_mbtowc          0x801'700f     0xc  Code  Gb  xlocale_c.o [2]
_gLocale_mbtowcInt       0x801'6fb9    0x42  Code  Gb  xlocale_c.o [2]
_gLocale_wctomb          0x801'701b     0x4  Code  Gb  xlocale_c.o [2]
_gLocale_wctombInt       0x801'7007     0x4  Code  Gb  xlocale_c.o [2]
_main                    0x801'937b          Code  Gb  cmain.o [4]
aAPBAHBPrescTable        0x801'9490    0x10  Data  Gb  stm32f1xx_hal_rcc.o [1]
abort                    0x801'7bdf     0x6  Code  Gb  abort.o [2]
ack_idx                 0x2000'1c35     0x1  Data  Gb  pump.o [1]
ad_t_cnt                0x2000'052c     0x1  Data  Gb  timer.o [1]
adc_ctrl                 0x800'f45b    0x1a  Code  Gb  adc.o [1]
admin_positon_flag      0x2000'1c6b     0x1  Data  Gb  sys_func.o [1]
aging_mode              0x2000'1c47     0x1  Data  Gb  sq.o [1]
air_temper              0x2000'1ba8     0x4  Data  Gb  sys_func.o [1]
all_homeing              0x800'5a71     0xe  Code  Gb  stepping_leadshine_ctrl.o [1]
appCfg                  0x2000'1acc     0xc  Data  Gb  eeprom_ctrl.o [1]
app_data_read            0x800'f8ef    0x18  Code  Gb  eeprom_ctrl.o [1]
app_data_write           0x800'f907    0x18  Code  Gb  eeprom_ctrl.o [1]
ascii2hex                0x800'e247    0x4e  Code  Gb  uart_pc.o [1]
asp                     0x2000'02b0    0x58  Data  Gb  sys_func.o [1]
asp_cnt                 0x2000'1c13     0x1  Data  Gb  cntrl.o [1]
asp_eve_cnt             0x2000'1c12     0x1  Data  Gb  cntrl.o [1]
asp_flg                 0x2000'1c29     0x1  Data  Gb  cntrl.o [1]
asp_home_init            0x800'8b97     0xe  Code  Gb  MG90_SERVOMOTOR.o [1]
asp_mt                  0x2000'0008    0x24  Data  Gb  MG90_SERVOMOTOR.o [1]
asp_re_cunt             0x2000'1c20     0x1  Data  Gb  cntrl.o [1]
asp_roll_back           0x2000'0518     0x2  Data  Gb  cntrl.o [1]
asp_xaixs_init_pos      0x2000'1b34     0x4  Data  Gb  cntrl.o [1]
atoi                     0x801'89e9     0x2  Code  Gb  iar_Stoulx.o [2]
auto_cl                 0x2000'0428    0x60  Data  Gb  sys_func.o [1]
auto_cl_re_cunt         0x2000'1c21     0x1  Data  Gb  cntrl.o [1]
auto_clean_eve_cnt      0x2000'1c09     0x1  Data  Gb  cntrl.o [1]
auto_clean_repeat_flg   0x2000'1c68     0x1  Data  Gb  sys_func.o [1]
auto_prime_flg          0x2000'1c6a     0x1  Data  Gb  sys_func.o [1]
barCfg                  0x2000'1a84     0xc  Data  Gb  eeprom_ctrl.o [1]
bar_data_checksum       0x2000'1b60     0x4  Data  Gb  SE655_Barcode.o [1]
bar_index_num_flag      0x2000'1c42     0x1  Data  Gb  SE655_Barcode.o [1]
bar_indx_oper_flg       0x2000'1c40     0x1  Data  Gb  SE655_Barcode.o [1]
bar_mem_init             0x800'a6a3    0x3a  Code  Gb  SE655_Barcode.o [1]
bar_param_read           0x800'f83b    0x12  Code  Gb  eeprom_ctrl.o [1]
bar_param_write          0x800'f84d    0x12  Code  Gb  eeprom_ctrl.o [1]
bar_pm                  0x2000'002c    0x14  Data  Gb  SE655_Barcode.o [1]
bar_pr                  0x2000'011c    0x5c  Data  Gb  sys_func.o [1]
bar_rack_num            0x2000'1c02     0x1  Data  Gb  cntrl.o [1]
bar_scan_cnt            0x2000'1c03     0x1  Data  Gb  cntrl.o [1]
barcode_data_send        0x800'a835    0x1a  Code  Gb  SE655_Barcode.o [1]
barcode_flag            0x2000'1c41     0x1  Data  Gb  SE655_Barcode.o [1]
barcode_off              0x800'a9d1    0x1a  Code  Gb  SE655_Barcode.o [1]
barcode_rx_data_buffer  0x2000'1258    0xc8  Data  Gb  SE655_Barcode.o [1]
barcode_triger           0x800'a9ab    0x26  Code  Gb  SE655_Barcode.o [1]
base_time               0x2000'1b74     0x4  Data  Gb  sq.o [1]
bath_xpos_temp          0x2000'1b58     0x4  Data  Gb  MG90_SERVOMOTOR.o [1]
bath_ypos_temp          0x2000'1b90     0x4  Data  Gb  stepping_leadshine_ctrl.o [1]
bath_zpos_temp          0x2000'1b94     0x4  Data  Gb  stepping_leadshine_ctrl.o [1]
beep                     0x800'ded5    0x18  Code  Gb  timer.o [1]
beep_cnt                0x2000'1bb8     0x4  Data  Gb  timer.o [1]
beep_duty               0x2000'1c6f     0x1  Data  Gb  timer.o [1]
beep_en                 0x2000'1c70     0x1  Data  Gb  timer.o [1]
beep_polling             0x800'deed    0x60  Code  Gb  timer.o [1]
beep_tick_cnt           0x2000'1bb4     0x4  Data  Gb  timer.o [1]
br_chr                  0x2000'1c3d     0x1  Data  Gb  SE655_Barcode.o [1]
br_init_pram_ack_chek    0x800'a931    0x5e  Code  Gb  SE655_Barcode.o [1]
br_init_rs232_read       0x800'a881    0x24  Code  Gb  SE655_Barcode.o [1]
br_pram_ack_cmp         0x2000'1c3c     0x1  Data  Gb  SE655_Barcode.o [1]
br_read_reflash          0x800'a98f     0xa  Code  Gb  SE655_Barcode.o [1]
br_read_time             0x800'a8eb    0x46  Code  Gb  SE655_Barcode.o [1]
br_rs232_read            0x800'a8a5    0x46  Code  Gb  SE655_Barcode.o [1]
br_state                0x2000'1c3b     0x1  Data  Gb  SE655_Barcode.o [1]
button_changed          0x2000'1c30     0x1  Data  Gb  key_polling.o [1]
c3000_add_checksum       0x800'9eeb    0x24  Code  Gb  C3000_SYRINGE.o [1]
calculateModbusCRC_16    0x800'7439    0x4e  Code  Gb  stepping_leadshine_ctrl.o [1]
calculate_FW_checksum    0x800'e095    0x1e  Code  Gb  uart_pc.o [1]
call_com_timeout_cnt     0x800'df59     0x6  Code  Gb  timer.o [1]
camCfg                  0x2000'1a9c     0xc  Data  Gb  eeprom_ctrl.o [1]
cam_led                 0x2000'1544    0x58  Data  Gb  cam_led.o [1]
cam_led_handle           0x800'7bb3     0x6  Code  Gb  cam_led.o [1]
cam_led_off              0x800'7b65    0x4e  Code  Gb  cam_led.o [1]
cam_led_on               0x800'7a9b    0x6a  Code  Gb  cam_led.o [1]
cam_led_set              0x800'7b05    0x60  Code  Gb  cam_led.o [1]
cam_led_spi_init         0x800'7a49    0x4a  Code  Gb  cam_led.o [1]
cam_mem_init             0x800'7a93     0x8  Code  Gb  cam_led.o [1]
cam_param_read           0x800'f883    0x12  Code  Gb  eeprom_ctrl.o [1]
cam_param_write          0x800'f895    0x12  Code  Gb  eeprom_ctrl.o [1]
cam_pram                0x2000'1a08    0x10  Data  Gb  cam_led.o [1]
cam_strip_pack_cnt      0x2000'1b28     0x4  Data  Gb  cam_led.o [1]
cam_strip_pack_gap      0x2000'1b2c     0x4  Data  Gb  cam_led.o [1]
cam_strip_wd            0x2000'1b30     0x4  Data  Gb  cam_led.o [1]
channel                 0x2000'0df8   0x258  Data  Gb  timer.o [1]
channels                 0x801'241a     0x1  Data  Lc  timer.o [1]
chatter_cycles          0x2000'1be4     0x2  Data  Gb  key_polling.o [1]
cll_state               0x2000'1c15     0x1  Data  Gb  cntrl.o [1]
clld_indx               0x2000'1bdc     0x2  Data  Gb  hlld.o [1]
clld_speed_probz        0x2000'1b44     0x4  Data  Gb  cntrl.o [1]
clld_vol                0x2000'1b38     0x4  Data  Gb  cntrl.o [1]
com_time_out_set         0x800'df4d     0xc  Code  Gb  timer.o [1]
com_timeout_cnt         0x2000'052d     0x1  Data  Gb  timer.o [1]
[...]
                         0x800'e5bf    0x36  Code  Gb  uart_pc.o [1]
hsDevToPC_PacketSendHandle
                         0x800'e63b    0x42  Code  Gb  uart_pc.o [1]
hsDevToPC_PutQue         0x800'e431    0x24  Code  Gb  uart_pc.o [1]
hsDevToPC_QueUseCheck    0x800'e47d     0x8  Code  Gb  uart_pc.o [1]
hsErr_GetQue             0x800'8075    0x30  Code  Gb  error.o [1]
hsErr_PutQue             0x800'8049    0x2c  Code  Gb  error.o [1]
hsExec_hLLD_CTRL         0x800'b487   0x7b8  Code  Gb  hlld.o [1]
hsGet_hLLD_ReceivDataExec
                         0x800'b28d   0x1de  Code  Gb  hlld.o [1]
hsGet_hLLD_ReceivPacketHandle
                         0x800'b12d   0x160  Code  Gb  hlld.o [1]
hsPC_ToDev_GetQue        0x800'e6b3    0x26  Code  Gb  uart_pc.o [1]
hsPC_ToDev_PutQue        0x800'e68f    0x24  Code  Gb  uart_pc.o [1]
hsPC_ToDev_QueHaveDataSize
                         0x800'e6d9    0x2e  Code  Gb  uart_pc.o [1]
hsPC_To_DevRxPacket_Handle
                         0x800'e707   0x11c  Code  Gb  uart_pc.o [1]
hsPump_COM_PacketGeneration
                         0x800'9bfd    0xac  Code  Gb  pump.o [1]
hsPump_COM_ReceivPacketHandle
                         0x800'9ca9    0xe8  Code  Gb  pump.o [1]
hsPump_Communication_Handle
                         0x800'9ae7   0x102  Code  Gb  pump.o [1]
hspi                    0x2000'1b0c     0x4  Data  Gb  17HS3410_Dspin.o [1]
hspi1                   0x2000'159c    0x58  Data  Gb  shake.o [1]
hspi_cam                0x2000'1b24     0x4  Data  Gb  cam_led.o [1]
htim4                   0x2000'1830    0x3c  Data  Gb  MG90_SERVOMOTOR.o [1]
huart1                  0x2000'173c    0x40  Data  Gb  uart_pc.o [1]
huart2                  0x2000'16bc    0x40  Data  Gb  SE655_Barcode.o [1]
huart3                  0x2000'163c    0x40  Data  Gb  C3000_SYRINGE.o [1]
huart4                  0x2000'16fc    0x40  Data  Gb  stepping.o [1]
huart5                  0x2000'167c    0x40  Data  Gb  pump.o [1]
index                   0x2000'1c3f     0x1  Data  Gb  SE655_Barcode.o [1]
init_clld_vol           0x2000'1b4c     0x4  Data  Gb  hlld.o [1]
init_event               0x800'7ed5    0x18  Code  Gb  event.o [1]
init_index              0x2000'1c3e     0x1  Data  Gb  SE655_Barcode.o [1]
isAckReceiving          0x2000'1c38     0x1  Data  Gb  pump.o [1]
isEchoEnabled           0x2000'1c72     0x1  Data  Gb  uart_pc.o [1]
isalpha                  0x801'7569    0x14  Code  Gb  isalpha.o [2]
isspace                  0x801'7521    0x14  Code  Gb  isspace.o [2]
jude_cnt                0x2000'1c1b     0x1  Data  Gb  cntrl.o [1]
ldexp                    0x801'71ad          Code  Gb  ldexp.o [3]
ldexpl                   0x801'71ad          Code  Gb  ldexp.o [3]
lead_rx_length          0x2000'1c57     0x1  Data  Gb  stepping_leadshine_ctrl.o [1]
lead_stepping_cmd       0x2000'1bec     0x2  Data  Gb  stepping_leadshine_ctrl.o [1]
lead_stepping_cmd_H     0x2000'1c64     0x1  Data  Gb  stepping_leadshine_ctrl.o [1]
lead_stepping_cmd_L     0x2000'1c65     0x1  Data  Gb  stepping_leadshine_ctrl.o [1]
lead_stepping_state     0x2000'1bee     0x2  Data  Gb  stepping_leadshine_ctrl.o [1]
led_write_Byte           0x800'7bb9    0x7c  Code  Gb  cam_led.o [1]
lld_com_timeout_cnt      0x800'df5f     0x6  Code  Gb  timer.o [1]
lld_fc                  0x2000'1c2d     0x1  Data  Gb  hlld.o [1]
lld_repeat_en            0x800'df65     0xc  Code  Gb  timer.o [1]
lld_retry               0x2000'1c1d     0x1  Data  Gb  cntrl.o [1]
lld_timeout_cnt         0x2000'052e     0x1  Data  Gb  timer.o [1]
lld_tm_out_enable       0x2000'1c6d     0x1  Data  Gb  timer.o [1]
localeconv               0x801'701f     0x4  Code  Gb  xlocale_c.o [2]
main                     0x801'8a13   0x252  Code  Gb  main.o [1]
manual_check_state      0x2000'1c46     0x1  Data  Gb  sq.o [1]
memchr                   0x801'7085          Code  Gb  memchr.o [4]
memset                   0x801'7be7    0x14  Code  Gb  memset.o [4]
merge_32bit              0x800'e403    0x18  Code  Gb  uart_pc.o [1]
motor_cmd_send           0x800'7487   0x254  Code  Gb  stepping_leadshine_ctrl.o [1]
mt_chr                  0x2000'1c56     0x1  Data  Gb  stepping.o [1]
mt_xstate               0x2000'0526     0x1  Data  Gb  stepping_leadshine_ctrl.o [1]
mt_ystate               0x2000'0527     0x1  Data  Gb  stepping_leadshine_ctrl.o [1]
mt_zstate               0x2000'0528     0x1  Data  Gb  stepping_leadshine_ctrl.o [1]
ndigs                    0x801'9110    0x28  Data  Lc  iar_Stoulx.o [2]
ndigs                    0x801'9160    0x28  Data  Lc  iar_Stoullx.o [2]
new_pump_go             0x2000'19f4    0x14  Data  Gb  pump.o [1]
odd_flg                 0x2000'1c28     0x1  Data  Gb  cntrl.o [1]
only_washing_flg        0x2000'1c67     0x1  Data  Gb  sys_func.o [1]
p_max                   0x2000'1bd6     0x2  Data  Gb  cntrl.o [1]
p_min                   0x2000'1bd4     0x2  Data  Gb  cntrl.o [1]
parse_version_string     0x800'e32b    0x28  Code  Gb  uart_pc.o [1]
pause_eve               0x2000'1bf2     0x2  Data  Gb  timer.o [1]
pause_time              0x2000'1bb0     0x4  Data  Gb  timer.o [1]
pc_chr                  0x2000'1c71     0x1  Data  Gb  uart_pc.o [1]
pc_send_pack             0x800'e499    0x14  Code  Gb  uart_pc.o [1]
penel_sel               0x2000'1c45     0x1  Data  Gb  sq.o [1]
plld_index              0x2000'1be0     0x2  Data  Gb  hlld.o [1]
plld_qc                 0x2000'1c2f     0x1  Data  Gb  hlld.o [1]
pm_pram                 0x2000'1464    0x78  Data  Gb  pump.o [1]
pm_state                0x2000'0524     0x1  Data  Gb  pump.o [1]
pnt                     0x2000'1bc0     0x4  Data  Gb  uart_pc.o [1]
port                    0x2000'051a     0x2  Data  Gb  key_polling.o [1]
port_prev               0x2000'1be2     0x2  Data  Gb  key_polling.o [1]
pows                     0x801'9218    0x48  Data  Lc  strto64.o [3]
pr_cnt                  0x2000'1c4a     0x1  Data  Gb  sq.o [1]
pr_incubation_time       0x800'd5e5    0x54  Code  Gb  sq.o [1]
pr_step_cnt             0x2000'1c4b     0x1  Data  Gb  sq.o [1]
pr_time_cal              0x800'd6a1   0x37e  Code  Gb  sq.o [1]
pr_time_min             0x2000'1b6c     0x4  Data  Gb  sq.o [1]
pr_time_sec             0x2000'1b70     0x4  Data  Gb  sq.o [1]
press_sens_flg          0x2000'1c2a     0x1  Data  Gb  cntrl.o [1]
prime                   0x2000'0178    0x5c  Data  Gb  sys_func.o [1]
prime_eve_cnt           0x2000'1c07     0x1  Data  Gb  cntrl.o [1]
prob_disp_cnt           0x2000'1c06     0x1  Data  Gb  cntrl.o [1]
probe_Hardware_protect   0x800'59ff    0x56  Code  Gb  stepping_leadshine_ctrl.o [1]
probe_disp              0x2000'0308    0x58  Data  Gb  sys_func.o [1]
probe_disp_enable       0x2000'1c69     0x1  Data  Gb  sys_func.o [1]
probe_disp_eve_cnt      0x2000'1c0a     0x1  Data  Gb  cntrl.o [1]
pumpCfg                 0x2000'1a6c     0xc  Data  Gb  eeprom_ctrl.o [1]
pump_mem_init            0x800'91fd     0x8  Code  Gb  pump.o [1]
pump_param_read          0x800'f7f3    0x12  Code  Gb  eeprom_ctrl.o [1]
pump_param_write         0x800'f805    0x12  Code  Gb  eeprom_ctrl.o [1]
pump_reset_flag         0x2000'1c3a     0x1  Data  Gb  pump.o [1]
qc_dry_time             0x2000'1ba4     0x4  Data  Gb  sys_func.o [1]
qc_etc_asp              0x2000'1b5c     0x4  Data  Gb  MG90_SERVOMOTOR.o [1]
ra                      0x2000'0523     0x1  Data  Gb  hlld.o [1]
ranmatch                 0x801'6081    0x42  Code  Lc  xscanffull.o [2]
rb                      0x2000'0522     0x1  Data  Gb  hlld.o [1]
rbk_pump_num            0x2000'1b78     0x4  Data  Gb  sq.o [1]
rbk_time                0x2000'1b7c     0x4  Data  Gb  sq.o [1]
read_time               0x2000'0040     0x4  Data  Gb  SE655_Barcode.o [1]
run_time_cnt            0x2000'1b64     0x4  Data  Gb  shake.o [1]
sConfig                 0x2000'1a18     0xc  Data  Gb  adc.o [1]
sConfigOC               0x2000'1990    0x1c  Data  Gb  MG90_SERVOMOTOR.o [1]
sakeCfg                 0x2000'1a54     0xc  Data  Gb  eeprom_ctrl.o [1]
scalbln                  0x801'71ad          Code  Gb  ldexp.o [3]
scalblnl                 0x801'71ad          Code  Gb  ldexp.o [3]
scalbn                   0x801'71ad          Code  Gb  ldexp.o [3]
scalbnl                  0x801'71ad          Code  Gb  ldexp.o [3]
scale                    0x801'53d1    0x46  Code  Lc  xprintffull.o [2]
se655_send_data          0x800'a651    0x52  Code  Gb  SE655_Barcode.o [1]
sec_hand                0x2000'1bcc     0x4  Data  Lc  xfail_s.o [2]
send_ack_buf_as_message
                         0x800'e319    0x12  Code  Gb  uart_pc.o [1]
send_pw_message          0x800'e2e9    0x30  Code  Gb  uart_pc.o [1]
send_test                0x800'e4ad    0x14  Code  Gb  uart_pc.o [1]
servoCfg                0x2000'1a60     0xc  Data  Gb  eeprom_ctrl.o [1]
servoCfg2               0x2000'1ab4     0xc  Data  Gb  eeprom_ctrl.o [1]
servo_continue          0x2000'1c17     0x1  Data  Gb  cntrl.o [1]
servo_mem_init           0x800'8af5    0x52  Code  Gb  MG90_SERVOMOTOR.o [1]
servo_move_flag         0x2000'1c33     0x1  Data  Gb  MG90_SERVOMOTOR.o [1]
servo_mv                 0x800'8b47    0x50  Code  Gb  MG90_SERVOMOTOR.o [1]
servo_param_read2        0x800'f8cb    0x12  Code  Gb  eeprom_ctrl.o [1]
servo_param_write2       0x800'f8dd    0x12  Code  Gb  eeprom_ctrl.o [1]
set_spi_handle           0x800'f021     0x8  Code  Gb  17HS3410_Dspin.o [1]
set_timer_               0x800'ddf1    0x16  Code  Gb  timer.o [1]
set_timer_pause          0x800'de07    0x26  Code  Gb  timer.o [1]
shakCfg2                0x2000'1ad8     0xc  Data  Gb  eeprom_ctrl.o [1]
shake_home               0x800'82a9    0x38  Code  Gb  shake.o [1]
shake_mem_init           0x800'81a7    0x66  Code  Gb  shake.o [1]
shake_run                0x800'82e1    0x36  Code  Gb  shake.o [1]
shake_speed_set          0x800'820d    0x9c  Code  Gb  shake.o [1]
shaker_Init              0x800'811b    0x8c  Code  Gb  shake.o [1]
shaker_spi_handle        0x800'810f     0xc  Code  Gb  shake.o [1]
shk_param_read           0x800'f7d3    0x10  Code  Gb  eeprom_ctrl.o [1]
shk_param_write          0x800'f7e3    0x10  Code  Gb  eeprom_ctrl.o [1]
shk_pram                0x2000'0044    0x24  Data  Gb  shake.o [1]
shker_parm_temp         0x2000'1b68     0x4  Data  Gb  shake.o [1]
sk_state                0x2000'1c43     0x1  Data  Gb  shake.o [1]
slope_vol               0x2000'1bd0     0x2  Data  Gb  cntrl.o [1]
smp_pram                0x2000'1970    0x20  Data  Gb  hlld.o [1]
smp_prime_dw_check_cnt  0x2000'1c26     0x1  Data  Gb  cntrl.o [1]
smp_prime_dw_check_flg  0x2000'1c25     0x1  Data  Gb  cntrl.o [1]
smp_prime_eve_cnt       0x2000'1c08     0x1  Data  Gb  cntrl.o [1]
smp_prime_oper_flg      0x2000'1c27     0x1  Data  Gb  cntrl.o [1]
smp_prime_pm_ch         0x2000'1bd2     0x2  Data  Gb  cntrl.o [1]
smp_prime_press_chek_flg
                        0x2000'1c24     0x1  Data  Gb  cntrl.o [1]
smp_prime_pvol          0x2000'1b48     0x4  Data  Gb  cntrl.o [1]
smp_retime_pr_cnt       0x2000'1c50     0x1  Data  Gb  sq.o [1]
smp_reult_bit           0x2000'1b04     0x8  Data  Gb  sq.o [1]
smp_strip               0x2000'1320    0xc4  Data  Gb  sq.o [1]
smp_strp_mach_cnt       0x2000'1c52     0x1  Data  Gb  sq.o [1]
smpl_pr                 0x2000'0360    0x60  Data  Gb  sys_func.o [1]
smpl_prime              0x2000'03c0    0x68  Data  Gb  sys_func.o [1]
smple_ev_cnt            0x2000'1c04     0x1  Data  Gb  cntrl.o [1]
smple_rack_cnt          0x2000'1c05     0x1  Data  Gb  cntrl.o [1]
snprintf                 0x801'18b9    0x44  Code  Gb  snprintf.o [2]
sort_8bit                0x800'e41b    0x16  Code  Gb  uart_pc.o [1]
sprintf                  0x801'1841    0x40  Code  Gb  sprintf.o [2]
sq                      0x2000'0530   0x4bc  Data  Gb  sq.o [1]
sqCfg                   0x2000'1aa8     0xc  Data  Gb  eeprom_ctrl.o [1]
sq_ctrl                  0x800'bccd  0x188a  Code  Gb  sq.o [1]
sq_mem_init              0x800'bcc5     0x8  Code  Gb  sq.o [1]
sq_read                  0x800'f8a7    0x12  Code  Gb  eeprom_ctrl.o [1]
sq_smp_strp_mach_cnt    0x2000'1c53     0x1  Data  Gb  sq.o [1]
sq_start_dw_washing_flg
                        0x2000'1c55     0x1  Data  Gb  sq.o [1]
sq_strp_mach            0x2000'1c54     0x1  Data  Gb  sq.o [1]
sq_write                 0x800'f8b9    0x12  Code  Gb  eeprom_ctrl.o [1]
sscanf                   0x801'1acd    0x28  Code  Gb  sscanf.o [2]
state                   0x2000'0520     0x1  Data  Gb  cntrl.o [1]
state_led_init           0x800'da25    0x42  Code  Gb  sq.o [1]
state_time_min          0x2000'0525     0x1  Data  Gb  sq.o [1]
step_cnt                0x2000'1c49     0x1  Data  Gb  sq.o [1]
step_time_cal            0x800'd63d    0x4a  Code  Gb  sq.o [1]
stm_memory_init          0x800'58bd   0x142  Code  Gb  stepping_leadshine_ctrl.o [1]
stm_reset                0x800'5a55    0x1c  Code  Gb  stepping_leadshine_ctrl.o [1]
stmt_abs_move            0x800'5d41   0x188  Code  Gb  stepping_leadshine_ctrl.o [1]
stmt_servo_off           0x800'5ef5    0x2c  Code  Gb  stepping_leadshine_ctrl.o [1]
stmt_servo_on            0x800'5ec9    0x2c  Code  Gb  stepping_leadshine_ctrl.o [1]
stmt_speed_set           0x800'5b87   0x128  Code  Gb  stepping_leadshine_ctrl.o [1]
strchr                   0x801'702d          Code  Gb  strchr.o [4]
strip_num_shake_time     0x800'd579    0x62  Code  Gb  sq.o [1]
strip_pack_cnt          0x2000'1b3c     0x4  Data  Gb  cntrl.o [1]
strip_pack_gap          0x2000'1b40     0x4  Data  Gb  cntrl.o [1]
strlen                   0x801'1881          Code  Gb  strlen.o [4]
strtoll                  0x801'7bd9     0x2  Code  Gb  iar_Stollx.o [2]
strtoull                 0x801'7b31     0x2  Code  Gb  iar_Stoullx.o [2]
sws_arry                0x2000'1ae4     0xc  Data  Gb  hlld.o [1]
sws_sum                 0x2000'1bde     0x2  Data  Gb  hlld.o [1]
sy_Check                0x2000'1b20     0x4  Data  Gb  C3000_SYRINGE.o [1]
sy_com_timeout_cnt       0x800'df71     0x6  Code  Gb  timer.o [1]
sy_flag                 0x2000'1bfe     0x1  Data  Gb  C3000_SYRINGE.o [1]
sy_repeat_en             0x800'df77     0xc  Code  Gb  timer.o [1]
sy_state                0x2000'1bff     0x1  Data  Gb  C3000_SYRINGE.o [1]
sy_timeout_cnt          0x2000'052f     0x1  Data  Gb  timer.o [1]
sy_tm_out_enable        0x2000'1c6e     0x1  Data  Gb  timer.o [1]
syg_add_sel             0x2000'1c18     0x1  Data  Gb  cntrl.o [1]
syg_prime_oper_cnt      0x2000'1c14     0x1  Data  Gb  cntrl.o [1]
sygeCfg                 0x2000'1a78     0xc  Data  Gb  eeprom_ctrl.o [1]
syge_init                0x800'9f3d    0x2a  Code  Gb  C3000_SYRINGE.o [1]
syge_mem_init            0x800'9f0f    0x2e  Code  Gb  C3000_SYRINGE.o [1]
syge_param_read          0x800'f817    0x12  Code  Gb  eeprom_ctrl.o [1]
syge_param_write         0x800'f829    0x12  Code  Gb  eeprom_ctrl.o [1]
syrg_pram               0x2000'1a24     0xc  Data  Gb  C3000_SYRINGE.o [1]
syringe_chr             0x2000'1c00     0x1  Data  Gb  C3000_SYRINGE.o [1]
syringe_escap           0x2000'1c01     0x1  Data  Gb  C3000_SYRINGE.o [1]
tempCfg                 0x2000'1ac0     0xc  Data  Gb  eeprom_ctrl.o [1]
temper_volt             0x2000'0488     0x4  Data  Gb  sys_func.o [1]
thermistor1_adc_temp_num
                        0x2000'1bfc     0x1  Data  Gb  adc.o [1]
thermistor1_temp_average
                        0x2000'1b10     0x4  Data  Gb  adc.o [1]
thermistor1_temp_sum    0x2000'1b14     0x4  Data  Gb  adc.o [1]
thermistor1_temp_vol    0x2000'1b18     0x4  Data  Gb  adc.o [1]
timer                   0x2000'0490     0x4  Data  Gb  timer.o [1]
timer1                  0x2000'0494     0x4  Data  Gb  timer.o [1]
timer_eve                0x800'db19    0xa2  Code  Gb  timer.o [1]
timer_mk_int             0x800'daf5    0x24  Code  Gb  timer.o [1]
timer_ticks             0x2000'1bf0     0x2  Data  Gb  timer.o [1]
tm_add                   0x800'dc65    0x5e  Code  Gb  timer.o [1]
tm_execute               0x800'dbbb    0xaa  Code  Gb  timer.o [1]
tm_init                  0x800'dddb    0x16  Code  Gb  timer.o [1]
tolower                  0x801'80dd    0x14  Code  Gb  tolower.o [2]
total_step              0x2000'1c48     0x1  Data  Gb  sq.o [1]
uCRCErrorWorkaroundCheck
                        0x2000'1c66     0x1  Data  Gb  stm32f1xx_hal_spi_ex.o [1]
uart5_chr               0x2000'1c34     0x1  Data  Gb  pump.o [1]
usb_data_buf            0x2000'1bbc     0x4  Data  Gb  uart_pc.o [1]
usb_send_pack            0x800'e485    0x14  Code  Gb  uart_pc.o [1]
uwTick                  0x2000'1b9c     0x4  Data  Lc  stm32f1xx_hal.o [1]
ver_pnt                 0x2000'1bac     0x4  Data  Gb  sys_func.o [1]
water_level_sensor       0x801'19a5    0x7c  Code  Gb  key_polling.o [1]
wctob                    0x801'7535    0x34  Code  Gb  wctob.o [2]
x_abs_move_state        0x2000'1c59     0x1  Data  Gb  stepping_leadshine_ctrl.o [1]
x_homeing                0x800'5a7f    0x4a  Code  Gb  stepping_leadshine_ctrl.o [1]
x_homeing_success       0x2000'1c61     0x1  Data  Gb  stepping_leadshine_ctrl.o [1]
x_homing_state          0x2000'1c58     0x1  Data  Gb  stepping_leadshine_ctrl.o [1]
x_pram_set               0x800'5f21    0x4e  Code  Gb  stepping_leadshine_ctrl.o [1]
x_prev_value            0x2000'1b84     0x4  Data  Gb  stepping_leadshine_ctrl.o [1]
x_reach_pos             0x2000'0529     0x1  Data  Gb  stepping_leadshine_ctrl.o [1]
x_running_state         0x2000'1c5a     0x1  Data  Gb  stepping_leadshine_ctrl.o [1]
xmtCfg                  0x2000'1a30     0xc  Data  Gb  eeprom_ctrl.o [1]
xmt_ctrl                0x2000'0068    0x3c  Data  Gb  stepping_leadshine_ctrl.o [1]
xmt_param_read           0x800'f76f    0x10  Code  Gb  eeprom_ctrl.o [1]
xmt_param_write          0x800'f77f    0x10  Code  Gb  eeprom_ctrl.o [1]
y_abs_move_state        0x2000'1c5c     0x1  Data  Gb  stepping_leadshine_ctrl.o [1]
y_homeing                0x800'5ac9    0x4a  Code  Gb  stepping_leadshine_ctrl.o [1]
y_homeing_success       0x2000'1c62     0x1  Data  Gb  stepping_leadshine_ctrl.o [1]
y_homing_state          0x2000'1c5b     0x1  Data  Gb  stepping_leadshine_ctrl.o [1]
y_pram_set               0x800'5f6f    0x34  Code  Gb  stepping_leadshine_ctrl.o [1]
y_prev_value            0x2000'1b88     0x4  Data  Gb  stepping_leadshine_ctrl.o [1]
y_reach_pos             0x2000'052a     0x1  Data  Gb  stepping_leadshine_ctrl.o [1]
y_running_state         0x2000'1c5d     0x1  Data  Gb  stepping_leadshine_ctrl.o [1]
ymtCfg                  0x2000'1a3c     0xc  Data  Gb  eeprom_ctrl.o [1]
ymt_ctrl                0x2000'00a4    0x3c  Data  Gb  stepping_leadshine_ctrl.o [1]
ymt_param_read           0x800'f78f    0x10  Code  Gb  eeprom_ctrl.o [1]
ymt_param_write          0x800'f79f    0x10  Code  Gb  eeprom_ctrl.o [1]
z_abs_move_state        0x2000'1c5f     0x1  Data  Gb  stepping_leadshine_ctrl.o [1]
z_homeing                0x800'5b13    0x74  Code  Gb  stepping_leadshine_ctrl.o [1]
z_homeing_success       0x2000'1c63     0x1  Data  Gb  stepping_leadshine_ctrl.o [1]
z_homing_state          0x2000'1c5e     0x1  Data  Gb  stepping_leadshine_ctrl.o [1]
z_pram_set               0x800'5fa3    0x26  Code  Gb  stepping_leadshine_ctrl.o [1]
z_prev_value            0x2000'1b8c     0x4  Data  Gb  stepping_leadshine_ctrl.o [1]
z_reach_pos             0x2000'052b     0x1  Data  Gb  stepping_leadshine_ctrl.o [1]
z_running_state         0x2000'1c60     0x1  Data  Gb  stepping_leadshine_ctrl.o [1]
zmtCfg                  0x2000'1a48     0xc  Data  Gb  eeprom_ctrl.o [1]
zmt_ctrl                0x2000'00e0    0x3c  Data  Gb  stepping_leadshine_ctrl.o [1]
zmt_param_read           0x800'f7af    0x12  Code  Gb  eeprom_ctrl.o [1]
zmt_param_write          0x800'f7c1    0x12  Code  Gb  eeprom_ctrl.o [1]


[1] = D:\Github\sb3\S-Blot-3_queue_edit\EWARM\KBlot_supreme_I\Obj
[2] = dl7M_tlf.a
[3] = m7M_tl.a
[4] = rt7M_tl.a
[5] = shb_l.a

  94'816 bytes of readonly  code memory
   1'570 bytes of readonly  data memory
  11'382 bytes of readwrite data memory

Errors: none
Warnings: none
