###############################################################################
#
# IAR ELF Linker V8.50.4.261/W32 for ARM                  20/Jan/2026  13:40:38
# Copyright 2007-2020 IAR Systems AB.
#
#    Output file  =
#        D:\Github\sb3\S-Blot-3_queue_edit\EWARM\KBlot_supreme_I\Exe\KBlot_supreme_I.out
#    Map file     =
#        D:\Github\sb3\S-Blot-3_queue_edit\EWARM\KBlot_supreme_I\List\KBlot_supreme_I.map
#    Command line =
#        -f C:\Users\ms001\AppData\Local\Temp\EWD14D.tmp
#        (D:\Github\sb3\S-Blot-3_queue_edit\EWARM\KBlot_supreme_I\Obj\17HS3410_Dspin.o
#        D:\Github\sb3\S-Blot-3_queue_edit\EWARM\KBlot_supreme_I\Obj\adc.o
#        D:\Github\sb3\S-Blot-3_queue_edit\EWARM\KBlot_supreme_I\Obj\C3000_SYRINGE.o
#        D:\Github\sb3\S-Blot-3_queue_edit\EWARM\KBlot_supreme_I\Obj\cam_led.o
#        D:\Github\sb3\S-Blot-3_queue_edit\EWARM\KBlot_supreme_I\Obj\cntrl.o
#        D:\Github\sb3\S-Blot-3_queue_edit\EWARM\KBlot_supreme_I\Obj\eeprom_ctrl.o
#        D:\Github\sb3\S-Blot-3_queue_edit\EWARM\KBlot_supreme_I\Obj\error.o
#        D:\Github\sb3\S-Blot-3_queue_edit\EWARM\KBlot_supreme_I\Obj\event.o
#        D:\Github\sb3\S-Blot-3_queue_edit\EWARM\KBlot_supreme_I\Obj\hlld.o
#        D:\Github\sb3\S-Blot-3_queue_edit\EWARM\KBlot_supreme_I\Obj\hs_Common_Utill.o
#        D:\Github\sb3\S-Blot-3_queue_edit\EWARM\KBlot_supreme_I\Obj\hsAT24_EEPROM.o
#        D:\Github\sb3\S-Blot-3_queue_edit\EWARM\KBlot_supreme_I\Obj\key_polling.o
#        D:\Github\sb3\S-Blot-3_queue_edit\EWARM\KBlot_supreme_I\Obj\main.o
#        D:\Github\sb3\S-Blot-3_queue_edit\EWARM\KBlot_supreme_I\Obj\Max5500.o
#        D:\Github\sb3\S-Blot-3_queue_edit\EWARM\KBlot_supreme_I\Obj\MG90_SERVOMOTOR.o
#        D:\Github\sb3\S-Blot-3_queue_edit\EWARM\KBlot_supreme_I\Obj\pump.o
#        D:\Github\sb3\S-Blot-3_queue_edit\EWARM\KBlot_supreme_I\Obj\SE655_Barcode.o
#        D:\Github\sb3\S-Blot-3_queue_edit\EWARM\KBlot_supreme_I\Obj\shake.o
#        D:\Github\sb3\S-Blot-3_queue_edit\EWARM\KBlot_supreme_I\Obj\sq.o
#        D:\Github\sb3\S-Blot-3_queue_edit\EWARM\KBlot_supreme_I\Obj\startup_stm32f103xe.o
#        D:\Github\sb3\S-Blot-3_queue_edit\EWARM\KBlot_supreme_I\Obj\stepping.o
#        D:\Github\sb3\S-Blot-3_queue_edit\EWARM\KBlot_supreme_I\Obj\stepping_edb_ctrl.o
#        D:\Github\sb3\S-Blot-3_queue_edit\EWARM\KBlot_supreme_I\Obj\stepping_leadshine_ctrl.o
#        D:\Github\sb3\S-Blot-3_queue_edit\EWARM\KBlot_supreme_I\Obj\stm32f1xx_hal.o
#        D:\Github\sb3\S-Blot-3_queue_edit\EWARM\KBlot_supreme_I\Obj\stm32f1xx_hal_adc.o
#        D:\Github\sb3\S-Blot-3_queue_edit\EWARM\KBlot_supreme_I\Obj\stm32f1xx_hal_adc_ex.o
#        D:\Github\sb3\S-Blot-3_queue_edit\EWARM\KBlot_supreme_I\Obj\stm32f1xx_hal_cortex.o
#        D:\Github\sb3\S-Blot-3_queue_edit\EWARM\KBlot_supreme_I\Obj\stm32f1xx_hal_dma.o
#        D:\Github\sb3\S-Blot-3_queue_edit\EWARM\KBlot_supreme_I\Obj\stm32f1xx_hal_flash.o
#        D:\Github\sb3\S-Blot-3_queue_edit\EWARM\KBlot_supreme_I\Obj\stm32f1xx_hal_flash_ex.o
#        D:\Github\sb3\S-Blot-3_queue_edit\EWARM\KBlot_supreme_I\Obj\stm32f1xx_hal_gpio.o
#        D:\Github\sb3\S-Blot-3_queue_edit\EWARM\KBlot_supreme_I\Obj\stm32f1xx_hal_gpio_ex.o
#        D:\Github\sb3\S-Blot-3_queue_edit\EWARM\KBlot_supreme_I\Obj\stm32f1xx_hal_i2c.o
#        D:\Github\sb3\S-Blot-3_queue_edit\EWARM\KBlot_supreme_I\Obj\stm32f1xx_hal_msp.o
#        D:\Github\sb3\S-Blot-3_queue_edit\EWARM\KBlot_supreme_I\Obj\stm32f1xx_hal_pwr.o
#        D:\Github\sb3\S-Blot-3_queue_edit\EWARM\KBlot_supreme_I\Obj\stm32f1xx_hal_rcc.o
#        D:\Github\sb3\S-Blot-3_queue_edit\EWARM\KBlot_supreme_I\Obj\stm32f1xx_hal_rcc_ex.o
#        D:\Github\sb3\S-Blot-3_queue_edit\EWARM\KBlot_supreme_I\Obj\stm32f1xx_hal_spi.o
#        D:\Github\sb3\S-Blot-3_queue_edit\EWARM\KBlot_supreme_I\Obj\stm32f1xx_hal_spi_ex.o
#        D:\Github\sb3\S-Blot-3_queue_edit\EWARM\KBlot_supreme_I\Obj\stm32f1xx_hal_tim.o
#        D:\Github\sb3\S-Blot-3_queue_edit\EWARM\KBlot_supreme_I\Obj\stm32f1xx_hal_tim_ex.o
#        D:\Github\sb3\S-Blot-3_queue_edit\EWARM\KBlot_supreme_I\Obj\stm32f1xx_hal_uart.o
#        D:\Github\sb3\S-Blot-3_queue_edit\EWARM\KBlot_supreme_I\Obj\stm32f1xx_it.o
#        D:\Github\sb3\S-Blot-3_queue_edit\EWARM\KBlot_supreme_I\Obj\sys_func.o
#        D:\Github\sb3\S-Blot-3_queue_edit\EWARM\KBlot_supreme_I\Obj\system_stm32f1xx.o
#        D:\Github\sb3\S-Blot-3_queue_edit\EWARM\KBlot_supreme_I\Obj\timer.o
#        D:\Github\sb3\S-Blot-3_queue_edit\EWARM\KBlot_supreme_I\Obj\uart.o
#        D:\Github\sb3\S-Blot-3_queue_edit\EWARM\KBlot_supreme_I\Obj\uart_pc.o
#        --redirect _Printf=_PrintfFull --redirect _Scanf=_ScanfFull
#        --no_out_extension -o
#        D:\Github\sb3\S-Blot-3_queue_edit\EWARM\KBlot_supreme_I\Exe\KBlot_supreme_I.out
#        --map
#        D:\Github\sb3\S-Blot-3_queue_edit\EWARM\KBlot_supreme_I\List\KBlot_supreme_I.map
#        --config D:\Github\sb3\S-Blot-3_queue_edit\EWARM\KBlot_supreme_I.icf
#        --semihosting --entry __iar_program_start --vfe --text_out locale)
#
###############################################################################

*******************************************************************************
*** RUNTIME MODEL ATTRIBUTES
***

CppFlavor       = *
__SystemLibrary = DLib
__dlib_version  = 6


*******************************************************************************
*** HEAP SELECTION
***

The basic heap was selected because no calls to memory allocation
functions were found in the application outside of system library
functions, and there are calls to deallocation functions in the
application.


*******************************************************************************
*** PLACEMENT SUMMARY
***

"A0":  place at address 0x800'2000 { ro section .intvec };
"P1":  place in [from 0x800'2000 to 0x807'ffff] { ro };
define block CSTACK with size = 4K, alignment = 8 { };
define block HEAP with size = 4K, alignment = 8 { };
"P2":  place in [from 0x2000'0000 to 0x2000'ffff] {
          rw, block CSTACK, block HEAP };
initialize by copy { rw };

  Section            Kind         Address      Size  Object
  -------            ----         -------      ----  ------
"A0":                                         0x130
  .intvec            ro code   0x800'2000     0x130  startup_stm32f103xe.o [1]
                             - 0x800'2130     0x130

"P1":                                      0x1'7e27
  .text              ro code   0x800'2130    0x3738  cntrl.o [1]
  .text              ro code   0x800'5868      0x66  ABImemset.o [4]
  .text              ro code   0x800'58ce      0x3a  zero_init3.o [4]
  .text              ro code   0x800'5908    0x22bc  stepping_leadshine_ctrl.o [1]
  .text              ro code   0x800'7bc4     0x48c  cam_led.o [1]
  .text              ro code   0x800'8050      0xcc  event.o [1]
  .text              ro code   0x800'811c     0x120  error.o [1]
  .text              ro code   0x800'823c     0x9d8  shake.o [1]
  .text              ro code   0x800'8c14     0x5e8  MG90_SERVOMOTOR.o [1]
  .text              ro code   0x800'91fc     0xd98  pump.o [1]
  .text              ro code   0x800'9f94     0x858  C3000_SYRINGE.o [1]
  .text              ro code   0x800'a7ec     0x8a4  SE655_Barcode.o [1]
  .text              ro code   0x800'b090     0xe60  hlld.o [1]
  .text              ro code   0x800'bef0    0x1f38  sq.o [1]
  .text              ro code   0x800'de28     0x520  timer.o [1]
  .text              ro code   0x800'e348     0xa40  uart_pc.o [1]
  .text              ro code   0x800'ed88     0x408  stm32f1xx_hal_gpio.o [1]
  .text              ro code   0x800'f190      0x18  stm32f1xx_hal.o [1]
  .text              ro code   0x800'f1a8      0x24  S32ToFlt.o [3]
  .text              ro code   0x800'f1cc      0xfc  FltDiv.o [3]
  .text              ro code   0x800'f2c8      0xd8  FltMul.o [3]
  .text              ro code   0x800'f3a0      0x24  FltCmpLe.o [3]
  .text              ro code   0x800'f3c4     0x25c  17HS3410_Dspin.o [1]
  .text              ro code   0x800'f620     0x1c0  stm32f1xx_hal_cortex.o [1]
  .text              ro code   0x800'f7e0     0x1e8  adc.o [1]
  .text              ro code   0x800'f9c8     0x614  eeprom_ctrl.o [1]
  .text              ro code   0x800'ffdc     0x818  stm32f1xx_hal_uart.o [1]
  .text              ro code   0x801'07f4      0x90  stm32f1xx_hal_spi_ex.o [1]
  .text              ro code   0x801'0884     0x110  hs_Common_Utill.o [1]
  .text              ro code   0x801'0994     0x624  stm32f1xx_hal_spi.o [1]
  .text              ro code   0x801'0fb8      0x1a  U32ToDbl.o [3]
  .text              ro code   0x801'0fd2      0x26  xencoding_8859_1.o [2]
  .text              ro code   0x801'0ff8     0x1a2  DblMul.o [3]
  .text              ro code   0x801'119a      0x1e  xsscin.o [2]
  .text              ro code   0x801'11b8     0x17a  DblAdd.o [3]
  .text              ro code   0x801'1332      0x1a  xsnprout.o [2]
  .text              ro code   0x801'134c      0x3a  DblToS32.o [3]
  .text              ro code   0x801'1386       0xa  xsprout.o [2]
  .text              ro code   0x801'1390      0x22  S32ToDbl.o [3]
  .rodata            const     0x801'13b2       0x2  stm32f1xx_hal_rcc.o [1]
  .text              ro code   0x801'13b4     0x7e6  stm32f1xx_hal_tim.o [1]
  .rodata            const     0x801'1b9a       0x2  stm32f1xx_hal_rcc_ex.o [1]
  .text              ro code   0x801'1b9c      0x5c  stm32f1xx_hal_tim_ex.o [1]
  .text              ro code   0x801'1bf8      0x28  DblToU32.o [3]
  .text              ro code   0x801'1c20      0x40  sprintf.o [2]
  .text              ro code   0x801'1c60      0x36  strlen.o [4]
  .rodata            const     0x801'1c96       0x2  xlocale_c.o [2]
  .text              ro code   0x801'1c98      0x44  snprintf.o [2]
  .text              ro code   0x801'1cdc      0xa6  ABImemcpy.o [4]
  .rodata            const     0x801'1d82       0x2  xlocale_c.o [2]
  .text              ro code   0x801'1d84     0x128  key_polling.o [1]
  .text              ro code   0x801'1eac      0x28  sscanf.o [2]
  .text              ro code   0x801'1ed4       0xc  stm32f1xx_hal.o [1]
  .text              ro code   0x801'1ee0     0x6d4  stm32f1xx_hal_adc.o [1]
  .text              ro code   0x801'25b4     0x246  DblDiv.o [3]
  .rodata            const     0x801'27fa       0x1  timer.o [1]
  .rodata            const     0x801'27fb       0x1  xlocale_c.o [2]
  .text              ro code   0x801'27fc      0x68  DblToFlt.o [3]
  .text              ro code   0x801'2864      0x48  FltToDbl.o [3]
  .text              ro code   0x801'28ac      0xe2  DblSub.o [3]
  .text              ro code   0x801'2990      0x80  FltSub.o [3]
  .text              ro code   0x801'2a10      0x22  FltToU32.o [3]
  .text              ro code   0x801'2a34     0x34c  hsAT24_EEPROM.o [1]
  .text              ro code   0x801'2d80     0x57c  stm32f1xx_hal_msp.o [1]
  .text              ro code   0x801'32fc     0xa26  stm32f1xx_hal_dma.o [1]
  .text              ro code   0x801'3d22       0x2  stm32f1xx_hal_uart.o [1]
  .text              ro code   0x801'3d24     0xb50  stm32f1xx_hal_rcc.o [1]
  .text              ro code   0x801'4874       0x2  stm32f1xx_hal_tim.o [1]
  .text              ro code   0x801'4876       0x2  stm32f1xx_hal_tim.o [1]
  .text              ro code   0x801'4878       0x2  stm32f1xx_hal_tim.o [1]
  .text              ro code   0x801'487a       0x2  stm32f1xx_hal_tim_ex.o [1]
  .text              ro code   0x801'487c       0x2  stm32f1xx_hal_tim.o [1]
  .text              ro code   0x801'487e       0x2  stm32f1xx_hal_tim_ex.o [1]
  .text              ro code   0x801'4880    0x10c6  xprintffull.o [2]
  .text              ro code   0x801'5948     0xf2c  xscanffull.o [2]
  .text              ro code   0x801'6874     0x284  stm32f1xx_hal_rcc_ex.o [1]
  .text              ro code   0x801'6af8      0xd6  FltAdd.o [3]
  .text              ro code   0x801'6bd0     0x832  stm32f1xx_hal_i2c.o [1]
  .text              ro code   0x801'7402      0x24  stm32f1xx_hal.o [1]
  .text              ro code   0x801'7428     0x108  xlocale_c.o [2]
  .text              ro code   0x801'7530      0x16  strchr.o [4]
  .text              ro code   0x801'7548      0x40  xfail_s.o [2]
  .text              ro code   0x801'7588      0x58  memchr.o [4]
  .text              ro code   0x801'75e0      0x70  frexp.o [3]
  .text              ro code   0x801'7650      0x2e  DblCmpLe.o [3]
  .text              ro code   0x801'7680      0x2e  DblCmpGe.o [3]
  .text              ro code   0x801'76b0     0x13a  ldexp.o [3]
  .text              ro code   0x801'77ea       0xa  xmbcurmax.o [2]
  .text              ro code   0x801'77f4     0x230  I64DivMod.o [4]
  .text              ro code   0x801'7a24      0x14  isspace.o [2]
  .text              ro code   0x801'7a38      0x34  wctob.o [2]
  .text              ro code   0x801'7a6c      0x14  isalpha.o [2]
  .text              ro code   0x801'7a80     0x408  strto64.o [3]
  .text              ro code   0x801'7e88     0x1b2  iar_Stoullx.o [2]
  .text              ro code   0x801'803c      0xa6  iar_Stollx.o [2]
  .text              ro code   0x801'80e2       0x6  abort.o [2]
  .text              ro code   0x801'80e8       0x2  I64DivZer.o [4]
  .text              ro code   0x801'80ea      0x14  memset.o [4]
  .text              ro code   0x801'80fe     0x122  iar_Stopfx.o [2]
  .text              ro code   0x801'8220     0x1b8  iar_Stoflt.o [2]
  .text              ro code   0x801'83d8     0x208  iar_Stoxflt.o [2]
  .text              ro code   0x801'85e0      0x14  tolower.o [2]
  .text              ro code   0x801'85f4      0x14  exit.o [5]
  .text              ro code   0x801'8608     0x79c  sys_func.o [1]
  .text              ro code   0x801'8da4     0x57c  main.o [1]
  .text              ro code   0x801'9320      0x24  stm32f1xx_hal.o [1]
  .text              ro code   0x801'9344      0x44  stepping.o [1]
  .text              ro code   0x801'9388      0x78  lz77_init_single.o [4]
  .text              ro code   0x801'9400      0x68  stm32f1xx_it.o [1]
  .text              ro code   0x801'9468      0x10  stm32f1xx_hal.o [1]
  .text              ro code   0x801'9478      0x58  system_stm32f1xx.o [1]
  .rodata            const     0x801'94d0      0x50  iar_Stoullx.o [2]
  .rodata            const     0x801'9520      0x4c  xscanffull.o [2]
  .rodata            const     0x801'956c      0x1c  cntrl.o [1]
  .rodata            const     0x801'9588      0x48  strto64.o [3]
  .rodata            const     0x801'95d0      0x30  timer.o [1]
  .rodata            const     0x801'9600      0x28  xscanffull.o [2]
  .text              ro code   0x801'9628      0x28  data_init.o [4]
  .iar.init_table    const     0x801'9650      0x20  - Linker created -
  .rodata            const     0x801'9670      0x20  stepping_leadshine_ctrl.o [1]
  .rodata            const     0x801'9690      0x20  stepping_leadshine_ctrl.o [1]
  .rodata            const     0x801'96b0      0x20  timer.o [1]
  .text              ro code   0x801'96d0      0x1e  cmain.o [4]
  .text              ro code   0x801'96ee       0x4  low_level_init.o [2]
  .text              ro code   0x801'96f2       0x4  exit.o [2]
  .text              ro code   0x801'96f8       0xa  cexit.o [4]
  .rodata            const     0x801'9704      0x1c  cntrl.o [1]
  .rodata            const     0x801'9720      0x1c  eeprom_ctrl.o [1]
  .rodata            const     0x801'973c      0x1c  hsAT24_EEPROM.o [1]
  .rodata            const     0x801'9758      0x1c  hsAT24_EEPROM.o [1]
  .rodata            const     0x801'9774      0x1c  stepping_leadshine_ctrl.o [1]
  .rodata            const     0x801'9790      0x1c  uart_pc.o [1]
  .rodata            const     0x801'97ac      0x18  17HS3410_Dspin.o [1]
  .rodata            const     0x801'97c4      0x18  C3000_SYRINGE.o [1]
  .rodata            const     0x801'97dc      0x18  cntrl.o [1]
  .rodata            const     0x801'97f4      0x18  cntrl.o [1]
  .rodata            const     0x801'980c      0x18  cntrl.o [1]
  .rodata            const     0x801'9824      0x18  eeprom_ctrl.o [1]
  .rodata            const     0x801'983c      0x18  eeprom_ctrl.o [1]
  .rodata            const     0x801'9854      0x18  eeprom_ctrl.o [1]
  .rodata            const     0x801'986c      0x18  eeprom_ctrl.o [1]
  .rodata            const     0x801'9884      0x18  eeprom_ctrl.o [1]
  .rodata            const     0x801'989c      0x18  eeprom_ctrl.o [1]
  .rodata            const     0x801'98b4      0x18  eeprom_ctrl.o [1]
  .rodata            const     0x801'98cc      0x18  eeprom_ctrl.o [1]
  .rodata            const     0x801'98e4      0x18  eeprom_ctrl.o [1]
  .rodata            const     0x801'98fc      0x18  eeprom_ctrl.o [1]
  .rodata            const     0x801'9914      0x18  eeprom_ctrl.o [1]
  .rodata            const     0x801'992c      0x18  eeprom_ctrl.o [1]
  .rodata            const     0x801'9944      0x18  eeprom_ctrl.o [1]
  .rodata            const     0x801'995c      0x18  eeprom_ctrl.o [1]
  .rodata            const     0x801'9974      0x18  eeprom_ctrl.o [1]
  .rodata            const     0x801'998c      0x18  eeprom_ctrl.o [1]
  .rodata            const     0x801'99a4      0x18  eeprom_ctrl.o [1]
  .rodata            const     0x801'99bc      0x18  eeprom_ctrl.o [1]
  .rodata            const     0x801'99d4      0x18  eeprom_ctrl.o [1]
  .rodata            const     0x801'99ec      0x18  eeprom_ctrl.o [1]
  .rodata            const     0x801'9a04      0x18  pump.o [1]
  .rodata            const     0x801'9a1c      0x18  sq.o [1]
  .rodata            const     0x801'9a34      0x14  C3000_SYRINGE.o [1]
  .rodata            const     0x801'9a48      0x14  cntrl.o [1]
  .rodata            const     0x801'9a5c      0x14  cntrl.o [1]
  .rodata            const     0x801'9a70      0x14  cntrl.o [1]
  .rodata            const     0x801'9a84      0x14  eeprom_ctrl.o [1]
  .rodata            const     0x801'9a98      0x14  hlld.o [1]
  .rodata            const     0x801'9aac      0x14  hlld.o [1]
  .rodata            const     0x801'9ac0      0x14  pump.o [1]
  .rodata            const     0x801'9ad4      0x14  pump.o [1]
  .rodata            const     0x801'9ae8      0x14  SE655_Barcode.o [1]
  .rodata            const     0x801'9afc      0x14  sq.o [1]
  .rodata            const     0x801'9b10      0x14  uart_pc.o [1]
  .rodata            const     0x801'9b24      0x10  eeprom_ctrl.o [1]
  .rodata            const     0x801'9b34      0x10  eeprom_ctrl.o [1]
  .rodata            const     0x801'9b44      0x10  stm32f1xx_hal_rcc.o [1]
  .rodata            const     0x801'9b54      0x10  stm32f1xx_hal_rcc.o [1]
  .rodata            const     0x801'9b64      0x10  stm32f1xx_hal_rcc_ex.o [1]
  .rodata            const     0x801'9b74      0x10  uart_pc.o [1]
  .text              ro code   0x801'9b84      0x10  startup_stm32f103xe.o [1]
  .rodata            const     0x801'9b94       0xc  C3000_SYRINGE.o [1]
  .rodata            const     0x801'9ba0       0xc  SE655_Barcode.o [1]
  .rodata            const     0x801'9bac       0xc  uart_pc.o [1]
  .text              ro code   0x801'9bb8       0xc  cstartup_M.o [4]
  .rodata            const     0x801'9bc4       0x8  C3000_SYRINGE.o [1]
  .rodata            const     0x801'9bcc       0x8  C3000_SYRINGE.o [1]
  .rodata            const     0x801'9bd4       0x8  C3000_SYRINGE.o [1]
  .rodata            const     0x801'9bdc       0x8  C3000_SYRINGE.o [1]
  .rodata            const     0x801'9be4       0x8  C3000_SYRINGE.o [1]
  .rodata            const     0x801'9bec       0x8  C3000_SYRINGE.o [1]
  .rodata            const     0x801'9bf4       0x8  pump.o [1]
  .rodata            const     0x801'9bfc       0x8  SE655_Barcode.o [1]
  .rodata            const     0x801'9c04       0x8  sys_func.o [1]
  .rodata            const     0x801'9c0c       0x8  sys_func.o [1]
  .rodata            const     0x801'9c14       0x8  sys_func.o [1]
  .rodata            const     0x801'9c1c       0x8  uart_pc.o [1]
  .rodata            const     0x801'9c24       0x8  uart_pc.o [1]
  .rodata            const     0x801'9c2c       0x4  hsAT24_EEPROM.o [1]
  .text              ro code   0x801'9c30       0x4  startup_stm32f103xe.o [1]
  .text              ro code   0x801'9c34       0x4  startup_stm32f103xe.o [1]
  .text              ro code   0x801'9c38       0x4  startup_stm32f103xe.o [1]
  .text              ro code   0x801'9c3c       0x4  startup_stm32f103xe.o [1]
  .text              ro code   0x801'9c40       0x4  startup_stm32f103xe.o [1]
  .text              ro code   0x801'9c44       0x4  startup_stm32f103xe.o [1]
  .text              ro code   0x801'9c48       0x4  startup_stm32f103xe.o [1]
  .text              ro code   0x801'9c4c       0x4  startup_stm32f103xe.o [1]
  .text              ro code   0x801'9c50       0x4  startup_stm32f103xe.o [1]
  .text              ro code   0x801'9c54       0x4  startup_stm32f103xe.o [1]
  .text              ro code   0x801'9c58       0x4  startup_stm32f103xe.o [1]
  .text              ro code   0x801'9c5c       0x4  startup_stm32f103xe.o [1]
  .text              ro code   0x801'9c60       0x4  startup_stm32f103xe.o [1]
  .text              ro code   0x801'9c64       0x4  startup_stm32f103xe.o [1]
  .text              ro code   0x801'9c68       0x4  startup_stm32f103xe.o [1]
  .text              ro code   0x801'9c6c       0x4  startup_stm32f103xe.o [1]
  .text              ro code   0x801'9c70       0x4  startup_stm32f103xe.o [1]
  .text              ro code   0x801'9c74       0x4  startup_stm32f103xe.o [1]
  .text              ro code   0x801'9c78       0x4  startup_stm32f103xe.o [1]
  .text              ro code   0x801'9c7c       0x4  startup_stm32f103xe.o [1]
  .text              ro code   0x801'9c80       0x4  startup_stm32f103xe.o [1]
  .text              ro code   0x801'9c84       0x4  startup_stm32f103xe.o [1]
  .text              ro code   0x801'9c88       0x4  startup_stm32f103xe.o [1]
  .text              ro code   0x801'9c8c       0x4  startup_stm32f103xe.o [1]
  .text              ro code   0x801'9c90       0x4  startup_stm32f103xe.o [1]
  .text              ro code   0x801'9c94       0x4  startup_stm32f103xe.o [1]
  .text              ro code   0x801'9c98       0x4  startup_stm32f103xe.o [1]
  .text              ro code   0x801'9c9c       0x4  startup_stm32f103xe.o [1]
  .text              ro code   0x801'9ca0       0x4  startup_stm32f103xe.o [1]
  .text              ro code   0x801'9ca4       0x4  startup_stm32f103xe.o [1]
  .text              ro code   0x801'9ca8       0x4  startup_stm32f103xe.o [1]
  .text              ro code   0x801'9cac       0x4  startup_stm32f103xe.o [1]
  .text              ro code   0x801'9cb0       0x4  startup_stm32f103xe.o [1]
  .text              ro code   0x801'9cb4       0x4  startup_stm32f103xe.o [1]
  .text              ro code   0x801'9cb8       0x4  startup_stm32f103xe.o [1]
  .text              ro code   0x801'9cbc       0x4  startup_stm32f103xe.o [1]
  .text              ro code   0x801'9cc0       0x4  startup_stm32f103xe.o [1]
  .text              ro code   0x801'9cc4       0x4  startup_stm32f103xe.o [1]
  .text              ro code   0x801'9cc8       0x4  startup_stm32f103xe.o [1]
  .text              ro code   0x801'9ccc       0x4  startup_stm32f103xe.o [1]
  .text              ro code   0x801'9cd0       0x4  startup_stm32f103xe.o [1]
  .text              ro code   0x801'9cd4       0x4  startup_stm32f103xe.o [1]
  .text              ro code   0x801'9cd8       0x4  startup_stm32f103xe.o [1]
  .text              ro code   0x801'9cdc       0x4  startup_stm32f103xe.o [1]
  .text              ro code   0x801'9ce0       0x4  startup_stm32f103xe.o [1]
  .text              ro code   0x801'9ce4       0x4  startup_stm32f103xe.o [1]
  .text              ro code   0x801'9ce8       0x4  startup_stm32f103xe.o [1]
  .text              ro code   0x801'9cec       0x4  startup_stm32f103xe.o [1]
  .text              ro code   0x801'9cf0       0x4  startup_stm32f103xe.o [1]
  .text              ro code   0x801'9cf4       0x4  startup_stm32f103xe.o [1]
  .text              ro code   0x801'9cf8       0x4  startup_stm32f103xe.o [1]
  .text              ro code   0x801'9cfc       0x4  startup_stm32f103xe.o [1]
  .text              ro code   0x801'9d00       0x4  startup_stm32f103xe.o [1]
  .text              ro code   0x801'9d04       0x4  startup_stm32f103xe.o [1]
  .text              ro code   0x801'9d08       0x4  startup_stm32f103xe.o [1]
  .text              ro code   0x801'9d0c       0x4  startup_stm32f103xe.o [1]
  .text              ro code   0x801'9d10       0x4  startup_stm32f103xe.o [1]
  .rodata            const     0x801'9d14       0x0  zero_init3.o [4]
  .rodata            const     0x801'9d14       0x0  lz77_init_single.o [4]
  Initializer bytes  const     0x801'9d14     0x243  <for P2-1>
                             - 0x801'9f57  0x1'7e27

"P2", part 1 of 3:                            0x53d
  P2-1                        0x2000'0000     0x53d  <Init block>
    .data            inited   0x2000'0000       0x4  hsAT24_EEPROM.o [1]
    .data            inited   0x2000'0004       0x4  hsAT24_EEPROM.o [1]
    .data            inited   0x2000'0008      0x24  MG90_SERVOMOTOR.o [1]
    .data            inited   0x2000'002c      0x14  SE655_Barcode.o [1]
    .data            inited   0x2000'0040       0x4  SE655_Barcode.o [1]
    .data            inited   0x2000'0044      0x24  shake.o [1]
    .data            inited   0x2000'0068      0x40  stepping_leadshine_ctrl.o [1]
    .data            inited   0x2000'00a8      0x40  stepping_leadshine_ctrl.o [1]
    .data            inited   0x2000'00e8      0x40  stepping_leadshine_ctrl.o [1]
    .data            inited   0x2000'0128      0x5c  sys_func.o [1]
    .data            inited   0x2000'0184      0x5c  sys_func.o [1]
    .data            inited   0x2000'01e0      0x6c  sys_func.o [1]
    .data            inited   0x2000'024c      0x70  sys_func.o [1]
    .data            inited   0x2000'02bc      0x58  sys_func.o [1]
    .data            inited   0x2000'0314      0x58  sys_func.o [1]
    .data            inited   0x2000'036c      0x60  sys_func.o [1]
    .data            inited   0x2000'03cc      0x68  sys_func.o [1]
    .data            inited   0x2000'0434      0x60  sys_func.o [1]
    .data            inited   0x2000'0494       0x4  sys_func.o [1]
    .data            inited   0x2000'0498       0x4  system_stm32f1xx.o [1]
    .data            inited   0x2000'049c       0x4  timer.o [1]
    .data            inited   0x2000'04a0       0x4  timer.o [1]
    .data            inited   0x2000'04a4      0x38  xlocale_c.o [2]
    .data            inited   0x2000'04dc      0x48  xlocale_c.o [2]
    .data            inited   0x2000'0524       0x2  cntrl.o [1]
    .data            inited   0x2000'0526       0x2  key_polling.o [1]
    .data            inited   0x2000'0528       0x2  key_polling.o [1]
    .data            inited   0x2000'052a       0x2  key_polling.o [1]
    .data            inited   0x2000'052c       0x1  cntrl.o [1]
    .data            inited   0x2000'052d       0x1  error.o [1]
    .data            inited   0x2000'052e       0x1  hlld.o [1]
    .data            inited   0x2000'052f       0x1  hlld.o [1]
    .data            inited   0x2000'0530       0x1  pump.o [1]
    .data            inited   0x2000'0531       0x1  sq.o [1]
    .data            inited   0x2000'0532       0x1  stepping_leadshine_ctrl.o [1]
    .data            inited   0x2000'0533       0x1  stepping_leadshine_ctrl.o [1]
    .data            inited   0x2000'0534       0x1  stepping_leadshine_ctrl.o [1]
    .data            inited   0x2000'0535       0x1  stepping_leadshine_ctrl.o [1]
    .data            inited   0x2000'0536       0x1  stepping_leadshine_ctrl.o [1]
    .data            inited   0x2000'0537       0x1  stepping_leadshine_ctrl.o [1]
    .data            inited   0x2000'0538       0x1  timer.o [1]
    .data            inited   0x2000'0539       0x1  timer.o [1]
    .data            inited   0x2000'053a       0x1  timer.o [1]
    .data            inited   0x2000'053b       0x1  timer.o [1]
    .data            inited   0x2000'053c       0x1  timer.o [1]
                            - 0x2000'053d     0x53d

"P2", part 2 of 3:                           0x18f8
  .bss               zero     0x2000'0540     0x4bc  sq.o [1]
  .bss               zero     0x2000'09fc     0x40c  uart_pc.o [1]
  .bss               zero     0x2000'0e08     0x258  timer.o [1]
  .bss               zero     0x2000'1060     0x208  uart_pc.o [1]
  .bss               zero     0x2000'1268     0x208  uart_pc.o [1]
  .bss               zero     0x2000'1470      0xc8  SE655_Barcode.o [1]
  .bss               zero     0x2000'1538      0xc4  sq.o [1]
  .bss               zero     0x2000'15fc      0x80  uart_pc.o [1]
  .bss               zero     0x2000'167c      0x78  pump.o [1]
  .bss               zero     0x2000'16f4      0x68  event.o [1]
  .bss               zero     0x2000'175c      0x58  cam_led.o [1]
  .bss               zero     0x2000'17b4      0x58  shake.o [1]
  .bss               zero     0x2000'180c      0x40  C3000_SYRINGE.o [1]
  .bss               zero     0x2000'184c      0x40  pump.o [1]
  .bss               zero     0x2000'188c      0x40  SE655_Barcode.o [1]
  .bss               zero     0x2000'18cc      0x40  stepping.o [1]
  .bss               zero     0x2000'190c      0x40  uart_pc.o [1]
  .bss               zero     0x2000'194c      0x3c  C3000_SYRINGE.o [1]
  .bss               zero     0x2000'1988      0x3c  hs_Common_Utill.o [1]
  .bss               zero     0x2000'19c4      0x3c  hsAT24_EEPROM.o [1]
  .bss               zero     0x2000'1a00      0x3c  MG90_SERVOMOTOR.o [1]
  .bss               zero     0x2000'1a3c      0x3c  timer.o [1]
  .bss               zero     0x2000'1a78      0x38  stm32f1xx_hal_msp.o [1]
  .bss               zero     0x2000'1ab0      0x30  adc.o [1]
  .bss               zero     0x2000'1ae0      0x30  main.o [1]
  .bss               zero     0x2000'1b10      0x30  shake.o [1]
  .bss               zero     0x2000'1b40      0x20  hlld.o [1]
  .bss               zero     0x2000'1b60      0x1c  MG90_SERVOMOTOR.o [1]
  .bss               zero     0x2000'1b7c      0x1c  stepping_leadshine_ctrl.o [1]
  .bss               zero     0x2000'1b98      0x18  uart_pc.o [1]
  .bss               zero     0x2000'1bb0      0x14  error.o [1]
  .bss               zero     0x2000'1bc4      0x14  pump.o [1]
  .bss               zero     0x2000'1bd8      0x10  cam_led.o [1]
  .bss               zero     0x2000'1be8       0xc  adc.o [1]
  .bss               zero     0x2000'1bf4       0xc  C3000_SYRINGE.o [1]
  .bss               zero     0x2000'1c00       0xc  eeprom_ctrl.o [1]
  .bss               zero     0x2000'1c0c       0xc  eeprom_ctrl.o [1]
  .bss               zero     0x2000'1c18       0xc  eeprom_ctrl.o [1]
  .bss               zero     0x2000'1c24       0xc  eeprom_ctrl.o [1]
  .bss               zero     0x2000'1c30       0xc  eeprom_ctrl.o [1]
  .bss               zero     0x2000'1c3c       0xc  eeprom_ctrl.o [1]
  .bss               zero     0x2000'1c48       0xc  eeprom_ctrl.o [1]
  .bss               zero     0x2000'1c54       0xc  eeprom_ctrl.o [1]
  .bss               zero     0x2000'1c60       0xc  eeprom_ctrl.o [1]
  .bss               zero     0x2000'1c6c       0xc  eeprom_ctrl.o [1]
  .bss               zero     0x2000'1c78       0xc  eeprom_ctrl.o [1]
  .bss               zero     0x2000'1c84       0xc  eeprom_ctrl.o [1]
  .bss               zero     0x2000'1c90       0xc  eeprom_ctrl.o [1]
  .bss               zero     0x2000'1c9c       0xc  eeprom_ctrl.o [1]
  .bss               zero     0x2000'1ca8       0xc  eeprom_ctrl.o [1]
  .bss               zero     0x2000'1cb4       0xc  hlld.o [1]
  .bss               zero     0x2000'1cc0       0xc  pump.o [1]
  .bss               zero     0x2000'1ccc       0x8  hlld.o [1]
  .bss               zero     0x2000'1cd4       0x8  sq.o [1]
  .bss               zero     0x2000'1cdc       0x4  17HS3410_Dspin.o [1]
  .bss               zero     0x2000'1ce0       0x4  adc.o [1]
  .bss               zero     0x2000'1ce4       0x4  adc.o [1]
  .bss               zero     0x2000'1ce8       0x4  adc.o [1]
  .bss               zero     0x2000'1cec       0x4  adc.o [1]
  .bss               zero     0x2000'1cf0       0x4  C3000_SYRINGE.o [1]
  .bss               zero     0x2000'1cf4       0x4  cam_led.o [1]
  .bss               zero     0x2000'1cf8       0x4  cam_led.o [1]
  .bss               zero     0x2000'1cfc       0x4  cam_led.o [1]
  .bss               zero     0x2000'1d00       0x4  cam_led.o [1]
  .bss               zero     0x2000'1d04       0x4  cntrl.o [1]
  .bss               zero     0x2000'1d08       0x4  cntrl.o [1]
  .bss               zero     0x2000'1d0c       0x4  cntrl.o [1]
  .bss               zero     0x2000'1d10       0x4  cntrl.o [1]
  .bss               zero     0x2000'1d14       0x4  cntrl.o [1]
  .bss               zero     0x2000'1d18       0x4  cntrl.o [1]
  .bss               zero     0x2000'1d1c       0x4  hlld.o [1]
  .bss               zero     0x2000'1d20       0x4  MG90_SERVOMOTOR.o [1]
  .bss               zero     0x2000'1d24       0x4  MG90_SERVOMOTOR.o [1]
  .bss               zero     0x2000'1d28       0x4  SE655_Barcode.o [1]
  .bss               zero     0x2000'1d2c       0x4  shake.o [1]
  .bss               zero     0x2000'1d30       0x4  shake.o [1]
  .bss               zero     0x2000'1d34       0x4  sq.o [1]
  .bss               zero     0x2000'1d38       0x4  sq.o [1]
  .bss               zero     0x2000'1d3c       0x4  sq.o [1]
  .bss               zero     0x2000'1d40       0x4  sq.o [1]
  .bss               zero     0x2000'1d44       0x4  sq.o [1]
  .bss               zero     0x2000'1d48       0x4  sq.o [1]
  .bss               zero     0x2000'1d4c       0x4  stepping_leadshine_ctrl.o [1]
  .bss               zero     0x2000'1d50       0x4  stepping_leadshine_ctrl.o [1]
  .bss               zero     0x2000'1d54       0x4  stm32f1xx_hal.o [1]
  .bss               zero     0x2000'1d58       0x4  sys_func.o [1]
  .bss               zero     0x2000'1d5c       0x4  sys_func.o [1]
  .bss               zero     0x2000'1d60       0x4  sys_func.o [1]
  .bss               zero     0x2000'1d64       0x4  sys_func.o [1]
  .bss               zero     0x2000'1d68       0x4  timer.o [1]
  .bss               zero     0x2000'1d6c       0x4  timer.o [1]
  .bss               zero     0x2000'1d70       0x4  timer.o [1]
  .bss               zero     0x2000'1d74       0x4  uart_pc.o [1]
  .bss               zero     0x2000'1d78       0x4  uart_pc.o [1]
  .bss               zero     0x2000'1d7c       0x4  uart_pc.o [1]
  .bss               zero     0x2000'1d80       0x4  uart_pc.o [1]
  .bss               zero     0x2000'1d84       0x4  xfail_s.o [2]
  .bss               zero     0x2000'1d88       0x2  cntrl.o [1]
  .bss               zero     0x2000'1d8a       0x2  cntrl.o [1]
  .bss               zero     0x2000'1d8c       0x2  cntrl.o [1]
  .bss               zero     0x2000'1d8e       0x2  cntrl.o [1]
  .bss               zero     0x2000'1d90       0x2  cntrl.o [1]
  .bss               zero     0x2000'1d92       0x2  error.o [1]
  .bss               zero     0x2000'1d94       0x2  hlld.o [1]
  .bss               zero     0x2000'1d96       0x2  hlld.o [1]
  .bss               zero     0x2000'1d98       0x2  hlld.o [1]
  .bss               zero     0x2000'1d9a       0x2  hlld.o [1]
  .bss               zero     0x2000'1d9c       0x2  hlld.o [1]
  .bss               zero     0x2000'1d9e       0x2  key_polling.o [1]
  .bss               zero     0x2000'1da0       0x2  key_polling.o [1]
  .bss               zero     0x2000'1da2       0x2  key_polling.o [1]
  .bss               zero     0x2000'1da4       0x2  pump.o [1]
  .bss               zero     0x2000'1da6       0x2  pump.o [1]
  .bss               zero     0x2000'1da8       0x2  stepping_leadshine_ctrl.o [1]
  .bss               zero     0x2000'1daa       0x2  stepping_leadshine_ctrl.o [1]
  .bss               zero     0x2000'1dac       0x2  timer.o [1]
  .bss               zero     0x2000'1dae       0x2  timer.o [1]
  .bss               zero     0x2000'1db0       0x2  uart_pc.o [1]
  .bss               zero     0x2000'1db2       0x2  uart_pc.o [1]
  .bss               zero     0x2000'1db4       0x2  uart_pc.o [1]
  .bss               zero     0x2000'1db6       0x2  uart_pc.o [1]
  .bss               zero     0x2000'1db8       0x1  adc.o [1]
  .bss               zero     0x2000'1db9       0x1  adc.o [1]
  .bss               zero     0x2000'1dba       0x1  C3000_SYRINGE.o [1]
  .bss               zero     0x2000'1dbb       0x1  C3000_SYRINGE.o [1]
  .bss               zero     0x2000'1dbc       0x1  C3000_SYRINGE.o [1]
  .bss               zero     0x2000'1dbd       0x1  C3000_SYRINGE.o [1]
  .bss               zero     0x2000'1dbe       0x1  cntrl.o [1]
  .bss               zero     0x2000'1dbf       0x1  cntrl.o [1]
  .bss               zero     0x2000'1dc0       0x1  cntrl.o [1]
  .bss               zero     0x2000'1dc1       0x1  cntrl.o [1]
  .bss               zero     0x2000'1dc2       0x1  cntrl.o [1]
  .bss               zero     0x2000'1dc3       0x1  cntrl.o [1]
  .bss               zero     0x2000'1dc4       0x1  cntrl.o [1]
  .bss               zero     0x2000'1dc5       0x1  cntrl.o [1]
  .bss               zero     0x2000'1dc6       0x1  cntrl.o [1]
  .bss               zero     0x2000'1dc7       0x1  cntrl.o [1]
  .bss               zero     0x2000'1dc8       0x1  cntrl.o [1]
  .bss               zero     0x2000'1dc9       0x1  cntrl.o [1]
  .bss               zero     0x2000'1dca       0x1  cntrl.o [1]
  .bss               zero     0x2000'1dcb       0x1  cntrl.o [1]
  .bss               zero     0x2000'1dcc       0x1  cntrl.o [1]
  .bss               zero     0x2000'1dcd       0x1  cntrl.o [1]
  .bss               zero     0x2000'1dce       0x1  cntrl.o [1]
  .bss               zero     0x2000'1dcf       0x1  cntrl.o [1]
  .bss               zero     0x2000'1dd0       0x1  cntrl.o [1]
  .bss               zero     0x2000'1dd1       0x1  cntrl.o [1]
  .bss               zero     0x2000'1dd2       0x1  cntrl.o [1]
  .bss               zero     0x2000'1dd3       0x1  cntrl.o [1]
  .bss               zero     0x2000'1dd4       0x1  cntrl.o [1]
  .bss               zero     0x2000'1dd5       0x1  cntrl.o [1]
  .bss               zero     0x2000'1dd6       0x1  cntrl.o [1]
  .bss               zero     0x2000'1dd7       0x1  cntrl.o [1]
  .bss               zero     0x2000'1dd8       0x1  cntrl.o [1]
  .bss               zero     0x2000'1dd9       0x1  cntrl.o [1]
  .bss               zero     0x2000'1dda       0x1  cntrl.o [1]
  .bss               zero     0x2000'1ddb       0x1  cntrl.o [1]
  .bss               zero     0x2000'1ddc       0x1  cntrl.o [1]
  .bss               zero     0x2000'1ddd       0x1  cntrl.o [1]
  .bss               zero     0x2000'1dde       0x1  cntrl.o [1]
  .bss               zero     0x2000'1ddf       0x1  cntrl.o [1]
  .bss               zero     0x2000'1de0       0x1  cntrl.o [1]
  .bss               zero     0x2000'1de1       0x1  cntrl.o [1]
  .bss               zero     0x2000'1de2       0x1  cntrl.o [1]
  .bss               zero     0x2000'1de3       0x1  cntrl.o [1]
  .bss               zero     0x2000'1de4       0x1  cntrl.o [1]
  .bss               zero     0x2000'1de5       0x1  cntrl.o [1]
  .bss               zero     0x2000'1de6       0x1  cntrl.o [1]
  .bss               zero     0x2000'1de7       0x1  error.o [1]
  .bss               zero     0x2000'1de8       0x1  error.o [1]
  .bss               zero     0x2000'1de9       0x1  hlld.o [1]
  .bss               zero     0x2000'1dea       0x1  hlld.o [1]
  .bss               zero     0x2000'1deb       0x1  hlld.o [1]
  .bss               zero     0x2000'1dec       0x1  key_polling.o [1]
  .bss               zero     0x2000'1ded       0x1  key_polling.o [1]
  .bss               zero     0x2000'1dee       0x1  key_polling.o [1]
  .bss               zero     0x2000'1def       0x1  MG90_SERVOMOTOR.o [1]
  .bss               zero     0x2000'1df0       0x1  pump.o [1]
  .bss               zero     0x2000'1df1       0x1  pump.o [1]
  .bss               zero     0x2000'1df2       0x1  pump.o [1]
  .bss               zero     0x2000'1df3       0x1  pump.o [1]
  .bss               zero     0x2000'1df4       0x1  pump.o [1]
  .bss               zero     0x2000'1df5       0x1  pump.o [1]
  .bss               zero     0x2000'1df6       0x1  pump.o [1]
  .bss               zero     0x2000'1df7       0x1  SE655_Barcode.o [1]
  .bss               zero     0x2000'1df8       0x1  SE655_Barcode.o [1]
  .bss               zero     0x2000'1df9       0x1  SE655_Barcode.o [1]
  .bss               zero     0x2000'1dfa       0x1  SE655_Barcode.o [1]
  .bss               zero     0x2000'1dfb       0x1  SE655_Barcode.o [1]
  .bss               zero     0x2000'1dfc       0x1  SE655_Barcode.o [1]
  .bss               zero     0x2000'1dfd       0x1  SE655_Barcode.o [1]
  .bss               zero     0x2000'1dfe       0x1  SE655_Barcode.o [1]
  .bss               zero     0x2000'1dff       0x1  shake.o [1]
  .bss               zero     0x2000'1e00       0x1  shake.o [1]
  .bss               zero     0x2000'1e01       0x1  sq.o [1]
  .bss               zero     0x2000'1e02       0x1  sq.o [1]
  .bss               zero     0x2000'1e03       0x1  sq.o [1]
  .bss               zero     0x2000'1e04       0x1  sq.o [1]
  .bss               zero     0x2000'1e05       0x1  sq.o [1]
  .bss               zero     0x2000'1e06       0x1  sq.o [1]
  .bss               zero     0x2000'1e07       0x1  sq.o [1]
  .bss               zero     0x2000'1e08       0x1  sq.o [1]
  .bss               zero     0x2000'1e09       0x1  sq.o [1]
  .bss               zero     0x2000'1e0a       0x1  sq.o [1]
  .bss               zero     0x2000'1e0b       0x1  sq.o [1]
  .bss               zero     0x2000'1e0c       0x1  sq.o [1]
  .bss               zero     0x2000'1e0d       0x1  sq.o [1]
  .bss               zero     0x2000'1e0e       0x1  sq.o [1]
  .bss               zero     0x2000'1e0f       0x1  sq.o [1]
  .bss               zero     0x2000'1e10       0x1  sq.o [1]
  .bss               zero     0x2000'1e11       0x1  sq.o [1]
  .bss               zero     0x2000'1e12       0x1  sq.o [1]
  .bss               zero     0x2000'1e13       0x1  sq.o [1]
  .bss               zero     0x2000'1e14       0x1  stepping.o [1]
  .bss               zero     0x2000'1e15       0x1  stepping_leadshine_ctrl.o [1]
  .bss               zero     0x2000'1e16       0x1  stepping_leadshine_ctrl.o [1]
  .bss               zero     0x2000'1e17       0x1  stepping_leadshine_ctrl.o [1]
  .bss               zero     0x2000'1e18       0x1  stepping_leadshine_ctrl.o [1]
  .bss               zero     0x2000'1e19       0x1  stepping_leadshine_ctrl.o [1]
  .bss               zero     0x2000'1e1a       0x1  stepping_leadshine_ctrl.o [1]
  .bss               zero     0x2000'1e1b       0x1  stepping_leadshine_ctrl.o [1]
  .bss               zero     0x2000'1e1c       0x1  stepping_leadshine_ctrl.o [1]
  .bss               zero     0x2000'1e1d       0x1  stepping_leadshine_ctrl.o [1]
  .bss               zero     0x2000'1e1e       0x1  stepping_leadshine_ctrl.o [1]
  .bss               zero     0x2000'1e1f       0x1  stepping_leadshine_ctrl.o [1]
  .bss               zero     0x2000'1e20       0x1  stepping_leadshine_ctrl.o [1]
  .bss               zero     0x2000'1e21       0x1  stepping_leadshine_ctrl.o [1]
  .bss               zero     0x2000'1e22       0x1  stepping_leadshine_ctrl.o [1]
  .bss               zero     0x2000'1e23       0x1  stepping_leadshine_ctrl.o [1]
  .bss               zero     0x2000'1e24       0x1  stm32f1xx_hal_spi_ex.o [1]
  .bss               zero     0x2000'1e25       0x1  sys_func.o [1]
  .bss               zero     0x2000'1e26       0x1  sys_func.o [1]
  .bss               zero     0x2000'1e27       0x1  sys_func.o [1]
  .bss               zero     0x2000'1e28       0x1  sys_func.o [1]
  .bss               zero     0x2000'1e29       0x1  sys_func.o [1]
  .bss               zero     0x2000'1e2a       0x1  sys_func.o [1]
  .bss               zero     0x2000'1e2b       0x1  timer.o [1]
  .bss               zero     0x2000'1e2c       0x1  timer.o [1]
  .bss               zero     0x2000'1e2d       0x1  timer.o [1]
  .bss               zero     0x2000'1e2e       0x1  timer.o [1]
  .bss               zero     0x2000'1e2f       0x1  timer.o [1]
  .bss               zero     0x2000'1e30       0x1  timer.o [1]
  .bss               zero     0x2000'1e31       0x1  uart_pc.o [1]
  .bss               zero     0x2000'1e32       0x1  uart_pc.o [1]
  .bss               zero     0x2000'1e33       0x1  uart_pc.o [1]
  .bss               zero     0x2000'1e34       0x1  uart_pc.o [1]
  .bss               zero     0x2000'1e35       0x1  uart_pc.o [1]
                            - 0x2000'1e36    0x18f6

"P2", part 3 of 3:                           0x1000
  CSTACK                      0x2000'1e38    0x1000  <Block>
    CSTACK           uninit   0x2000'1e38    0x1000  <Block tail>
                            - 0x2000'2e38    0x1000

Unused ranges:

         From           To      Size
         ----           --      ----
   0x801'9f57   0x807'ffff  0x6'60a9
  0x2000'053d  0x2000'053f       0x3
  0x2000'2e38  0x2000'ffff    0xd1c8


*******************************************************************************
*** INIT TABLE
***

          Address      Size
          -------      ----
Zero (__iar_zero_init3)
    1 destination range, total size 0x18f6:
          0x2000'0540  0x18f6

Copy/lz77 (__iar_lz77_init_single3)
    1 source range, total size 0x243 (43% of destination):
           0x801'9d14   0x243
    1 destination range, total size 0x53d:
          0x2000'0000   0x53d



*******************************************************************************
*** MODULE SUMMARY
***

    Module                     ro code  ro data  rw data
    ------                     -------  -------  -------
command line/config:
    ----------------------------------------------------
    Total:

D:\Github\sb3\S-Blot-3_queue_edit\EWARM\KBlot_supreme_I\Obj: [1]
    17HS3410_Dspin.o               604       24        4
    C3000_SYRINGE.o              2'136      104      144
    MG90_SERVOMOTOR.o            1'512       15      133
    SE655_Barcode.o              2'212       51      300
    adc.o                          488                78
    cam_led.o                    1'164               120
    cntrl.o                     14'136      190       78
    eeprom_ctrl.o                1'556      560      180
    error.o                        288                25
    event.o                        204               104
    hlld.o                       3'680       41       71
    hsAT24_EEPROM.o                844       63       68
    hs_Common_Utill.o              272                60
    key_polling.o                  296        2       15
    main.o                       1'404                48
    pump.o                       3'480       72      228
    shake.o                      2'520       15      182
    sq.o                         7'992       45    1'460
    startup_stm32f103xe.o          548
    stepping.o                      68                65
    stepping_leadshine_ctrl.o    8'892      177      253
    stm32f1xx_hal.o                124                 4
    stm32f1xx_hal_adc.o          1'748
    stm32f1xx_hal_cortex.o         448
    stm32f1xx_hal_dma.o          2'598
    stm32f1xx_hal_gpio.o         1'032
    stm32f1xx_hal_i2c.o          2'098
    stm32f1xx_hal_msp.o          1'404                56
    stm32f1xx_hal_rcc.o          2'896       34
    stm32f1xx_hal_rcc_ex.o         644       18
    stm32f1xx_hal_spi.o          1'572
    stm32f1xx_hal_spi_ex.o         144                 1
    stm32f1xx_hal_tim.o          2'030
    stm32f1xx_hal_tim_ex.o          96
    stm32f1xx_hal_uart.o         2'074
    stm32f1xx_it.o                 104
    sys_func.o                   1'948      404      902
    system_stm32f1xx.o              88        2        4
    timer.o                      1'312       87      695
    uart_pc.o                    2'624       92    2'321
    ----------------------------------------------------
    Total:                      79'280    1'996    7'599

dl7M_tlf.a: [2]
    abort.o                          6
    exit.o                           4
    iar_Stoflt.o                   440
    iar_Stollx.o                   166
    iar_Stopfx.o                   290
    iar_Stoullx.o                  434       80
    iar_Stoxflt.o                  520
    isalpha.o                       20
    isspace.o                       20
    low_level_init.o                 4
    snprintf.o                      68
    sprintf.o                       64
    sscanf.o                        40
    tolower.o                       20
    wctob.o                         52
    xencoding_8859_1.o              38
    xfail_s.o                       64                 4
    xlocale_c.o                    264       61      128
    xmbcurmax.o                     10
    xprintffull.o                4'294
    xscanffull.o                 3'884      116
    xsnprout.o                      26
    xsprout.o                       10
    xsscin.o                        30
    ----------------------------------------------------
    Total:                      10'768      257      132

m7M_tl.a: [3]
    DblAdd.o                       378
    DblCmpGe.o                      46
    DblCmpLe.o                      46
    DblDiv.o                       582
    DblMul.o                       418
    DblSub.o                       226
    DblToFlt.o                     104
    DblToS32.o                      58
    DblToU32.o                      40
    FltAdd.o                       214
    FltCmpLe.o                      36
    FltDiv.o                       252
    FltMul.o                       216
    FltSub.o                       128
    FltToDbl.o                      72
    FltToU32.o                      34
    S32ToDbl.o                      34
    S32ToFlt.o                      36
    U32ToDbl.o                      26
    frexp.o                        112
    ldexp.o                        314
    strto64.o                    1'032       72
    ----------------------------------------------------
    Total:                       4'404       72

rt7M_tl.a: [4]
    ABImemcpy.o                    166
    ABImemset.o                    102
    I64DivMod.o                    560
    I64DivZer.o                      2
    cexit.o                         10
    cmain.o                         30
    cstartup_M.o                    12
    data_init.o                     40
    lz77_init_single.o             120
    memchr.o                        88
    memset.o                        20
    strchr.o                        22
    strlen.o                        54
    zero_init3.o                    58
    ----------------------------------------------------
    Total:                       1'284

shb_l.a: [5]
    exit.o                          20
    ----------------------------------------------------
    Total:                          20

    Gaps                            20        2
    Linker created                           32    4'096
--------------------------------------------------------
    Grand Total:                95'776    2'359   11'827


*******************************************************************************
*** ENTRY LIST
***

Entry                       Address    Size  Type      Object
-----                       -------    ----  ----      ------
.iar.init_table$$Base    0x801'9650           --   Gb  - Linker created -
.iar.init_table$$Limit   0x801'9670           --   Gb  - Linker created -
?main                    0x801'96d1          Code  Gb  cmain.o [4]
ACKBuf                  0x2000'1cc0     0xc  Data  Gb  pump.o [1]
ACK_BUF_LENGTH          0x2000'1da4     0x2  Data  Gb  pump.o [1]
ADC_ConversionStop_Disable
                         0x801'2569    0x4a  Code  Gb  stm32f1xx_hal_adc.o [1]
ADC_Enable               0x801'24c5    0x6e  Code  Gb  stm32f1xx_hal_adc.o [1]
Air_temp_res            0x2000'1cec     0x4  Data  Gb  adc.o [1]
Air_temp_res_vol         0x800'f8cd    0xbc  Code  Gb  adc.o [1]
BSP_AT24_I2C_Read        0x801'2b6f    0x6e  Code  Gb  hsAT24_EEPROM.o [1]
BSP_AT24_I2C_Write       0x801'2b01    0x6e  Code  Gb  hsAT24_EEPROM.o [1]
BusFault_Handler         0x801'9403     0x2  Code  Gb  stm32f1xx_it.o [1]
C3000_send_command       0x800'a3c5   0x120  Code  Gb  C3000_SYRINGE.o [1]
C3000_srige_oper         0x800'a10b   0x21a  Code  Gb  C3000_SYRINGE.o [1]
CLLD_HOME                0x800'5d55    0xb6  Code  Gb  stepping_leadshine_ctrl.o [1]
CLLD_OP                  0x800'5d2b    0x20  Code  Gb  stepping_leadshine_ctrl.o [1]
CLLD_VOL_Check          0x2000'1dea     0x1  Data  Gb  hlld.o [1]
CSTACK$$Base            0x2000'1e38           --   Gb  - Linker created -
CSTACK$$Limit           0x2000'2e38           --   Gb  - Linker created -
CacheMore                0x801'7469    0x28  Code  Lc  xlocale_c.o [2]
Ccd_Blocker_check_state
                        0x2000'1e03     0x1  Data  Gb  sq.o [1]
Ccd_beep_en             0x2000'1e04     0x1  Data  Gb  sq.o [1]
DMA1_Channel4_IRQHandler
                         0x801'9447     0xa  Code  Gb  stm32f1xx_it.o [1]
DMA_SetConfig            0x801'3d01    0x22  Code  Lc  stm32f1xx_hal_dma.o [1]
DebugMon_Handler         0x801'9407     0x2  Code  Gb  stm32f1xx_it.o [1]
Dtentox                  0x801'7b0d   0x1fc  Code  Lc  strto64.o [3]
Get_LEAD_ReceivPacketHandle
                         0x800'7845    0xd6  Code  Gb  stepping_leadshine_ctrl.o [1]
Get_SYRINGE_ReceivPacketHandle
                         0x800'a50b    0x60  Code  Gb  C3000_SYRINGE.o [1]
HAL_ADC_ConfigChannel    0x801'2315   0x1ac  Code  Gb  stm32f1xx_hal_adc.o [1]
HAL_ADC_GetValue         0x801'230f     0x6  Code  Gb  stm32f1xx_hal_adc.o [1]
HAL_ADC_Init             0x801'1ee1   0x16e  Code  Gb  stm32f1xx_hal_adc.o [1]
HAL_ADC_MspInit          0x801'2de9    0xa4  Code  Gb  stm32f1xx_hal_msp.o [1]
HAL_ADC_PollForConversion
                         0x801'21ad   0x162  Code  Gb  stm32f1xx_hal_adc.o [1]
HAL_ADC_Start            0x801'204f   0x122  Code  Gb  stm32f1xx_hal_adc.o [1]
HAL_ADC_Stop             0x801'2171    0x3c  Code  Gb  stm32f1xx_hal_adc.o [1]
HAL_DMA_IRQHandler       0x801'33c5   0x8fc  Code  Gb  stm32f1xx_hal_dma.o [1]
HAL_DMA_Init             0x801'32fd    0x5a  Code  Gb  stm32f1xx_hal_dma.o [1]
HAL_DMA_Start_IT         0x801'3357    0x6e  Code  Gb  stm32f1xx_hal_dma.o [1]
HAL_Delay                0x800'f191    0x18  Code  Wk  stm32f1xx_hal.o [1]
HAL_GPIO_DeInit          0x800'efc7   0x146  Code  Gb  stm32f1xx_hal_gpio.o [1]
HAL_GPIO_Init            0x800'ed89   0x23e  Code  Gb  stm32f1xx_hal_gpio.o [1]
HAL_GPIO_ReadPin         0x800'f10d    0x16  Code  Gb  stm32f1xx_hal_gpio.o [1]
HAL_GPIO_TogglePin       0x800'f13d     0xc  Code  Gb  stm32f1xx_hal_gpio.o [1]
HAL_GPIO_WritePin        0x800'f123    0x1a  Code  Gb  stm32f1xx_hal_gpio.o [1]
HAL_GetTick              0x801'1ed5     0xc  Code  Wk  stm32f1xx_hal.o [1]
HAL_I2C_DeInit           0x801'6c87    0x38  Code  Gb  stm32f1xx_hal_i2c.o [1]
HAL_I2C_Init             0x801'6bd1    0xb6  Code  Gb  stm32f1xx_hal_i2c.o [1]
HAL_I2C_Mem_Read         0x801'6de5   0x238  Code  Gb  stm32f1xx_hal_i2c.o [1]
HAL_I2C_Mem_Write        0x801'6cc9   0x11c  Code  Gb  stm32f1xx_hal_i2c.o [1]
HAL_I2C_MspDeInit        0x801'2ecd    0x26  Code  Gb  stm32f1xx_hal_msp.o [1]
HAL_I2C_MspInit          0x801'2e8d    0x40  Code  Gb  stm32f1xx_hal_msp.o [1]
HAL_IncTick              0x801'9469    0x10  Code  Wk  stm32f1xx_hal.o [1]
HAL_Init                 0x801'9321    0x20  Code  Gb  stm32f1xx_hal.o [1]
HAL_InitTick             0x801'7403    0x24  Code  Wk  stm32f1xx_hal.o [1]
HAL_MspInit              0x801'2d81    0x68  Code  Gb  stm32f1xx_hal_msp.o [1]
HAL_NVIC_DisableIRQ      0x800'f76f     0xe  Code  Gb  stm32f1xx_hal_cortex.o [1]
HAL_NVIC_EnableIRQ       0x800'f761     0xe  Code  Gb  stm32f1xx_hal_cortex.o [1]
HAL_NVIC_SetPriority     0x800'f737    0x2a  Code  Gb  stm32f1xx_hal_cortex.o [1]
HAL_NVIC_SetPriorityGrouping
                         0x800'f72b     0xc  Code  Gb  stm32f1xx_hal_cortex.o [1]
HAL_NVIC_SystemReset     0x800'f77d     0x8  Code  Gb  stm32f1xx_hal_cortex.o [1]
HAL_RCCEx_GetPeriphCLKFreq
                         0x801'698b   0x140  Code  Gb  stm32f1xx_hal_rcc_ex.o [1]
HAL_RCCEx_PeriphCLKConfig
                         0x801'6875   0x116  Code  Gb  stm32f1xx_hal_rcc_ex.o [1]
HAL_RCC_ClockConfig      0x801'440d   0x336  Code  Gb  stm32f1xx_hal_rcc.o [1]
HAL_RCC_GetHCLKFreq      0x801'47cd    0x26  Code  Gb  stm32f1xx_hal_rcc.o [1]
HAL_RCC_GetPCLK1Freq     0x801'47f3    0x20  Code  Gb  stm32f1xx_hal_rcc.o [1]
HAL_RCC_GetPCLK2Freq     0x801'4813    0x20  Code  Gb  stm32f1xx_hal_rcc.o [1]
HAL_RCC_GetSysClockFreq
                         0x801'4743    0x8a  Code  Gb  stm32f1xx_hal_rcc.o [1]
HAL_RCC_OscConfig        0x801'3d25   0x6e8  Code  Gb  stm32f1xx_hal_rcc.o [1]
HAL_SPI_GetState         0x801'0ebf     0x6  Code  Gb  stm32f1xx_hal_spi.o [1]
HAL_SPI_Init             0x801'07f5    0x8c  Code  Gb  stm32f1xx_hal_spi_ex.o [1]
HAL_SPI_MspInit          0x801'2ef3    0x56  Code  Gb  stm32f1xx_hal_msp.o [1]
HAL_SPI_Transmit         0x801'0995   0x1ce  Code  Gb  stm32f1xx_hal_spi.o [1]
HAL_SPI_TransmitReceive
                         0x801'0b63   0x35c  Code  Gb  stm32f1xx_hal_spi.o [1]
HAL_SYSTICK_CLKSourceConfig
                         0x800'f791    0x1c  Code  Gb  stm32f1xx_hal_cortex.o [1]
HAL_SYSTICK_Callback     0x800'e173    0x10  Code  Gb  timer.o [1]
HAL_SYSTICK_Config       0x800'f785     0xc  Code  Gb  stm32f1xx_hal_cortex.o [1]
HAL_SYSTICK_IRQHandler   0x800'f7d9     0x8  Code  Gb  stm32f1xx_hal_cortex.o [1]
HAL_TIMEx_BreakCallback
                         0x801'487b     0x2  Code  Wk  stm32f1xx_hal_tim_ex.o [1]
HAL_TIMEx_CommutationCallback
                         0x801'487f     0x2  Code  Wk  stm32f1xx_hal_tim_ex.o [1]
HAL_TIMEx_MasterConfigSynchronization
                         0x801'1b9d    0x5a  Code  Gb  stm32f1xx_hal_tim_ex.o [1]
HAL_TIM_Base_Init        0x801'13b5    0x38  Code  Gb  stm32f1xx_hal_tim.o [1]
HAL_TIM_Base_MspInit     0x801'2f97    0x32  Code  Gb  stm32f1xx_hal_msp.o [1]
HAL_TIM_Base_Start_IT    0x801'13ed    0x1e  Code  Gb  stm32f1xx_hal_tim.o [1]
HAL_TIM_ConfigClockSource
                         0x801'178f   0x11c  Code  Gb  stm32f1xx_hal_tim.o [1]
HAL_TIM_IRQHandler       0x801'1519   0x176  Code  Gb  stm32f1xx_hal_tim.o [1]
HAL_TIM_PWM_ConfigChannel
                         0x801'168f   0x100  Code  Gb  stm32f1xx_hal_tim.o [1]
HAL_TIM_PWM_Init         0x801'140b    0x38  Code  Gb  stm32f1xx_hal_tim.o [1]
HAL_TIM_PWM_MspInit      0x801'2f49    0x4e  Code  Gb  stm32f1xx_hal_msp.o [1]
HAL_TIM_PWM_Start        0x801'1443    0x4c  Code  Gb  stm32f1xx_hal_tim.o [1]
HAL_TIM_PWM_Stop         0x801'148f    0x82  Code  Gb  stm32f1xx_hal_tim.o [1]
HAL_TIM_PeriodElapsedCallback
                         0x800'e1e3    0x3c  Code  Gb  timer.o [1]
HAL_UART_DeInit          0x801'004d    0x4a  Code  Gb  stm32f1xx_hal_uart.o [1]
HAL_UART_ErrorCallback   0x800'e567    0x4c  Code  Gb  uart_pc.o [1]
HAL_UART_IRQHandler      0x801'02bf   0x168  Code  Gb  stm32f1xx_hal_uart.o [1]
HAL_UART_Init            0x800'ffdd    0x70  Code  Gb  stm32f1xx_hal_uart.o [1]
HAL_UART_MspDeInit       0x801'31ed    0xbe  Code  Gb  stm32f1xx_hal_msp.o [1]
HAL_UART_MspInit         0x801'2fc9   0x224  Code  Gb  stm32f1xx_hal_msp.o [1]
HAL_UART_Receive_IT      0x801'0191    0x88  Code  Gb  stm32f1xx_hal_uart.o [1]
HAL_UART_RxCpltCallback
                         0x800'e543    0x24  Code  Gb  uart_pc.o [1]
HAL_UART_Transmit        0x801'0097    0xfa  Code  Gb  stm32f1xx_hal_uart.o [1]
HAL_UART_Transmit_DMA    0x801'0219    0xa6  Code  Gb  stm32f1xx_hal_uart.o [1]
HAL_UART_TxCpltCallback
                         0x800'ea01    0x12  Code  Gb  uart_pc.o [1]
Handle_GUI_LLD_FWDownloadStream
                         0x800'e41f    0xe0  Code  Gb  uart_pc.o [1]
I2C1_Error_Recovery      0x801'2a65    0x9c  Code  Gb  hsAT24_EEPROM.o [1]
I2C_Configure_Speed      0x801'7213    0x5c  Code  Lc  stm32f1xx_hal_i2c.o [1]
I2C_Mem_Read            0x2000'0004     0x4  Data  Gb  hsAT24_EEPROM.o [1]
I2C_Mem_Write           0x2000'0000     0x4  Data  Gb  hsAT24_EEPROM.o [1]
I2C_RequestMemoryRead    0x801'70eb   0x128  Code  Lc  stm32f1xx_hal_i2c.o [1]
I2C_RequestMemoryWrite   0x801'702d    0xbe  Code  Lc  stm32f1xx_hal_i2c.o [1]
I2C_WaitOnFlagUntilTimeout
                         0x801'727d    0xdc  Code  Lc  stm32f1xx_hal_i2c.o [1]
I2C_WaitOnMasterAddressFlagUntilTimeout
                         0x801'7359    0xaa  Code  Lc  stm32f1xx_hal_i2c.o [1]
LEAD_QueHaveDataSize     0x800'74e5    0x30  Code  Gb  stepping_leadshine_ctrl.o [1]
LEAD_QueReset            0x800'74b1    0x2e  Code  Gb  stepping_leadshine_ctrl.o [1]
LEAD_ReceivPacketExec    0x800'791b    0x92  Code  Gb  stepping_leadshine_ctrl.o [1]
LEAD_ReceiveGetQue       0x800'747b    0x32  Code  Gb  stepping_leadshine_ctrl.o [1]
LEAD_ReceivePutQue       0x800'744d    0x2e  Code  Gb  stepping_leadshine_ctrl.o [1]
LLD_VER_Buf_H           0x2000'1d94     0x2  Data  Gb  hlld.o [1]
LLD_VER_Buf_L           0x2000'1d96     0x2  Data  Gb  hlld.o [1]
LLD_homeing_flag        0x2000'1dd5     0x1  Data  Gb  cntrl.o [1]
MX_ADC2_Init             0x801'90c3    0x3e  Code  Lc  main.o [1]
MX_ADC3_Init             0x800'f7e1    0x3e  Code  Gb  adc.o [1]
MX_DMA_Init              0x801'909b    0x28  Code  Lc  main.o [1]
MX_GPIO_Init             0x801'9101   0x1c6  Code  Lc  main.o [1]
MX_I2C1_Init             0x801'2a35    0x30  Code  Gb  hsAT24_EEPROM.o [1]
MX_SPI1_Init             0x800'823d    0x4e  Code  Gb  shake.o [1]
MX_TIM2_Init             0x800'e183    0x56  Code  Gb  timer.o [1]
MX_TIM4_Init             0x800'8c15    0x54  Code  Gb  MG90_SERVOMOTOR.o [1]
MX_USART1_UART_Init      0x800'e379    0x3e  Code  Gb  uart_pc.o [1]
MX_USART2_UART_Init      0x800'a94b    0x3e  Code  Gb  SE655_Barcode.o [1]
MX_USART3_UART_Init      0x800'a325    0x46  Code  Gb  C3000_SYRINGE.o [1]
MX_USART4_UART_Init      0x801'9345    0x44  Code  Gb  stepping.o [1]
MX_USART5_UART_Init      0x800'91fd    0x3e  Code  Gb  pump.o [1]
MemManage_Handler        0x801'9401     0x2  Code  Gb  stm32f1xx_it.o [1]
NVIC_DisableIRQ          0x800'9fad    0x18  Code  Lc  C3000_SYRINGE.o [1]
NVIC_DisableIRQ          0x801'089b    0x16  Code  Lc  hs_Common_Utill.o [1]
NVIC_DisableIRQ          0x800'5921    0x18  Code  Lc  stepping_leadshine_ctrl.o [1]
NVIC_DisableIRQ          0x800'f65f    0x16  Code  Lc  stm32f1xx_hal_cortex.o [1]
NVIC_DisableIRQ          0x800'e361    0x18  Code  Lc  uart_pc.o [1]
NVIC_EnableIRQ           0x800'9f95    0x18  Code  Lc  C3000_SYRINGE.o [1]
NVIC_EnableIRQ           0x801'0885    0x16  Code  Lc  hs_Common_Utill.o [1]
NVIC_EnableIRQ           0x800'5909    0x18  Code  Lc  stepping_leadshine_ctrl.o [1]
NVIC_EnableIRQ           0x800'f649    0x16  Code  Lc  stm32f1xx_hal_cortex.o [1]
NVIC_EnableIRQ           0x800'e349    0x18  Code  Lc  uart_pc.o [1]
NVIC_EncodePriority      0x800'f6a1    0x40  Code  Lc  stm32f1xx_hal_cortex.o [1]
NVIC_GetPriorityGrouping
                         0x800'f63f     0xa  Code  Lc  stm32f1xx_hal_cortex.o [1]
NVIC_SetPriority         0x800'f675    0x2c  Code  Lc  stm32f1xx_hal_cortex.o [1]
NVIC_SetPriorityGrouping
                         0x800'f621    0x1e  Code  Lc  stm32f1xx_hal_cortex.o [1]
NVIC_SystemReset         0x801'8da5    0x1e  Code  Lc  main.o [1]
NVIC_SystemReset         0x800'f6e1    0x1a  Code  Lc  stm32f1xx_hal_cortex.o [1]
New_Pump_Data_Trans_s    0x800'9c47    0x20  Code  Gb  pump.o [1]
New_Pump_Reset           0x800'945d    0x46  Code  Gb  pump.o [1]
New_Pump_RollBack        0x800'93f1    0x6c  Code  Gb  pump.o [1]
New_Pump_Run             0x800'9385    0x6c  Code  Gb  pump.o [1]
PCtoSub                 0x2000'1e34     0x1  Data  Gb  uart_pc.o [1]
PRIME_homeing_flag      0x2000'1dd6     0x1  Data  Gb  cntrl.o [1]
Region$$Table$$Base      0x801'9650           --   Gb  - Linker created -
Region$$Table$$Limit     0x801'9670           --   Gb  - Linker created -
SPI_WaitOnFlagUntilTimeout
                         0x801'0ec5    0xf4  Code  Lc  stm32f1xx_hal_spi.o [1]
SUBMatchIdx             0x2000'1df5     0x1  Data  Gb  pump.o [1]
SUB_FW_DOWN_MODE        0x2000'1df2     0x1  Data  Gb  pump.o [1]
SUB_TOTAL_LENGTH        0x2000'1da6     0x2  Data  Gb  pump.o [1]
SWS_OP                   0x800'5d4b     0xa  Code  Gb  stepping_leadshine_ctrl.o [1]
SYRINGE_QueHaveDataSize
                         0x800'a053    0x30  Code  Gb  C3000_SYRINGE.o [1]
SYRINGE_QueReset         0x800'a025    0x2e  Code  Gb  C3000_SYRINGE.o [1]
SYRINGE_ReceivPacketExec
                         0x800'a575    0x36  Code  Gb  C3000_SYRINGE.o [1]
SYRINGE_ReceiveGetQue    0x800'9ff3    0x32  Code  Gb  C3000_SYRINGE.o [1]
SYRINGE_ReceivePutQue    0x800'9fc5    0x2e  Code  Gb  C3000_SYRINGE.o [1]
Sample_LLD_ClearEvents   0x800'e013    0x8c  Code  Gb  timer.o [1]
Sample_LLD_ClearPrimeEvents
                         0x800'e09f    0x8c  Code  Gb  timer.o [1]
Se655_Barcode_Init       0x800'a873    0xd8  Code  Gb  SE655_Barcode.o [1]
SubToPC                 0x2000'1df3     0x1  Data  Gb  pump.o [1]
Syringe_485_Direction_Set
                         0x800'a0f7    0x14  Code  Gb  C3000_SYRINGE.o [1]
Syringe_Que_Handle      0x2000'194c    0x3c  Data  Gb  C3000_SYRINGE.o [1]
SysTick_Config           0x800'f6fb    0x30  Code  Lc  stm32f1xx_hal_cortex.o [1]
SysTick_Handler          0x801'9409     0xc  Code  Gb  stm32f1xx_it.o [1]
SystemClock_Config       0x801'9023    0x78  Code  Gb  main.o [1]
SystemCoreClock         0x2000'0498     0x4  Data  Gb  system_stm32f1xx.o [1]
SystemInit               0x801'9479    0x3c  Code  Gb  system_stm32f1xx.o [1]
THERMISTOR1_INT          0x800'f839    0x94  Code  Gb  adc.o [1]
TIM2_IRQHandler          0x800'e1d9     0xa  Code  Gb  timer.o [1]
TIM_Base_SetConfig       0x801'18ab    0x88  Code  Gb  stm32f1xx_hal_tim.o [1]
TIM_CCxChannelCmd        0x801'1b7f    0x1c  Code  Gb  stm32f1xx_hal_tim.o [1]
TIM_ETR_SetConfig        0x801'1b65    0x1a  Code  Lc  stm32f1xx_hal_tim.o [1]
TIM_ITRx_SetConfig       0x801'1b4b    0x1a  Code  Lc  stm32f1xx_hal_tim.o [1]
TIM_OC1_SetConfig        0x801'1933    0x6c  Code  Lc  stm32f1xx_hal_tim.o [1]
TIM_OC2_SetConfig        0x801'199f    0x7a  Code  Gb  stm32f1xx_hal_tim.o [1]
TIM_OC3_SetConfig        0x801'1a19    0x74  Code  Lc  stm32f1xx_hal_tim.o [1]
TIM_OC4_SetConfig        0x801'1a8d    0x58  Code  Lc  stm32f1xx_hal_tim.o [1]
TIM_TI1_ConfigInputStage
                         0x801'1af9    0x28  Code  Lc  stm32f1xx_hal_tim.o [1]
TIM_TI2_ConfigInputStage
                         0x801'1b21    0x2a  Code  Lc  stm32f1xx_hal_tim.o [1]
UART1_ReInit             0x800'e3b7    0x4a  Code  Gb  uart_pc.o [1]
UART2_Barcode_RxCpltCallback
                         0x800'a9ed    0x32  Code  Gb  SE655_Barcode.o [1]
UART2_ReInit             0x800'a989    0x4a  Code  Gb  SE655_Barcode.o [1]
UART3_ReInit             0x800'a36b    0x4a  Code  Gb  C3000_SYRINGE.o [1]
UART4_IRQHandler         0x801'9433     0xa  Code  Gb  stm32f1xx_it.o [1]
UART4_ReInit             0x800'753f    0x4a  Code  Gb  stepping_leadshine_ctrl.o [1]
UART5_IRQHandler         0x801'943d     0xa  Code  Gb  stm32f1xx_it.o [1]
UART5_QueHaveDataSize    0x801'095b    0x2e  Code  Gb  hs_Common_Utill.o [1]
UART5_QueReset           0x801'092f    0x2c  Code  Gb  hs_Common_Utill.o [1]
UART5_ReInit             0x800'9333    0x4a  Code  Gb  pump.o [1]
UART5_ReceiveGetQue      0x801'08ff    0x30  Code  Gb  hs_Common_Utill.o [1]
UART5_ReceivePutQue      0x801'08d3    0x2c  Code  Gb  hs_Common_Utill.o [1]
UART_Barcode_RxCpltCallback
                         0x800'ab37    0x12  Code  Gb  SE655_Barcode.o [1]
UART_DMAError            0x801'046d    0x24  Code  Lc  stm32f1xx_hal_uart.o [1]
UART_DMATransmitCplt     0x801'0429    0x34  Code  Lc  stm32f1xx_hal_uart.o [1]
UART_DMATxHalfCplt       0x801'045d     0xe  Code  Lc  stm32f1xx_hal_uart.o [1]
UART_EndTransmit_IT      0x801'05ed    0x3c  Code  Lc  stm32f1xx_hal_uart.o [1]
UART_PC_RxCpltCallback   0x800'e4ff    0x44  Code  Gb  uart_pc.o [1]
UART_Pump_LLD_RxCpltCallback
                         0x800'923b    0xf8  Code  Gb  pump.o [1]
UART_Receive_IT          0x801'0629    0xc4  Code  Lc  stm32f1xx_hal_uart.o [1]
UART_SetConfig           0x801'06ed    0xfe  Code  Lc  stm32f1xx_hal_uart.o [1]
UART_StepMotor_RxCpltCallback
                         0x800'7515    0x2a  Code  Gb  stepping_leadshine_ctrl.o [1]
UART_Syringe_RxCpltCallback
                         0x800'a4e5    0x26  Code  Gb  C3000_SYRINGE.o [1]
UART_Transmit_IT         0x801'0575    0x78  Code  Lc  stm32f1xx_hal_uart.o [1]
UART_WaitOnFlagUntilTimeout
                         0x801'0491    0xe4  Code  Lc  stm32f1xx_hal_uart.o [1]
USART1_IRQHandler        0x801'9415     0xa  Code  Gb  stm32f1xx_it.o [1]
USART2_IRQHandler        0x801'941f     0xa  Code  Gb  stm32f1xx_it.o [1]
USART3_IRQHandler        0x801'9429     0xa  Code  Gb  stm32f1xx_it.o [1]
UsageFault_Handler       0x801'9405     0x2  Code  Gb  stm32f1xx_it.o [1]
_Encoding_8859_1_Mbrlen
                         0x801'0fed     0x2  Code  Gb  xencoding_8859_1.o [2]
_Encoding_8859_1_Mbtowc
                         0x801'0fe5     0x8  Code  Gb  xencoding_8859_1.o [2]
_Encoding_8859_1_Wctomb
                         0x801'0fd3    0x12  Code  Gb  xencoding_8859_1.o [2]
_Get                     0x801'5949    0x12  Code  Lc  xscanffull.o [2]
_GetN                    0x801'595b    0x22  Code  Lc  xscanffull.o [2]
_GetstrFull              0x801'6591   0x294  Code  Lc  xscanffull.o [2]
_LitobFull               0x801'5793   0x10a  Code  Lc  xprintffull.o [2]
_LocaleC_isalpha         0x801'742f     0xc  Code  Gb  xlocale_c.o [2]
_LocaleC_islower         0x801'7429     0x4  Code  Gb  xlocale_c.o [2]
_LocaleC_isspace         0x801'7445    0x14  Code  Gb  xlocale_c.o [2]
_LocaleC_isupper         0x801'742d     0x2  Code  Gb  xlocale_c.o [2]
_LocaleC_tolower         0x801'7459     0xc  Code  Gb  xlocale_c.o [2]
_Locale_lconv           0x2000'04a4    0x38  Data  Lc  xlocale_c.o [2]
_PrintfFull              0x801'4881   0xcc2  Code  Gb  xprintffull.o [2]
_PutcharsFull            0x801'5905    0x2e  Code  Lc  xprintffull.o [2]
_PutstrFull              0x801'56d3    0xc0  Code  Lc  xprintffull.o [2]
_PuttxtFull              0x801'55c7   0x10c  Code  Lc  xprintffull.o [2]
_SNProut                 0x801'1333    0x1a  Code  Gb  xsnprout.o [2]
_SProut                  0x801'1387     0xa  Code  Gb  xsprout.o [2]
_SScin                   0x801'119b    0x1e  Code  Gb  xsscin.o [2]
_ScanfFull               0x801'5999   0xb7c  Code  Gb  xscanffull.o [2]
_UngetN                  0x801'597d    0x1a  Code  Lc  xscanffull.o [2]
__aeabi_cdcmple          0x801'7651          Code  Gb  DblCmpLe.o [3]
__aeabi_cdrcmple         0x801'7681          Code  Gb  DblCmpGe.o [3]
__aeabi_cfcmple          0x800'f3a1          Code  Gb  FltCmpLe.o [3]
__aeabi_d2f              0x801'27fd          Code  Gb  DblToFlt.o [3]
__aeabi_d2iz             0x801'134d          Code  Gb  DblToS32.o [3]
__aeabi_d2uiz            0x801'1bf9          Code  Gb  DblToU32.o [3]
__aeabi_dadd             0x801'11b9          Code  Gb  DblAdd.o [3]
__aeabi_ddiv             0x801'25b5          Code  Gb  DblDiv.o [3]
__aeabi_dmul             0x801'0ff9          Code  Gb  DblMul.o [3]
__aeabi_dsub             0x801'28ad          Code  Gb  DblSub.o [3]
__aeabi_f2d              0x801'2865          Code  Gb  FltToDbl.o [3]
__aeabi_f2uiz            0x801'2a11          Code  Gb  FltToU32.o [3]
__aeabi_fdiv             0x800'f1cd          Code  Gb  FltDiv.o [3]
__aeabi_fmul             0x800'f2c9          Code  Gb  FltMul.o [3]
__aeabi_fsub             0x801'2991          Code  Gb  FltSub.o [3]
__aeabi_i2d              0x801'1391          Code  Gb  S32ToDbl.o [3]
__aeabi_i2f              0x800'f1a9          Code  Gb  S32ToFlt.o [3]
__aeabi_ldiv0            0x801'80e9          Code  Gb  I64DivZer.o [4]
__aeabi_memcpy           0x801'1cdd          Code  Gb  ABImemcpy.o [4]
__aeabi_memcpy4          0x801'1cfd          Code  Gb  ABImemcpy.o [4]
__aeabi_memcpy8          0x801'1cfd          Code  Gb  ABImemcpy.o [4]
__aeabi_memset           0x800'5869          Code  Gb  ABImemset.o [4]
__aeabi_ui2d             0x801'0fb9          Code  Gb  U32ToDbl.o [3]
__aeabi_uldivmod         0x801'77f5          Code  Gb  I64DivMod.o [4]
__cmain                  0x801'96d1          Code  Gb  cmain.o [4]
__exit                   0x801'85f5    0x14  Code  Gb  exit.o [5]
__iar_Fail_s             0x801'7549    0x1c  Code  Gb  xfail_s.o [2]
__iar_Mbcurmax           0x801'77eb     0xa  Code  Gb  xmbcurmax.o [2]
__iar_Memchr             0x801'7589          Code  Gb  memchr.o [4]
__iar_Memset             0x800'5869          Code  Gb  ABImemset.o [4]
__iar_Memset_word        0x800'5871          Code  Gb  ABImemset.o [4]
__iar_Sto64              0x801'7d09   0x152  Code  Gb  strto64.o [3]
__iar_Stoflt             0x801'8221   0x1b8  Code  Gb  iar_Stoflt.o [2]
__iar_Stollx             0x801'803d    0xa0  Code  Gb  iar_Stollx.o [2]
__iar_Stopfx             0x801'80ff   0x122  Code  Gb  iar_Stopfx.o [2]
__iar_Stoullx            0x801'7e89   0x1a4  Code  Gb  iar_Stoullx.o [2]
__iar_Stoxflt            0x801'83d9   0x1d2  Code  Gb  iar_Stoxflt.o [2]
__iar_Stoxflt::digits    0x801'85b0    0x18  Data  Lc  iar_Stoxflt.o [2]
__iar_Stoxflt::vals      0x801'85c8    0x18  Data  Lc  iar_Stoxflt.o [2]
__iar_Strchr             0x801'7531          Code  Gb  strchr.o [4]
__iar_dadd               0x801'28bd          Code  Gb  DblSub.o [3]
__iar_data_init3         0x801'9629    0x28  Code  Gb  data_init.o [4]
__iar_dsub               0x801'11c9          Code  Gb  DblAdd.o [3]
__iar_dsubStart          0x801'11db          Code  Gb  DblAdd.o [3]
__iar_fadd               0x801'299d          Code  Gb  FltSub.o [3]
__iar_frexp              0x801'75ed          Code  Gb  frexp.o [3]
__iar_frexp64            0x801'75e1          Code  Gb  frexp.o [3]
__iar_frexpl             0x801'75ed          Code  Gb  frexp.o [3]
__iar_fsub               0x801'6af9          Code  Gb  FltAdd.o [3]
__iar_fsubStart          0x801'6b09          Code  Gb  FltAdd.o [3]
__iar_globLocale        0x2000'04dc    0x48  Data  Lc  xlocale_c.o [2]
__iar_global_Locale      0x801'7465     0x4  Code  Gb  xlocale_c.o [2]
__iar_ldexp64            0x801'76b1          Code  Gb  ldexp.o [3]
__iar_lz77_init_single3
                         0x801'9389    0x78  Code  Gb  lz77_init_single.o [4]
__iar_program_start      0x801'9bb9          Code  Gb  cstartup_M.o [4]
__iar_scalbln64          0x801'76b1          Code  Gb  ldexp.o [3]
__iar_scalbn64           0x801'76b1          Code  Gb  ldexp.o [3]
__iar_zero_init3         0x800'58cf    0x3a  Code  Gb  zero_init3.o [4]
__low_level_init         0x801'96ef     0x4  Code  Gb  low_level_init.o [2]
__vector_table           0x800'2000          Data  Gb  startup_stm32f103xe.o [1]
_call_main               0x801'96dd          Code  Gb  cmain.o [4]
_exit                    0x801'96f9          Code  Gb  cexit.o [4]
_gLocale_mblen           0x801'750f     0x4  Code  Gb  xlocale_c.o [2]
_gLocale_mblenInt        0x801'7491    0x2c  Code  Gb  xlocale_c.o [2]
_gLocale_mbtowc          0x801'7513     0xc  Code  Gb  xlocale_c.o [2]
_gLocale_mbtowcInt       0x801'74bd    0x42  Code  Gb  xlocale_c.o [2]
_gLocale_wctomb          0x801'751f     0x4  Code  Gb  xlocale_c.o [2]
_gLocale_wctombInt       0x801'750b     0x4  Code  Gb  xlocale_c.o [2]
_main                    0x801'96eb          Code  Gb  cmain.o [4]
aAPBAHBPrescTable        0x801'9b54    0x10  Data  Gb  stm32f1xx_hal_rcc.o [1]
abort                    0x801'80e3     0x6  Code  Gb  abort.o [2]
ack_idx                 0x2000'1df1     0x1  Data  Gb  pump.o [1]
ad_t_cnt                0x2000'0538     0x1  Data  Gb  timer.o [1]
adc_ctrl                 0x800'f81f    0x1a  Code  Gb  adc.o [1]
admin_positon_flag      0x2000'1e29     0x1  Data  Gb  sys_func.o [1]
aging_mode              0x2000'1e05     0x1  Data  Gb  sq.o [1]
air_temper              0x2000'1d60     0x4  Data  Gb  sys_func.o [1]
all_homeing              0x800'5aed     0xe  Code  Gb  stepping_leadshine_ctrl.o [1]
appCfg                  0x2000'1c9c     0xc  Data  Gb  eeprom_ctrl.o [1]
app_data_read            0x800'feb9    0x2c  Code  Gb  eeprom_ctrl.o [1]
app_data_write           0x800'fee5    0x2c  Code  Gb  eeprom_ctrl.o [1]
ascii2hex                0x800'e5b3    0x4e  Code  Gb  uart_pc.o [1]
asp                     0x2000'02bc    0x58  Data  Gb  sys_func.o [1]
asp_cnt                 0x2000'1dcf     0x1  Data  Gb  cntrl.o [1]
asp_eve_cnt             0x2000'1dce     0x1  Data  Gb  cntrl.o [1]
asp_flg                 0x2000'1de5     0x1  Data  Gb  cntrl.o [1]
asp_home_init            0x800'8d05     0xe  Code  Gb  MG90_SERVOMOTOR.o [1]
asp_mt                  0x2000'0008    0x24  Data  Gb  MG90_SERVOMOTOR.o [1]
asp_re_cunt             0x2000'1ddc     0x1  Data  Gb  cntrl.o [1]
asp_roll_back           0x2000'0524     0x2  Data  Gb  cntrl.o [1]
asp_xaixs_init_pos      0x2000'1d04     0x4  Data  Gb  cntrl.o [1]
auto_cl                 0x2000'0434    0x60  Data  Gb  sys_func.o [1]
auto_cl_re_cunt         0x2000'1ddd     0x1  Data  Gb  cntrl.o [1]
auto_clean_eve_cnt      0x2000'1dc5     0x1  Data  Gb  cntrl.o [1]
auto_clean_repeat_flg   0x2000'1e26     0x1  Data  Gb  sys_func.o [1]
auto_prime_flg          0x2000'1e28     0x1  Data  Gb  sys_func.o [1]
barCfg                  0x2000'1c54     0xc  Data  Gb  eeprom_ctrl.o [1]
bar_data_checksum       0x2000'1d28     0x4  Data  Gb  SE655_Barcode.o [1]
bar_index_num_flag      0x2000'1dfe     0x1  Data  Gb  SE655_Barcode.o [1]
bar_indx_oper_flg       0x2000'1dfc     0x1  Data  Gb  SE655_Barcode.o [1]
bar_mem_init             0x800'a83f    0x34  Code  Gb  SE655_Barcode.o [1]
bar_param_read           0x800'fd3d    0x26  Code  Gb  eeprom_ctrl.o [1]
bar_param_write          0x800'fd63    0x26  Code  Gb  eeprom_ctrl.o [1]
bar_pm                  0x2000'002c    0x14  Data  Gb  SE655_Barcode.o [1]
bar_pr                  0x2000'0128    0x5c  Data  Gb  sys_func.o [1]
bar_rack_num            0x2000'1dbe     0x1  Data  Gb  cntrl.o [1]
bar_scan_cnt            0x2000'1dbf     0x1  Data  Gb  cntrl.o [1]
barcode_data_send        0x800'a9d3    0x1a  Code  Gb  SE655_Barcode.o [1]
barcode_flag            0x2000'1dfd     0x1  Data  Gb  SE655_Barcode.o [1]
barcode_off              0x800'ab6f    0x1a  Code  Gb  SE655_Barcode.o [1]
barcode_rx_data_buffer  0x2000'1470    0xc8  Data  Gb  SE655_Barcode.o [1]
barcode_triger           0x800'ab49    0x26  Code  Gb  SE655_Barcode.o [1]
base_time               0x2000'1d3c     0x4  Data  Gb  sq.o [1]
bath_xpos_temp          0x2000'1d20     0x4  Data  Gb  MG90_SERVOMOTOR.o [1]
bath_ypos_temp          0x2000'1d4c     0x4  Data  Gb  stepping_leadshine_ctrl.o [1]
beep                     0x800'e21f    0x18  Code  Gb  timer.o [1]
beep_cnt                0x2000'1d70     0x4  Data  Gb  timer.o [1]
beep_duty               0x2000'1e2f     0x1  Data  Gb  timer.o [1]
beep_en                 0x2000'1e30     0x1  Data  Gb  timer.o [1]
beep_polling             0x800'e237    0x60  Code  Gb  timer.o [1]
beep_tick_cnt           0x2000'1d6c     0x4  Data  Gb  timer.o [1]
br_chr                  0x2000'1df9     0x1  Data  Gb  SE655_Barcode.o [1]
[...]
hsDevToPC_PacketSendHandle
                         0x800'e9bf    0x42  Code  Gb  uart_pc.o [1]
hsDevToPC_PutQue         0x800'e7a9    0x2a  Code  Gb  uart_pc.o [1]
hsDevToPC_QueUseCheck    0x800'e801     0x8  Code  Gb  uart_pc.o [1]
hsErr_GetQue             0x800'81f1    0x30  Code  Gb  error.o [1]
hsErr_PutQue             0x800'81c5    0x2c  Code  Gb  error.o [1]
hsExec_hLLD_CTRL         0x800'b68b   0x7dc  Code  Gb  hlld.o [1]
hsGet_hLLD_ReceivDataExec
                         0x800'b485   0x1ea  Code  Gb  hlld.o [1]
hsGet_hLLD_ReceivPacketHandle
                         0x800'b325   0x160  Code  Gb  hlld.o [1]
hsPC_ToDev_GetQue        0x800'ea37    0x26  Code  Gb  uart_pc.o [1]
hsPC_ToDev_PutQue        0x800'ea13    0x24  Code  Gb  uart_pc.o [1]
hsPC_ToDev_QueHaveDataSize
                         0x800'ea5d    0x2e  Code  Gb  uart_pc.o [1]
hsPC_To_DevRxPacket_Handle
                         0x800'ea8b   0x128  Code  Gb  uart_pc.o [1]
hsPump_COM_PacketGeneration
                         0x800'9d91    0xac  Code  Gb  pump.o [1]
hsPump_COM_ReceivPacketHandle
                         0x800'9e3d    0xe8  Code  Gb  pump.o [1]
hsPump_Communication_Handle
                         0x800'9c67   0x10e  Code  Gb  pump.o [1]
hspi                    0x2000'1cdc     0x4  Data  Gb  17HS3410_Dspin.o [1]
hspi1                   0x2000'17b4    0x58  Data  Gb  shake.o [1]
hspi_cam                0x2000'1cf4     0x4  Data  Gb  cam_led.o [1]
htim4                   0x2000'1a00    0x3c  Data  Gb  MG90_SERVOMOTOR.o [1]
huart1                  0x2000'190c    0x40  Data  Gb  uart_pc.o [1]
huart2                  0x2000'188c    0x40  Data  Gb  SE655_Barcode.o [1]
huart3                  0x2000'180c    0x40  Data  Gb  C3000_SYRINGE.o [1]
huart4                  0x2000'18cc    0x40  Data  Gb  stepping.o [1]
huart5                  0x2000'184c    0x40  Data  Gb  pump.o [1]
index                   0x2000'1dfb     0x1  Data  Gb  SE655_Barcode.o [1]
init_clld_vol           0x2000'1d1c     0x4  Data  Gb  hlld.o [1]
init_event               0x800'8051    0x18  Code  Gb  event.o [1]
init_index              0x2000'1dfa     0x1  Data  Gb  SE655_Barcode.o [1]
isAckReceiving          0x2000'1df4     0x1  Data  Gb  pump.o [1]
isEchoEnabled           0x2000'1e32     0x1  Data  Gb  uart_pc.o [1]
isalpha                  0x801'7a6d    0x14  Code  Gb  isalpha.o [2]
isspace                  0x801'7a25    0x14  Code  Gb  isspace.o [2]
jude_cnt                0x2000'1dd7     0x1  Data  Gb  cntrl.o [1]
ldexp                    0x801'76b1          Code  Gb  ldexp.o [3]
ldexpl                   0x801'76b1          Code  Gb  ldexp.o [3]
lead_rx_length          0x2000'1e15     0x1  Data  Gb  stepping_leadshine_ctrl.o [1]
lead_stepping_cmd       0x2000'1da8     0x2  Data  Gb  stepping_leadshine_ctrl.o [1]
lead_stepping_cmd_H     0x2000'1e22     0x1  Data  Gb  stepping_leadshine_ctrl.o [1]
lead_stepping_cmd_L     0x2000'1e23     0x1  Data  Gb  stepping_leadshine_ctrl.o [1]
lead_stepping_state     0x2000'1daa     0x2  Data  Gb  stepping_leadshine_ctrl.o [1]
led_write_Byte           0x800'7d35    0x7c  Code  Gb  cam_led.o [1]
lld_com_timeout_cnt      0x800'e2a9     0x6  Code  Gb  timer.o [1]
lld_fc                  0x2000'1de9     0x1  Data  Gb  hlld.o [1]
lld_repeat_en            0x800'e2af     0xc  Code  Gb  timer.o [1]
lld_retry               0x2000'1dd9     0x1  Data  Gb  cntrl.o [1]
lld_timeout_cnt         0x2000'053a     0x1  Data  Gb  timer.o [1]
lld_tm_out_enable       0x2000'1e2c     0x1  Data  Gb  timer.o [1]
localeconv               0x801'7523     0x4  Code  Gb  xlocale_c.o [2]
main                     0x801'8dc3   0x260  Code  Gb  main.o [1]
manual_check_state      0x2000'1e02     0x1  Data  Gb  sq.o [1]
memchr                   0x801'7589          Code  Gb  memchr.o [4]
memset                   0x801'80eb    0x14  Code  Gb  memset.o [4]
merge_32bit              0x800'e77b    0x18  Code  Gb  uart_pc.o [1]
motor_cmd_send           0x800'75d7   0x26e  Code  Gb  stepping_leadshine_ctrl.o [1]
mt_chr                  0x2000'1e14     0x1  Data  Gb  stepping.o [1]
mt_xstate               0x2000'0532     0x1  Data  Gb  stepping_leadshine_ctrl.o [1]
mt_ystate               0x2000'0533     0x1  Data  Gb  stepping_leadshine_ctrl.o [1]
mt_zstate               0x2000'0534     0x1  Data  Gb  stepping_leadshine_ctrl.o [1]
ndigs                    0x801'94d0    0x28  Data  Lc  iar_Stoullx.o [2]
new_pump_go             0x2000'1bc4    0x14  Data  Gb  pump.o [1]
odd_flg                 0x2000'1de4     0x1  Data  Gb  cntrl.o [1]
only_washing_flg        0x2000'1e25     0x1  Data  Gb  sys_func.o [1]
p_max                   0x2000'1d8e     0x2  Data  Gb  cntrl.o [1]
p_min                   0x2000'1d8c     0x2  Data  Gb  cntrl.o [1]
parse_version_string     0x800'e6a3    0x28  Code  Gb  uart_pc.o [1]
pause_eve               0x2000'1dae     0x2  Data  Gb  timer.o [1]
pause_time              0x2000'1d68     0x4  Data  Gb  timer.o [1]
pc_chr                  0x2000'1e31     0x1  Data  Gb  uart_pc.o [1]
pc_send_pack             0x800'e81d    0x14  Code  Gb  uart_pc.o [1]
penel_sel               0x2000'1e01     0x1  Data  Gb  sq.o [1]
plld_index              0x2000'1d9c     0x2  Data  Gb  hlld.o [1]
plld_qc                 0x2000'1deb     0x1  Data  Gb  hlld.o [1]
pm_pram                 0x2000'167c    0x78  Data  Gb  pump.o [1]
pm_state                0x2000'0530     0x1  Data  Gb  pump.o [1]
pnt                     0x2000'1d78     0x4  Data  Gb  uart_pc.o [1]
port                    0x2000'0526     0x2  Data  Gb  key_polling.o [1]
port_prev               0x2000'1d9e     0x2  Data  Gb  key_polling.o [1]
pows                     0x801'9588    0x48  Data  Lc  strto64.o [3]
pr_cnt                  0x2000'1e08     0x1  Data  Gb  sq.o [1]
pr_incubation_time       0x800'd921    0x52  Code  Gb  sq.o [1]
pr_step_cnt             0x2000'1e09     0x1  Data  Gb  sq.o [1]
pr_time_cal              0x800'd9e9   0x380  Code  Gb  sq.o [1]
pr_time_min             0x2000'1d34     0x4  Data  Gb  sq.o [1]
pr_time_sec             0x2000'1d38     0x4  Data  Gb  sq.o [1]
press_sens_flg          0x2000'1de6     0x1  Data  Gb  cntrl.o [1]
prime                   0x2000'0184    0x5c  Data  Gb  sys_func.o [1]
prime_eve_cnt           0x2000'1dc3     0x1  Data  Gb  cntrl.o [1]
prob_disp_cnt           0x2000'1dc2     0x1  Data  Gb  cntrl.o [1]
probe_Hardware_protect   0x800'5a7b    0x56  Code  Gb  stepping_leadshine_ctrl.o [1]
probe_disp              0x2000'0314    0x58  Data  Gb  sys_func.o [1]
probe_disp_enable       0x2000'1e27     0x1  Data  Gb  sys_func.o [1]
probe_disp_eve_cnt      0x2000'1dc6     0x1  Data  Gb  cntrl.o [1]
pumpCfg                 0x2000'1c3c     0xc  Data  Gb  eeprom_ctrl.o [1]
pump_mem_init            0x800'937d     0x8  Code  Gb  pump.o [1]
pump_param_read          0x800'fca1    0x2a  Code  Gb  eeprom_ctrl.o [1]
pump_param_write         0x800'fccb    0x26  Code  Gb  eeprom_ctrl.o [1]
pump_reset_flag         0x2000'1df6     0x1  Data  Gb  pump.o [1]
qc_dry_time             0x2000'1d5c     0x4  Data  Gb  sys_func.o [1]
qc_etc_asp              0x2000'1d24     0x4  Data  Gb  MG90_SERVOMOTOR.o [1]
ra                      0x2000'052f     0x1  Data  Gb  hlld.o [1]
ranmatch                 0x801'654d    0x42  Code  Lc  xscanffull.o [2]
rb                      0x2000'052e     0x1  Data  Gb  hlld.o [1]
rbk_pump_num            0x2000'1d40     0x4  Data  Gb  sq.o [1]
rbk_time                0x2000'1d44     0x4  Data  Gb  sq.o [1]
read_time               0x2000'0040     0x4  Data  Gb  SE655_Barcode.o [1]
run_time_cnt            0x2000'1d2c     0x4  Data  Gb  shake.o [1]
sConfig                 0x2000'1be8     0xc  Data  Gb  adc.o [1]
sConfigOC               0x2000'1b60    0x1c  Data  Gb  MG90_SERVOMOTOR.o [1]
sakeCfg                 0x2000'1c24     0xc  Data  Gb  eeprom_ctrl.o [1]
scalbln                  0x801'76b1          Code  Gb  ldexp.o [3]
scalblnl                 0x801'76b1          Code  Gb  ldexp.o [3]
scalbn                   0x801'76b1          Code  Gb  ldexp.o [3]
scalbnl                  0x801'76b1          Code  Gb  ldexp.o [3]
scale                    0x801'589d    0x46  Code  Lc  xprintffull.o [2]
se655_send_data          0x800'a7ed    0x52  Code  Gb  SE655_Barcode.o [1]
sec_hand                0x2000'1d84     0x4  Data  Lc  xfail_s.o [2]
send_ack_buf_as_message
                         0x800'e691    0x12  Code  Gb  uart_pc.o [1]
send_pw_message          0x800'e661    0x30  Code  Gb  uart_pc.o [1]
send_test                0x800'e831    0x14  Code  Gb  uart_pc.o [1]
servoCfg                0x2000'1c30     0xc  Data  Gb  eeprom_ctrl.o [1]
servoCfg2               0x2000'1c84     0xc  Data  Gb  eeprom_ctrl.o [1]
servo_continue          0x2000'1dd3     0x1  Data  Gb  cntrl.o [1]
servo_mem_init           0x800'8c69    0x4c  Code  Gb  MG90_SERVOMOTOR.o [1]
servo_move_flag         0x2000'1def     0x1  Data  Gb  MG90_SERVOMOTOR.o [1]
servo_mv                 0x800'8cb5    0x50  Code  Gb  MG90_SERVOMOTOR.o [1]
servo_param_read2        0x800'fe6d    0x26  Code  Gb  eeprom_ctrl.o [1]
servo_param_write2       0x800'fe93    0x26  Code  Gb  eeprom_ctrl.o [1]
set_spi_handle           0x800'f3c5     0x8  Code  Gb  17HS3410_Dspin.o [1]
set_timer_               0x800'e141    0x16  Code  Gb  timer.o [1]
set_timer_pause          0x800'e157    0x1c  Code  Gb  timer.o [1]
shakCfg2                0x2000'1ca8     0xc  Data  Gb  eeprom_ctrl.o [1]
shake_home               0x800'841f    0x38  Code  Gb  shake.o [1]
shake_mem_init           0x800'8323    0x60  Code  Gb  shake.o [1]
shake_run                0x800'8457    0x36  Code  Gb  shake.o [1]
shake_speed_set          0x800'8383    0x9c  Code  Gb  shake.o [1]
shaker_Init              0x800'8297    0x8c  Code  Gb  shake.o [1]
shaker_spi_handle        0x800'828b     0xc  Code  Gb  shake.o [1]
shk_param_read           0x800'fc4d    0x2a  Code  Gb  eeprom_ctrl.o [1]
shk_param_write          0x800'fc77    0x2a  Code  Gb  eeprom_ctrl.o [1]
shk_pram                0x2000'0044    0x24  Data  Gb  shake.o [1]
shker_parm_temp         0x2000'1d30     0x4  Data  Gb  shake.o [1]
sk_state                0x2000'1dff     0x1  Data  Gb  shake.o [1]
slope_vol               0x2000'1d88     0x2  Data  Gb  cntrl.o [1]
smp_pram                0x2000'1b40    0x20  Data  Gb  hlld.o [1]
smp_prime_dw_check_cnt  0x2000'1de2     0x1  Data  Gb  cntrl.o [1]
smp_prime_dw_check_flg  0x2000'1de1     0x1  Data  Gb  cntrl.o [1]
smp_prime_eve_cnt       0x2000'1dc4     0x1  Data  Gb  cntrl.o [1]
smp_prime_oper_flg      0x2000'1de3     0x1  Data  Gb  cntrl.o [1]
smp_prime_pm_ch         0x2000'1d8a     0x2  Data  Gb  cntrl.o [1]
smp_prime_press_chek_flg
                        0x2000'1de0     0x1  Data  Gb  cntrl.o [1]
smp_prime_pvol          0x2000'1d18     0x4  Data  Gb  cntrl.o [1]
smp_retime_pr_cnt       0x2000'1e0e     0x1  Data  Gb  sq.o [1]
smp_reult_bit           0x2000'1cd4     0x8  Data  Gb  sq.o [1]
smp_strip               0x2000'1538    0xc4  Data  Gb  sq.o [1]
smp_strp_mach_cnt       0x2000'1e10     0x1  Data  Gb  sq.o [1]
smpl_pr                 0x2000'036c    0x60  Data  Gb  sys_func.o [1]
smpl_prime              0x2000'03cc    0x68  Data  Gb  sys_func.o [1]
smple_ev_cnt            0x2000'1dc0     0x1  Data  Gb  cntrl.o [1]
smple_rack_cnt          0x2000'1dc1     0x1  Data  Gb  cntrl.o [1]
snprintf                 0x801'1c99    0x44  Code  Gb  snprintf.o [2]
sort_8bit                0x800'e793    0x16  Code  Gb  uart_pc.o [1]
sprintf                  0x801'1c21    0x40  Code  Gb  sprintf.o [2]
sq                      0x2000'0540   0x4bc  Data  Gb  sq.o [1]
sqCfg                   0x2000'1c78     0xc  Data  Gb  eeprom_ctrl.o [1]
sq_ctrl                  0x800'bef9  0x199c  Code  Gb  sq.o [1]
sq_mem_init              0x800'bef1     0x8  Code  Gb  sq.o [1]
sq_read                  0x800'fe21    0x26  Code  Gb  eeprom_ctrl.o [1]
sq_smp_strp_mach_cnt    0x2000'1e11     0x1  Data  Gb  sq.o [1]
sq_start_dw_washing_flg
                        0x2000'1e13     0x1  Data  Gb  sq.o [1]
sq_strp_mach            0x2000'1e12     0x1  Data  Gb  sq.o [1]
sq_write                 0x800'fe47    0x26  Code  Gb  eeprom_ctrl.o [1]
sscanf                   0x801'1ead    0x28  Code  Gb  sscanf.o [2]
state                   0x2000'052c     0x1  Data  Gb  cntrl.o [1]
state_led_init           0x800'dd75    0x42  Code  Gb  sq.o [1]
state_time_min          0x2000'0531     0x1  Data  Gb  sq.o [1]
step_cnt                0x2000'1e07     0x1  Data  Gb  sq.o [1]
step_time_cal            0x800'd973    0x4a  Code  Gb  sq.o [1]
stm_memory_init          0x800'5939   0x142  Code  Gb  stepping_leadshine_ctrl.o [1]
stm_reset                0x800'5ad1    0x1c  Code  Gb  stepping_leadshine_ctrl.o [1]
stmt_abs_move            0x800'5e0b   0x192  Code  Gb  stepping_leadshine_ctrl.o [1]
stmt_servo_off           0x800'5fc9    0x2c  Code  Gb  stepping_leadshine_ctrl.o [1]
stmt_servo_on            0x800'5f9d    0x2c  Code  Gb  stepping_leadshine_ctrl.o [1]
stmt_speed_set           0x800'5c03   0x128  Code  Gb  stepping_leadshine_ctrl.o [1]
strchr                   0x801'7531          Code  Gb  strchr.o [4]
strip_num_shake_time     0x800'd8ad    0x60  Code  Gb  sq.o [1]
strip_pack_cnt          0x2000'1d0c     0x4  Data  Gb  cntrl.o [1]
strip_pack_gap          0x2000'1d10     0x4  Data  Gb  cntrl.o [1]
strlen                   0x801'1c61          Code  Gb  strlen.o [4]
strtoll                  0x801'80dd     0x2  Code  Gb  iar_Stollx.o [2]
strtoull                 0x801'8035     0x2  Code  Gb  iar_Stoullx.o [2]
sws_arry                0x2000'1cb4     0xc  Data  Gb  hlld.o [1]
sws_sum                 0x2000'1d9a     0x2  Data  Gb  hlld.o [1]
sy_Check                0x2000'1cf0     0x4  Data  Gb  C3000_SYRINGE.o [1]
sy_com_timeout_cnt       0x800'e2bb     0x6  Code  Gb  timer.o [1]
sy_flag                 0x2000'1dba     0x1  Data  Gb  C3000_SYRINGE.o [1]
sy_repeat_en             0x800'e2c1     0xc  Code  Gb  timer.o [1]
sy_state                0x2000'1dbb     0x1  Data  Gb  C3000_SYRINGE.o [1]
sy_timeout_cnt          0x2000'053b     0x1  Data  Gb  timer.o [1]
sy_tm_out_enable        0x2000'1e2d     0x1  Data  Gb  timer.o [1]
syg_add_sel             0x2000'1dd4     0x1  Data  Gb  cntrl.o [1]
syg_prime_oper_cnt      0x2000'1dd0     0x1  Data  Gb  cntrl.o [1]
sygeCfg                 0x2000'1c48     0xc  Data  Gb  eeprom_ctrl.o [1]
syge_init                0x800'a0cd    0x2a  Code  Gb  C3000_SYRINGE.o [1]
syge_mem_init            0x800'a0a7    0x26  Code  Gb  C3000_SYRINGE.o [1]
syge_param_read          0x800'fcf1    0x26  Code  Gb  eeprom_ctrl.o [1]
syge_param_write         0x800'fd17    0x26  Code  Gb  eeprom_ctrl.o [1]
syrg_pram               0x2000'1bf4     0xc  Data  Gb  C3000_SYRINGE.o [1]
syringe_chr             0x2000'1dbc     0x1  Data  Gb  C3000_SYRINGE.o [1]
syringe_escap           0x2000'1dbd     0x1  Data  Gb  C3000_SYRINGE.o [1]
tempCfg                 0x2000'1c90     0xc  Data  Gb  eeprom_ctrl.o [1]
temper_volt             0x2000'0494     0x4  Data  Gb  sys_func.o [1]
thermistor1_adc_temp_num
                        0x2000'1db8     0x1  Data  Gb  adc.o [1]
thermistor1_temp_average
                        0x2000'1ce0     0x4  Data  Gb  adc.o [1]
thermistor1_temp_sum    0x2000'1ce4     0x4  Data  Gb  adc.o [1]
thermistor1_temp_vol    0x2000'1ce8     0x4  Data  Gb  adc.o [1]
timer                   0x2000'049c     0x4  Data  Gb  timer.o [1]
timer1                  0x2000'04a0     0x4  Data  Gb  timer.o [1]
timer_eve                0x800'de4d    0xbc  Code  Gb  timer.o [1]
timer_mk_int             0x800'de29    0x24  Code  Gb  timer.o [1]
timer_ticks             0x2000'1dac     0x2  Data  Gb  timer.o [1]
tm_add                   0x800'dfb3    0x60  Code  Gb  timer.o [1]
tm_execute               0x800'df09    0xaa  Code  Gb  timer.o [1]
tm_init                  0x800'e12b    0x16  Code  Gb  timer.o [1]
tolower                  0x801'85e1    0x14  Code  Gb  tolower.o [2]
total_step              0x2000'1e06     0x1  Data  Gb  sq.o [1]
uCRCErrorWorkaroundCheck
                        0x2000'1e24     0x1  Data  Gb  stm32f1xx_hal_spi_ex.o [1]
uart5_chr               0x2000'1df0     0x1  Data  Gb  pump.o [1]
usb_com_timeout_cnt      0x800'e2cd     0x6  Code  Gb  timer.o [1]
usb_data_buf            0x2000'1d74     0x4  Data  Gb  uart_pc.o [1]
usb_repeat_en            0x800'e2d3     0xc  Code  Gb  timer.o [1]
usb_retry_flag          0x2000'1e2a     0x1  Data  Gb  sys_func.o [1]
usb_send_pack            0x800'e809    0x14  Code  Gb  uart_pc.o [1]
usb_timeout_cnt         0x2000'053c     0x1  Data  Gb  timer.o [1]
usb_tm_out_enable       0x2000'1e2e     0x1  Data  Gb  timer.o [1]
uwTick                  0x2000'1d54     0x4  Data  Lc  stm32f1xx_hal.o [1]
ver_pnt                 0x2000'1d64     0x4  Data  Gb  sys_func.o [1]
water_level_sensor       0x801'1d85    0x7c  Code  Gb  key_polling.o [1]
wctob                    0x801'7a39    0x34  Code  Gb  wctob.o [2]
x_abs_move_state        0x2000'1e17     0x1  Data  Gb  stepping_leadshine_ctrl.o [1]
x_homeing                0x800'5afb    0x4a  Code  Gb  stepping_leadshine_ctrl.o [1]
x_homeing_success       0x2000'1e1f     0x1  Data  Gb  stepping_leadshine_ctrl.o [1]
x_homing_state          0x2000'1e16     0x1  Data  Gb  stepping_leadshine_ctrl.o [1]
x_pram_set               0x800'5ff5    0x4e  Code  Gb  stepping_leadshine_ctrl.o [1]
x_reach_pos             0x2000'0535     0x1  Data  Gb  stepping_leadshine_ctrl.o [1]
x_running_state         0x2000'1e18     0x1  Data  Gb  stepping_leadshine_ctrl.o [1]
xmtCfg                  0x2000'1c00     0xc  Data  Gb  eeprom_ctrl.o [1]
xmt_ctrl                0x2000'0068    0x40  Data  Gb  stepping_leadshine_ctrl.o [1]
xmt_param_read           0x800'fb4d    0x2a  Code  Gb  eeprom_ctrl.o [1]
xmt_param_write          0x800'fb77    0x2a  Code  Gb  eeprom_ctrl.o [1]
y_abs_move_state        0x2000'1e1a     0x1  Data  Gb  stepping_leadshine_ctrl.o [1]
y_homeing                0x800'5b45    0x4a  Code  Gb  stepping_leadshine_ctrl.o [1]
y_homeing_success       0x2000'1e20     0x1  Data  Gb  stepping_leadshine_ctrl.o [1]
y_homing_state          0x2000'1e19     0x1  Data  Gb  stepping_leadshine_ctrl.o [1]
y_pram_set               0x800'6043    0x34  Code  Gb  stepping_leadshine_ctrl.o [1]
y_reach_pos             0x2000'0536     0x1  Data  Gb  stepping_leadshine_ctrl.o [1]
y_running_state         0x2000'1e1b     0x1  Data  Gb  stepping_leadshine_ctrl.o [1]
ymtCfg                  0x2000'1c0c     0xc  Data  Gb  eeprom_ctrl.o [1]
ymt_ctrl                0x2000'00a8    0x40  Data  Gb  stepping_leadshine_ctrl.o [1]
ymt_param_read           0x800'fba1    0x2a  Code  Gb  eeprom_ctrl.o [1]
ymt_param_write          0x800'fbcb    0x2a  Code  Gb  eeprom_ctrl.o [1]
z_abs_move_state        0x2000'1e1d     0x1  Data  Gb  stepping_leadshine_ctrl.o [1]
z_homeing                0x800'5b8f    0x74  Code  Gb  stepping_leadshine_ctrl.o [1]
z_homeing_success       0x2000'1e21     0x1  Data  Gb  stepping_leadshine_ctrl.o [1]
z_homing_state          0x2000'1e1c     0x1  Data  Gb  stepping_leadshine_ctrl.o [1]
z_pram_set               0x800'6077    0x34  Code  Gb  stepping_leadshine_ctrl.o [1]
z_reach_pos             0x2000'0537     0x1  Data  Gb  stepping_leadshine_ctrl.o [1]
z_running_state         0x2000'1e1e     0x1  Data  Gb  stepping_leadshine_ctrl.o [1]
zmtCfg                  0x2000'1c18     0xc  Data  Gb  eeprom_ctrl.o [1]
zmt_ctrl                0x2000'00e8    0x40  Data  Gb  stepping_leadshine_ctrl.o [1]
zmt_param_read           0x800'fbf5    0x2c  Code  Gb  eeprom_ctrl.o [1]
zmt_param_write          0x800'fc21    0x2c  Code  Gb  eeprom_ctrl.o [1]


[1] = D:\Github\sb3\S-Blot-3_queue_edit\EWARM\KBlot_supreme_I\Obj
[2] = dl7M_tlf.a
[3] = m7M_tl.a
[4] = rt7M_tl.a
[5] = shb_l.a

  95'776 bytes of readonly  code memory
   2'359 bytes of readonly  data memory
  11'827 bytes of readwrite data memory

Errors: none
Warnings: none
