###############################################################################
#
# IAR ELF Linker V8.50.4.261/W32 for ARM                  11/Jul/2025  15:03:10
# Copyright 2007-2020 IAR Systems AB.
#
#    Output file  =
#        D:\Github\sb3\S-Blot-3_Ereatec_queueEdit\EWARM\KBlot_supreme_I\Exe\KBlot_supreme_I.out
#    Map file     =
#        D:\Github\sb3\S-Blot-3_Ereatec_queueEdit\EWARM\KBlot_supreme_I\List\KBlot_supreme_I.map
#    Command line =
#        -f C:\Users\ms001\AppData\Local\Temp\EW2E37.tmp
#        (D:\Github\sb3\S-Blot-3_Ereatec_queueEdit\EWARM\KBlot_supreme_I\Obj\17HS3410_Dspin.o
#        D:\Github\sb3\S-Blot-3_Ereatec_queueEdit\EWARM\KBlot_supreme_I\Obj\adc.o
#        D:\Github\sb3\S-Blot-3_Ereatec_queueEdit\EWARM\KBlot_supreme_I\Obj\C3000_SYRINGE.o
#        D:\Github\sb3\S-Blot-3_Ereatec_queueEdit\EWARM\KBlot_supreme_I\Obj\cam_led.o
#        D:\Github\sb3\S-Blot-3_Ereatec_queueEdit\EWARM\KBlot_supreme_I\Obj\cntrl.o
#        D:\Github\sb3\S-Blot-3_Ereatec_queueEdit\EWARM\KBlot_supreme_I\Obj\eeprom_ctrl.o
#        D:\Github\sb3\S-Blot-3_Ereatec_queueEdit\EWARM\KBlot_supreme_I\Obj\error.o
#        D:\Github\sb3\S-Blot-3_Ereatec_queueEdit\EWARM\KBlot_supreme_I\Obj\event.o
#        D:\Github\sb3\S-Blot-3_Ereatec_queueEdit\EWARM\KBlot_supreme_I\Obj\hlld.o
#        D:\Github\sb3\S-Blot-3_Ereatec_queueEdit\EWARM\KBlot_supreme_I\Obj\hs_Common_Utill.o
#        D:\Github\sb3\S-Blot-3_Ereatec_queueEdit\EWARM\KBlot_supreme_I\Obj\hsAT24_EEPROM.o
#        D:\Github\sb3\S-Blot-3_Ereatec_queueEdit\EWARM\KBlot_supreme_I\Obj\key_polling.o
#        D:\Github\sb3\S-Blot-3_Ereatec_queueEdit\EWARM\KBlot_supreme_I\Obj\main.o
#        D:\Github\sb3\S-Blot-3_Ereatec_queueEdit\EWARM\KBlot_supreme_I\Obj\Max5500.o
#        D:\Github\sb3\S-Blot-3_Ereatec_queueEdit\EWARM\KBlot_supreme_I\Obj\MG90_SERVOMOTOR.o
#        D:\Github\sb3\S-Blot-3_Ereatec_queueEdit\EWARM\KBlot_supreme_I\Obj\pump.o
#        D:\Github\sb3\S-Blot-3_Ereatec_queueEdit\EWARM\KBlot_supreme_I\Obj\SE655_Barcode.o
#        D:\Github\sb3\S-Blot-3_Ereatec_queueEdit\EWARM\KBlot_supreme_I\Obj\shake.o
#        D:\Github\sb3\S-Blot-3_Ereatec_queueEdit\EWARM\KBlot_supreme_I\Obj\sq.o
#        D:\Github\sb3\S-Blot-3_Ereatec_queueEdit\EWARM\KBlot_supreme_I\Obj\startup_stm32f103xe.o
#        D:\Github\sb3\S-Blot-3_Ereatec_queueEdit\EWARM\KBlot_supreme_I\Obj\stepping.o
#        D:\Github\sb3\S-Blot-3_Ereatec_queueEdit\EWARM\KBlot_supreme_I\Obj\stepping_edb_ctrl.o
#        D:\Github\sb3\S-Blot-3_Ereatec_queueEdit\EWARM\KBlot_supreme_I\Obj\stepping_leadshine_ctrl.o
#        D:\Github\sb3\S-Blot-3_Ereatec_queueEdit\EWARM\KBlot_supreme_I\Obj\stm32f1xx_hal.o
#        D:\Github\sb3\S-Blot-3_Ereatec_queueEdit\EWARM\KBlot_supreme_I\Obj\stm32f1xx_hal_adc.o
#        D:\Github\sb3\S-Blot-3_Ereatec_queueEdit\EWARM\KBlot_supreme_I\Obj\stm32f1xx_hal_adc_ex.o
#        D:\Github\sb3\S-Blot-3_Ereatec_queueEdit\EWARM\KBlot_supreme_I\Obj\stm32f1xx_hal_cortex.o
#        D:\Github\sb3\S-Blot-3_Ereatec_queueEdit\EWARM\KBlot_supreme_I\Obj\stm32f1xx_hal_dma.o
#        D:\Github\sb3\S-Blot-3_Ereatec_queueEdit\EWARM\KBlot_supreme_I\Obj\stm32f1xx_hal_flash.o
#        D:\Github\sb3\S-Blot-3_Ereatec_queueEdit\EWARM\KBlot_supreme_I\Obj\stm32f1xx_hal_flash_ex.o
#        D:\Github\sb3\S-Blot-3_Ereatec_queueEdit\EWARM\KBlot_supreme_I\Obj\stm32f1xx_hal_gpio.o
#        D:\Github\sb3\S-Blot-3_Ereatec_queueEdit\EWARM\KBlot_supreme_I\Obj\stm32f1xx_hal_gpio_ex.o
#        D:\Github\sb3\S-Blot-3_Ereatec_queueEdit\EWARM\KBlot_supreme_I\Obj\stm32f1xx_hal_i2c.o
#        D:\Github\sb3\S-Blot-3_Ereatec_queueEdit\EWARM\KBlot_supreme_I\Obj\stm32f1xx_hal_msp.o
#        D:\Github\sb3\S-Blot-3_Ereatec_queueEdit\EWARM\KBlot_supreme_I\Obj\stm32f1xx_hal_pwr.o
#        D:\Github\sb3\S-Blot-3_Ereatec_queueEdit\EWARM\KBlot_supreme_I\Obj\stm32f1xx_hal_rcc.o
#        D:\Github\sb3\S-Blot-3_Ereatec_queueEdit\EWARM\KBlot_supreme_I\Obj\stm32f1xx_hal_rcc_ex.o
#        D:\Github\sb3\S-Blot-3_Ereatec_queueEdit\EWARM\KBlot_supreme_I\Obj\stm32f1xx_hal_spi.o
#        D:\Github\sb3\S-Blot-3_Ereatec_queueEdit\EWARM\KBlot_supreme_I\Obj\stm32f1xx_hal_spi_ex.o
#        D:\Github\sb3\S-Blot-3_Ereatec_queueEdit\EWARM\KBlot_supreme_I\Obj\stm32f1xx_hal_tim.o
#        D:\Github\sb3\S-Blot-3_Ereatec_queueEdit\EWARM\KBlot_supreme_I\Obj\stm32f1xx_hal_tim_ex.o
#        D:\Github\sb3\S-Blot-3_Ereatec_queueEdit\EWARM\KBlot_supreme_I\Obj\stm32f1xx_hal_uart.o
#        D:\Github\sb3\S-Blot-3_Ereatec_queueEdit\EWARM\KBlot_supreme_I\Obj\stm32f1xx_it.o
#        D:\Github\sb3\S-Blot-3_Ereatec_queueEdit\EWARM\KBlot_supreme_I\Obj\sys_func.o
#        D:\Github\sb3\S-Blot-3_Ereatec_queueEdit\EWARM\KBlot_supreme_I\Obj\system_stm32f1xx.o
#        D:\Github\sb3\S-Blot-3_Ereatec_queueEdit\EWARM\KBlot_supreme_I\Obj\timer.o
#        D:\Github\sb3\S-Blot-3_Ereatec_queueEdit\EWARM\KBlot_supreme_I\Obj\uart.o
#        D:\Github\sb3\S-Blot-3_Ereatec_queueEdit\EWARM\KBlot_supreme_I\Obj\uart_pc.o
#        --redirect _Printf=_PrintfFull --redirect _Scanf=_ScanfFull
#        --no_out_extension -o
#        D:\Github\sb3\S-Blot-3_Ereatec_queueEdit\EWARM\KBlot_supreme_I\Exe\KBlot_supreme_I.out
#        --map
#        D:\Github\sb3\S-Blot-3_Ereatec_queueEdit\EWARM\KBlot_supreme_I\List\KBlot_supreme_I.map
#        --config
#        D:\Github\sb3\S-Blot-3_Ereatec_queueEdit\EWARM\KBlot_supreme_I.icf
#        --semihosting --entry __iar_program_start --vfe --text_out locale)
#
###############################################################################

*******************************************************************************
*** RUNTIME MODEL ATTRIBUTES
***

CppFlavor       = *
__SystemLibrary = DLib
__dlib_version  = 6


*******************************************************************************
*** HEAP SELECTION
***

The basic heap was selected because no calls to memory allocation
functions were found in the application outside of system library
functions, and there are calls to deallocation functions in the
application.


*******************************************************************************
*** PLACEMENT SUMMARY
***

"A0":  place at address 0x800'2000 { ro section .intvec };
"P1":  place in [from 0x800'2000 to 0x807'ffff] { ro };
define block CSTACK with size = 4K, alignment = 8 { };
define block HEAP with size = 4K, alignment = 8 { };
"P2":  place in [from 0x2000'0000 to 0x2000'ffff] {
          rw, block CSTACK, block HEAP };
initialize by copy { rw };

  Section            Kind         Address      Size  Object
  -------            ----         -------      ----  ------
"A0":                                         0x130
  .intvec            ro code   0x800'2000     0x130  startup_stm32f103xe.o [1]
                             - 0x800'2130     0x130

"P1":                                      0x1'767c
  .text              ro code   0x800'2130    0x3740  cntrl.o [1]
  .text              ro code   0x800'5870      0x66  ABImemset.o [4]
  .text              ro code   0x800'58d6      0x3a  zero_init3.o [4]
  .text              ro code   0x800'5910    0x20ac  stepping_edb_ctrl.o [1]
  .text              ro code   0x800'79bc     0x48c  cam_led.o [1]
  .text              ro code   0x800'7e48      0xcc  event.o [1]
  .text              ro code   0x800'7f14     0x120  error.o [1]
  .text              ro code   0x800'8034     0x9ec  shake.o [1]
  .text              ro code   0x800'8a20     0x5d4  MG90_SERVOMOTOR.o [1]
  .text              ro code   0x800'8ff4     0xd78  pump.o [1]
  .text              ro code   0x800'9d6c     0x854  C3000_SYRINGE.o [1]
  .text              ro code   0x800'a5c0     0x7f4  SE655_Barcode.o [1]
  .text              ro code   0x800'adb4     0xe64  hlld.o [1]
  .text              ro code   0x800'bc18    0x1e84  sq.o [1]
  .text              ro code   0x800'da9c     0x510  timer.o [1]
  .text              ro code   0x800'dfac     0x960  uart_pc.o [1]
  .text              ro code   0x800'e90c     0x408  stm32f1xx_hal_gpio.o [1]
  .text              ro code   0x800'ed14      0x18  stm32f1xx_hal.o [1]
  .text              ro code   0x800'ed2c      0x24  S32ToFlt.o [3]
  .text              ro code   0x800'ed50      0xfc  FltDiv.o [3]
  .text              ro code   0x800'ee4c      0xd8  FltMul.o [3]
  .text              ro code   0x800'ef24      0x24  FltCmpLe.o [3]
  .text              ro code   0x800'ef48     0x23c  17HS3410_Dspin.o [1]
  .text              ro code   0x800'f184     0x1c0  stm32f1xx_hal_cortex.o [1]
  .text              ro code   0x800'f344     0x1e8  adc.o [1]
  .text              ro code   0x800'f52c     0x384  eeprom_ctrl.o [1]
  .text              ro code   0x800'f8b0     0x110  hs_Common_Utill.o [1]
  .text              ro code   0x800'f9c0     0x818  stm32f1xx_hal_uart.o [1]
  .text              ro code   0x801'01d8      0xb8  stm32f1xx_hal_spi_ex.o [1]
  .text              ro code   0x801'0290     0x870  stm32f1xx_hal_spi.o [1]
  .text              ro code   0x801'0b00      0x1a  U32ToDbl.o [3]
  .text              ro code   0x801'0b1a      0x26  xencoding_8859_1.o [2]
  .text              ro code   0x801'0b40     0x1a2  DblMul.o [3]
  .text              ro code   0x801'0ce2      0x1e  xsscin.o [2]
  .text              ro code   0x801'0d00     0x17a  DblAdd.o [3]
  .text              ro code   0x801'0e7a      0x1a  xsnprout.o [2]
  .text              ro code   0x801'0e94      0x3a  DblToS32.o [3]
  .text              ro code   0x801'0ece       0xa  xsprout.o [2]
  .text              ro code   0x801'0ed8      0x22  S32ToDbl.o [3]
  .rodata            const     0x801'0efa       0x2  stm32f1xx_hal_rcc.o [1]
  .text              ro code   0x801'0efc     0x7e6  stm32f1xx_hal_tim.o [1]
  .rodata            const     0x801'16e2       0x2  stm32f1xx_hal_rcc_ex.o [1]
  .text              ro code   0x801'16e4      0x5c  stm32f1xx_hal_tim_ex.o [1]
  .text              ro code   0x801'1740      0x28  DblToU32.o [3]
  .text              ro code   0x801'1768      0x40  sprintf.o [2]
  .text              ro code   0x801'17a8      0x36  strlen.o [4]
  .rodata            const     0x801'17de       0x2  xlocale_c.o [2]
  .text              ro code   0x801'17e0      0x44  snprintf.o [2]
  .text              ro code   0x801'1824      0xa6  ABImemcpy.o [4]
  .rodata            const     0x801'18ca       0x2  xlocale_c.o [2]
  .text              ro code   0x801'18cc     0x128  key_polling.o [1]
  .text              ro code   0x801'19f4      0x28  sscanf.o [2]
  .text              ro code   0x801'1a1c       0xc  stm32f1xx_hal.o [1]
  .text              ro code   0x801'1a28     0x6d4  stm32f1xx_hal_adc.o [1]
  .text              ro code   0x801'20fc     0x246  DblDiv.o [3]
  .rodata            const     0x801'2342       0x1  timer.o [1]
  .rodata            const     0x801'2343       0x1  xlocale_c.o [2]
  .text              ro code   0x801'2344      0x68  DblToFlt.o [3]
  .text              ro code   0x801'23ac      0x48  FltToDbl.o [3]
  .text              ro code   0x801'23f4      0xe2  DblSub.o [3]
  .text              ro code   0x801'24d8      0x80  FltSub.o [3]
  .text              ro code   0x801'2558      0x22  FltToU32.o [3]
  .text              ro code   0x801'257c     0x288  hsAT24_EEPROM.o [1]
  .text              ro code   0x801'2804     0x554  stm32f1xx_hal_msp.o [1]
  .text              ro code   0x801'2d58     0xa26  stm32f1xx_hal_dma.o [1]
  .text              ro code   0x801'377e       0x2  stm32f1xx_hal_uart.o [1]
  .text              ro code   0x801'3780       0x2  stm32f1xx_hal_uart.o [1]
  .text              ro code   0x801'3784     0xb50  stm32f1xx_hal_rcc.o [1]
  .text              ro code   0x801'42d4       0x2  stm32f1xx_hal_tim.o [1]
  .text              ro code   0x801'42d6       0x2  stm32f1xx_hal_tim.o [1]
  .text              ro code   0x801'42d8       0x2  stm32f1xx_hal_tim.o [1]
  .text              ro code   0x801'42da       0x2  stm32f1xx_hal_tim_ex.o [1]
  .text              ro code   0x801'42dc       0x2  stm32f1xx_hal_tim.o [1]
  .text              ro code   0x801'42de       0x2  stm32f1xx_hal_tim_ex.o [1]
  .text              ro code   0x801'42e0    0x10c6  xprintffull.o [2]
  .text              ro code   0x801'53a8     0xf2c  xscanffull.o [2]
  .text              ro code   0x801'62d4     0x284  stm32f1xx_hal_rcc_ex.o [1]
  .text              ro code   0x801'6558      0xd6  FltAdd.o [3]
  .text              ro code   0x801'6630     0x7fa  stm32f1xx_hal_i2c.o [1]
  .text              ro code   0x801'6e2a      0x24  stm32f1xx_hal.o [1]
  .text              ro code   0x801'6e50     0x108  xlocale_c.o [2]
  .text              ro code   0x801'6f58      0x16  strchr.o [4]
  .text              ro code   0x801'6f70      0x40  xfail_s.o [2]
  .text              ro code   0x801'6fb0      0x58  memchr.o [4]
  .text              ro code   0x801'7008      0x70  frexp.o [3]
  .text              ro code   0x801'7078      0x2e  DblCmpLe.o [3]
  .text              ro code   0x801'70a8      0x2e  DblCmpGe.o [3]
  .text              ro code   0x801'70d8     0x13a  ldexp.o [3]
  .text              ro code   0x801'7212       0xa  xmbcurmax.o [2]
  .text              ro code   0x801'721c     0x230  I64DivMod.o [4]
  .text              ro code   0x801'744c      0x14  isspace.o [2]
  .text              ro code   0x801'7460      0x34  wctob.o [2]
  .text              ro code   0x801'7494      0x14  isalpha.o [2]
  .text              ro code   0x801'74a8     0x408  strto64.o [3]
  .text              ro code   0x801'78b0     0x1b2  iar_Stoullx.o [2]
  .text              ro code   0x801'7a64      0xa6  iar_Stollx.o [2]
  .text              ro code   0x801'7b0a       0x6  abort.o [2]
  .text              ro code   0x801'7b10       0x2  I64DivZer.o [4]
  .text              ro code   0x801'7b12      0x14  memset.o [4]
  .text              ro code   0x801'7b26     0x122  iar_Stopfx.o [2]
  .text              ro code   0x801'7c48     0x1b8  iar_Stoflt.o [2]
  .text              ro code   0x801'7e00     0x208  iar_Stoxflt.o [2]
  .text              ro code   0x801'8008      0x14  tolower.o [2]
  .text              ro code   0x801'801c      0x14  exit.o [5]
  .text              ro code   0x801'8030     0x7a4  sys_func.o [1]
  .text              ro code   0x801'87d4     0x14c  iar_Stoulx.o [2]
  .text              ro code   0x801'8920     0x568  main.o [1]
  .text              ro code   0x801'8e88      0x24  stm32f1xx_hal.o [1]
  .text              ro code   0x801'8eac      0x44  stepping.o [1]
  .text              ro code   0x801'8ef0      0x78  lz77_init_single.o [4]
  .text              ro code   0x801'8f68      0x68  stm32f1xx_it.o [1]
  .text              ro code   0x801'8fd0      0x10  stm32f1xx_hal.o [1]
  .text              ro code   0x801'8fe0      0x58  system_stm32f1xx.o [1]
  .rodata            const     0x801'9038      0x50  iar_Stoulx.o [2]
  .rodata            const     0x801'9088      0x50  iar_Stoullx.o [2]
  .rodata            const     0x801'90d8      0x4c  xscanffull.o [2]
  .rodata            const     0x801'9124      0x1c  cntrl.o [1]
  .rodata            const     0x801'9140      0x48  strto64.o [3]
  .rodata            const     0x801'9188      0x30  timer.o [1]
  .rodata            const     0x801'91b8      0x28  xscanffull.o [2]
  .text              ro code   0x801'91e0      0x28  data_init.o [4]
  .iar.init_table    const     0x801'9208      0x20  - Linker created -
  .rodata            const     0x801'9228      0x20  cntrl.o [1]
  .rodata            const     0x801'9248      0x20  cntrl.o [1]
  .rodata            const     0x801'9268      0x20  timer.o [1]
  .text              ro code   0x801'9288      0x1e  cmain.o [4]
  .text              ro code   0x801'92a6       0x4  low_level_init.o [2]
  .text              ro code   0x801'92aa       0x4  exit.o [2]
  .text              ro code   0x801'92b0       0xa  cexit.o [4]
  .rodata            const     0x801'92bc      0x1c  cntrl.o [1]
  .rodata            const     0x801'92d8      0x1c  sq.o [1]
  .rodata            const     0x801'92f4      0x1c  uart_pc.o [1]
  .rodata            const     0x801'9310      0x18  cntrl.o [1]
  .rodata            const     0x801'9328      0x18  cntrl.o [1]
  .rodata            const     0x801'9340      0x18  cntrl.o [1]
  .rodata            const     0x801'9358      0x14  cntrl.o [1]
  .rodata            const     0x801'936c      0x14  hlld.o [1]
  .rodata            const     0x801'9380      0x14  sq.o [1]
  .rodata            const     0x801'9394      0x14  uart_pc.o [1]
  .rodata            const     0x801'93a8      0x10  stm32f1xx_hal_rcc.o [1]
  .rodata            const     0x801'93b8      0x10  stm32f1xx_hal_rcc.o [1]
  .rodata            const     0x801'93c8      0x10  stm32f1xx_hal_rcc_ex.o [1]
  .text              ro code   0x801'93d8      0x10  startup_stm32f103xe.o [1]
  .rodata            const     0x801'93e8       0xc  C3000_SYRINGE.o [1]
  .rodata            const     0x801'93f4       0xc  SE655_Barcode.o [1]
  .rodata            const     0x801'9400       0xc  uart_pc.o [1]
  .text              ro code   0x801'940c       0xc  cstartup_M.o [4]
  .rodata            const     0x801'9418       0x8  C3000_SYRINGE.o [1]
  .rodata            const     0x801'9420       0x8  C3000_SYRINGE.o [1]
  .rodata            const     0x801'9428       0x8  C3000_SYRINGE.o [1]
  .rodata            const     0x801'9430       0x8  C3000_SYRINGE.o [1]
  .rodata            const     0x801'9438       0x8  C3000_SYRINGE.o [1]
  .rodata            const     0x801'9440       0x8  C3000_SYRINGE.o [1]
  .rodata            const     0x801'9448       0x8  pump.o [1]
  .rodata            const     0x801'9450       0x8  SE655_Barcode.o [1]
  .rodata            const     0x801'9458       0x8  sys_func.o [1]
  .rodata            const     0x801'9460       0x8  sys_func.o [1]
  .rodata            const     0x801'9468       0x8  sys_func.o [1]
  .rodata            const     0x801'9470       0x8  sys_func.o [1]
  .rodata            const     0x801'9478       0x8  uart_pc.o [1]
  .rodata            const     0x801'9480       0x8  uart_pc.o [1]
  .rodata            const     0x801'9488       0x4  hsAT24_EEPROM.o [1]
  .text              ro code   0x801'948c       0x4  startup_stm32f103xe.o [1]
  .text              ro code   0x801'9490       0x4  startup_stm32f103xe.o [1]
  .text              ro code   0x801'9494       0x4  startup_stm32f103xe.o [1]
  .text              ro code   0x801'9498       0x4  startup_stm32f103xe.o [1]
  .text              ro code   0x801'949c       0x4  startup_stm32f103xe.o [1]
  .text              ro code   0x801'94a0       0x4  startup_stm32f103xe.o [1]
  .text              ro code   0x801'94a4       0x4  startup_stm32f103xe.o [1]
  .text              ro code   0x801'94a8       0x4  startup_stm32f103xe.o [1]
  .text              ro code   0x801'94ac       0x4  startup_stm32f103xe.o [1]
  .text              ro code   0x801'94b0       0x4  startup_stm32f103xe.o [1]
  .text              ro code   0x801'94b4       0x4  startup_stm32f103xe.o [1]
  .text              ro code   0x801'94b8       0x4  startup_stm32f103xe.o [1]
  .text              ro code   0x801'94bc       0x4  startup_stm32f103xe.o [1]
  .text              ro code   0x801'94c0       0x4  startup_stm32f103xe.o [1]
  .text              ro code   0x801'94c4       0x4  startup_stm32f103xe.o [1]
  .text              ro code   0x801'94c8       0x4  startup_stm32f103xe.o [1]
  .text              ro code   0x801'94cc       0x4  startup_stm32f103xe.o [1]
  .text              ro code   0x801'94d0       0x4  startup_stm32f103xe.o [1]
  .text              ro code   0x801'94d4       0x4  startup_stm32f103xe.o [1]
  .text              ro code   0x801'94d8       0x4  startup_stm32f103xe.o [1]
  .text              ro code   0x801'94dc       0x4  startup_stm32f103xe.o [1]
  .text              ro code   0x801'94e0       0x4  startup_stm32f103xe.o [1]
  .text              ro code   0x801'94e4       0x4  startup_stm32f103xe.o [1]
  .text              ro code   0x801'94e8       0x4  startup_stm32f103xe.o [1]
  .text              ro code   0x801'94ec       0x4  startup_stm32f103xe.o [1]
  .text              ro code   0x801'94f0       0x4  startup_stm32f103xe.o [1]
  .text              ro code   0x801'94f4       0x4  startup_stm32f103xe.o [1]
  .text              ro code   0x801'94f8       0x4  startup_stm32f103xe.o [1]
  .text              ro code   0x801'94fc       0x4  startup_stm32f103xe.o [1]
  .text              ro code   0x801'9500       0x4  startup_stm32f103xe.o [1]
  .text              ro code   0x801'9504       0x4  startup_stm32f103xe.o [1]
  .text              ro code   0x801'9508       0x4  startup_stm32f103xe.o [1]
  .text              ro code   0x801'950c       0x4  startup_stm32f103xe.o [1]
  .text              ro code   0x801'9510       0x4  startup_stm32f103xe.o [1]
  .text              ro code   0x801'9514       0x4  startup_stm32f103xe.o [1]
  .text              ro code   0x801'9518       0x4  startup_stm32f103xe.o [1]
  .text              ro code   0x801'951c       0x4  startup_stm32f103xe.o [1]
  .text              ro code   0x801'9520       0x4  startup_stm32f103xe.o [1]
  .text              ro code   0x801'9524       0x4  startup_stm32f103xe.o [1]
  .text              ro code   0x801'9528       0x4  startup_stm32f103xe.o [1]
  .text              ro code   0x801'952c       0x4  startup_stm32f103xe.o [1]
  .text              ro code   0x801'9530       0x4  startup_stm32f103xe.o [1]
  .text              ro code   0x801'9534       0x4  startup_stm32f103xe.o [1]
  .text              ro code   0x801'9538       0x4  startup_stm32f103xe.o [1]
  .text              ro code   0x801'953c       0x4  startup_stm32f103xe.o [1]
  .text              ro code   0x801'9540       0x4  startup_stm32f103xe.o [1]
  .text              ro code   0x801'9544       0x4  startup_stm32f103xe.o [1]
  .text              ro code   0x801'9548       0x4  startup_stm32f103xe.o [1]
  .text              ro code   0x801'954c       0x4  startup_stm32f103xe.o [1]
  .text              ro code   0x801'9550       0x4  startup_stm32f103xe.o [1]
  .text              ro code   0x801'9554       0x4  startup_stm32f103xe.o [1]
  .text              ro code   0x801'9558       0x4  startup_stm32f103xe.o [1]
  .text              ro code   0x801'955c       0x4  startup_stm32f103xe.o [1]
  .text              ro code   0x801'9560       0x4  startup_stm32f103xe.o [1]
  .text              ro code   0x801'9564       0x4  startup_stm32f103xe.o [1]
  .text              ro code   0x801'9568       0x4  startup_stm32f103xe.o [1]
  .text              ro code   0x801'956c       0x4  startup_stm32f103xe.o [1]
  .rodata            const     0x801'9570       0x0  zero_init3.o [4]
  .rodata            const     0x801'9570       0x0  lz77_init_single.o [4]
  Initializer bytes  const     0x801'9570     0x23c  <for P2-1>
                             - 0x801'97ac  0x1'767c

"P2", part 1 of 3:                            0x534
  P2-1                        0x2000'0000     0x534  <Init block>
    .data            inited   0x2000'0000       0x4  hsAT24_EEPROM.o [1]
    .data            inited   0x2000'0004       0x4  hsAT24_EEPROM.o [1]
    .data            inited   0x2000'0008      0x24  MG90_SERVOMOTOR.o [1]
    .data            inited   0x2000'002c      0x14  SE655_Barcode.o [1]
    .data            inited   0x2000'0040       0x4  SE655_Barcode.o [1]
    .data            inited   0x2000'0044      0x24  shake.o [1]
    .data            inited   0x2000'0068      0x3c  stepping_edb_ctrl.o [1]
    .data            inited   0x2000'00a4      0x3c  stepping_edb_ctrl.o [1]
    .data            inited   0x2000'00e0      0x3c  stepping_edb_ctrl.o [1]
    .data            inited   0x2000'011c      0x5c  sys_func.o [1]
    .data            inited   0x2000'0178      0x5c  sys_func.o [1]
    .data            inited   0x2000'01d4      0x6c  sys_func.o [1]
    .data            inited   0x2000'0240      0x70  sys_func.o [1]
    .data            inited   0x2000'02b0      0x58  sys_func.o [1]
    .data            inited   0x2000'0308      0x58  sys_func.o [1]
    .data            inited   0x2000'0360      0x60  sys_func.o [1]
    .data            inited   0x2000'03c0      0x68  sys_func.o [1]
    .data            inited   0x2000'0428      0x60  sys_func.o [1]
    .data            inited   0x2000'0488       0x4  sys_func.o [1]
    .data            inited   0x2000'048c       0x4  system_stm32f1xx.o [1]
    .data            inited   0x2000'0490       0x4  timer.o [1]
    .data            inited   0x2000'0494       0x4  timer.o [1]
    .data            inited   0x2000'0498      0x38  xlocale_c.o [2]
    .data            inited   0x2000'04d0      0x48  xlocale_c.o [2]
    .data            inited   0x2000'0518       0x2  cntrl.o [1]
    .data            inited   0x2000'051a       0x2  key_polling.o [1]
    .data            inited   0x2000'051c       0x2  key_polling.o [1]
    .data            inited   0x2000'051e       0x2  key_polling.o [1]
    .data            inited   0x2000'0520       0x1  cntrl.o [1]
    .data            inited   0x2000'0521       0x1  error.o [1]
    .data            inited   0x2000'0522       0x1  hlld.o [1]
    .data            inited   0x2000'0523       0x1  hlld.o [1]
    .data            inited   0x2000'0524       0x1  pump.o [1]
    .data            inited   0x2000'0525       0x1  sq.o [1]
    .data            inited   0x2000'0526       0x1  sq.o [1]
    .data            inited   0x2000'0527       0x1  stepping_edb_ctrl.o [1]
    .data            inited   0x2000'0528       0x1  stepping_edb_ctrl.o [1]
    .data            inited   0x2000'0529       0x1  stepping_edb_ctrl.o [1]
    .data            inited   0x2000'052a       0x1  stepping_edb_ctrl.o [1]
    .data            inited   0x2000'052b       0x1  stepping_edb_ctrl.o [1]
    .data            inited   0x2000'052c       0x1  stepping_edb_ctrl.o [1]
    .data            inited   0x2000'052d       0x1  stepping_edb_ctrl.o [1]
    .data            inited   0x2000'052e       0x1  stepping_edb_ctrl.o [1]
    .data            inited   0x2000'052f       0x1  stepping_edb_ctrl.o [1]
    .data            inited   0x2000'0530       0x1  timer.o [1]
    .data            inited   0x2000'0531       0x1  timer.o [1]
    .data            inited   0x2000'0532       0x1  timer.o [1]
    .data            inited   0x2000'0533       0x1  timer.o [1]
                            - 0x2000'0534     0x534

"P2", part 2 of 3:                           0x17bc
  .bss               zero     0x2000'0534     0x4bc  sq.o [1]
  .bss               zero     0x2000'09f0     0x40c  uart_pc.o [1]
  .bss               zero     0x2000'0dfc     0x258  timer.o [1]
  .bss               zero     0x2000'1054     0x208  uart_pc.o [1]
  .bss               zero     0x2000'125c      0xc8  SE655_Barcode.o [1]
  .bss               zero     0x2000'1324      0xc4  sq.o [1]
  .bss               zero     0x2000'13e8      0x80  uart_pc.o [1]
  .bss               zero     0x2000'1468      0x78  pump.o [1]
  .bss               zero     0x2000'14e0      0x6c  stepping_edb_ctrl.o [1]
  .bss               zero     0x2000'154c      0x68  event.o [1]
  .bss               zero     0x2000'15b4      0x58  cam_led.o [1]
  .bss               zero     0x2000'160c      0x58  shake.o [1]
  .bss               zero     0x2000'1664      0x48  uart_pc.o [1]
  .bss               zero     0x2000'16ac      0x40  C3000_SYRINGE.o [1]
  .bss               zero     0x2000'16ec      0x40  pump.o [1]
  .bss               zero     0x2000'172c      0x40  SE655_Barcode.o [1]
  .bss               zero     0x2000'176c      0x40  stepping.o [1]
  .bss               zero     0x2000'17ac      0x40  uart_pc.o [1]
  .bss               zero     0x2000'17ec      0x3c  C3000_SYRINGE.o [1]
  .bss               zero     0x2000'1828      0x3c  hs_Common_Utill.o [1]
  .bss               zero     0x2000'1864      0x3c  hsAT24_EEPROM.o [1]
  .bss               zero     0x2000'18a0      0x3c  MG90_SERVOMOTOR.o [1]
  .bss               zero     0x2000'18dc      0x3c  timer.o [1]
  .bss               zero     0x2000'1918      0x38  stm32f1xx_hal_msp.o [1]
  .bss               zero     0x2000'1950      0x34  stepping_edb_ctrl.o [1]
  .bss               zero     0x2000'1984      0x30  adc.o [1]
  .bss               zero     0x2000'19b4      0x30  main.o [1]
  .bss               zero     0x2000'19e4      0x30  shake.o [1]
  .bss               zero     0x2000'1a14      0x20  hlld.o [1]
  .bss               zero     0x2000'1a34      0x1c  MG90_SERVOMOTOR.o [1]
  .bss               zero     0x2000'1a50      0x18  uart_pc.o [1]
  .bss               zero     0x2000'1a68      0x14  error.o [1]
  .bss               zero     0x2000'1a7c      0x14  pump.o [1]
  .bss               zero     0x2000'1a90      0x10  cam_led.o [1]
  .bss               zero     0x2000'1aa0       0xc  adc.o [1]
  .bss               zero     0x2000'1aac       0xc  C3000_SYRINGE.o [1]
  .bss               zero     0x2000'1ab8       0xc  eeprom_ctrl.o [1]
  .bss               zero     0x2000'1ac4       0xc  eeprom_ctrl.o [1]
  .bss               zero     0x2000'1ad0       0xc  eeprom_ctrl.o [1]
  .bss               zero     0x2000'1adc       0xc  eeprom_ctrl.o [1]
  .bss               zero     0x2000'1ae8       0xc  eeprom_ctrl.o [1]
  .bss               zero     0x2000'1af4       0xc  eeprom_ctrl.o [1]
  .bss               zero     0x2000'1b00       0xc  eeprom_ctrl.o [1]
  .bss               zero     0x2000'1b0c       0xc  eeprom_ctrl.o [1]
  .bss               zero     0x2000'1b18       0xc  eeprom_ctrl.o [1]
  .bss               zero     0x2000'1b24       0xc  eeprom_ctrl.o [1]
  .bss               zero     0x2000'1b30       0xc  eeprom_ctrl.o [1]
  .bss               zero     0x2000'1b3c       0xc  eeprom_ctrl.o [1]
  .bss               zero     0x2000'1b48       0xc  eeprom_ctrl.o [1]
  .bss               zero     0x2000'1b54       0xc  eeprom_ctrl.o [1]
  .bss               zero     0x2000'1b60       0xc  eeprom_ctrl.o [1]
  .bss               zero     0x2000'1b6c       0xc  hlld.o [1]
  .bss               zero     0x2000'1b78       0xc  pump.o [1]
  .bss               zero     0x2000'1b84       0xc  stepping_edb_ctrl.o [1]
  .bss               zero     0x2000'1b90       0x8  hlld.o [1]
  .bss               zero     0x2000'1b98       0x8  sq.o [1]
  .bss               zero     0x2000'1ba0       0x4  17HS3410_Dspin.o [1]
  .bss               zero     0x2000'1ba4       0x4  adc.o [1]
  .bss               zero     0x2000'1ba8       0x4  adc.o [1]
  .bss               zero     0x2000'1bac       0x4  adc.o [1]
  .bss               zero     0x2000'1bb0       0x4  adc.o [1]
  .bss               zero     0x2000'1bb4       0x4  C3000_SYRINGE.o [1]
  .bss               zero     0x2000'1bb8       0x4  cam_led.o [1]
  .bss               zero     0x2000'1bbc       0x4  cam_led.o [1]
  .bss               zero     0x2000'1bc0       0x4  cam_led.o [1]
  .bss               zero     0x2000'1bc4       0x4  cam_led.o [1]
  .bss               zero     0x2000'1bc8       0x4  cntrl.o [1]
  .bss               zero     0x2000'1bcc       0x4  cntrl.o [1]
  .bss               zero     0x2000'1bd0       0x4  cntrl.o [1]
  .bss               zero     0x2000'1bd4       0x4  cntrl.o [1]
  .bss               zero     0x2000'1bd8       0x4  cntrl.o [1]
  .bss               zero     0x2000'1bdc       0x4  cntrl.o [1]
  .bss               zero     0x2000'1be0       0x4  hlld.o [1]
  .bss               zero     0x2000'1be4       0x4  hlld.o [1]
  .bss               zero     0x2000'1be8       0x4  hlld.o [1]
  .bss               zero     0x2000'1bec       0x4  MG90_SERVOMOTOR.o [1]
  .bss               zero     0x2000'1bf0       0x4  MG90_SERVOMOTOR.o [1]
  .bss               zero     0x2000'1bf4       0x4  SE655_Barcode.o [1]
  .bss               zero     0x2000'1bf8       0x4  shake.o [1]
  .bss               zero     0x2000'1bfc       0x4  shake.o [1]
  .bss               zero     0x2000'1c00       0x4  sq.o [1]
  .bss               zero     0x2000'1c04       0x4  sq.o [1]
  .bss               zero     0x2000'1c08       0x4  sq.o [1]
  .bss               zero     0x2000'1c0c       0x4  sq.o [1]
  .bss               zero     0x2000'1c10       0x4  sq.o [1]
  .bss               zero     0x2000'1c14       0x4  sq.o [1]
  .bss               zero     0x2000'1c18       0x4  stepping_edb_ctrl.o [1]
  .bss               zero     0x2000'1c1c       0x4  stepping_edb_ctrl.o [1]
  .bss               zero     0x2000'1c20       0x4  stepping_edb_ctrl.o [1]
  .bss               zero     0x2000'1c24       0x4  stm32f1xx_hal.o [1]
  .bss               zero     0x2000'1c28       0x4  sys_func.o [1]
  .bss               zero     0x2000'1c2c       0x4  sys_func.o [1]
  .bss               zero     0x2000'1c30       0x4  sys_func.o [1]
  .bss               zero     0x2000'1c34       0x4  sys_func.o [1]
  .bss               zero     0x2000'1c38       0x4  timer.o [1]
  .bss               zero     0x2000'1c3c       0x4  timer.o [1]
  .bss               zero     0x2000'1c40       0x4  timer.o [1]
  .bss               zero     0x2000'1c44       0x4  uart_pc.o [1]
  .bss               zero     0x2000'1c48       0x4  uart_pc.o [1]
  .bss               zero     0x2000'1c4c       0x4  uart_pc.o [1]
  .bss               zero     0x2000'1c50       0x4  uart_pc.o [1]
  .bss               zero     0x2000'1c54       0x4  xfail_s.o [2]
  .bss               zero     0x2000'1c58       0x2  cntrl.o [1]
  .bss               zero     0x2000'1c5a       0x2  cntrl.o [1]
  .bss               zero     0x2000'1c5c       0x2  cntrl.o [1]
  .bss               zero     0x2000'1c5e       0x2  cntrl.o [1]
  .bss               zero     0x2000'1c60       0x2  cntrl.o [1]
  .bss               zero     0x2000'1c62       0x2  cntrl.o [1]
  .bss               zero     0x2000'1c64       0x2  error.o [1]
  .bss               zero     0x2000'1c66       0x2  hlld.o [1]
  .bss               zero     0x2000'1c68       0x2  hlld.o [1]
  .bss               zero     0x2000'1c6a       0x2  hlld.o [1]
  .bss               zero     0x2000'1c6c       0x2  key_polling.o [1]
  .bss               zero     0x2000'1c6e       0x2  key_polling.o [1]
  .bss               zero     0x2000'1c70       0x2  key_polling.o [1]
  .bss               zero     0x2000'1c72       0x2  pump.o [1]
  .bss               zero     0x2000'1c74       0x2  pump.o [1]
  .bss               zero     0x2000'1c76       0x2  timer.o [1]
  .bss               zero     0x2000'1c78       0x2  timer.o [1]
  .bss               zero     0x2000'1c7a       0x2  uart_pc.o [1]
  .bss               zero     0x2000'1c7c       0x2  uart_pc.o [1]
  .bss               zero     0x2000'1c7e       0x2  uart_pc.o [1]
  .bss               zero     0x2000'1c80       0x2  uart_pc.o [1]
  .bss               zero     0x2000'1c82       0x1  adc.o [1]
  .bss               zero     0x2000'1c83       0x1  adc.o [1]
  .bss               zero     0x2000'1c84       0x1  C3000_SYRINGE.o [1]
  .bss               zero     0x2000'1c85       0x1  C3000_SYRINGE.o [1]
  .bss               zero     0x2000'1c86       0x1  C3000_SYRINGE.o [1]
  .bss               zero     0x2000'1c87       0x1  C3000_SYRINGE.o [1]
  .bss               zero     0x2000'1c88       0x1  cntrl.o [1]
  .bss               zero     0x2000'1c89       0x1  cntrl.o [1]
  .bss               zero     0x2000'1c8a       0x1  cntrl.o [1]
  .bss               zero     0x2000'1c8b       0x1  cntrl.o [1]
  .bss               zero     0x2000'1c8c       0x1  cntrl.o [1]
  .bss               zero     0x2000'1c8d       0x1  cntrl.o [1]
  .bss               zero     0x2000'1c8e       0x1  cntrl.o [1]
  .bss               zero     0x2000'1c8f       0x1  cntrl.o [1]
  .bss               zero     0x2000'1c90       0x1  cntrl.o [1]
  .bss               zero     0x2000'1c91       0x1  cntrl.o [1]
  .bss               zero     0x2000'1c92       0x1  cntrl.o [1]
  .bss               zero     0x2000'1c93       0x1  cntrl.o [1]
  .bss               zero     0x2000'1c94       0x1  cntrl.o [1]
  .bss               zero     0x2000'1c95       0x1  cntrl.o [1]
  .bss               zero     0x2000'1c96       0x1  cntrl.o [1]
  .bss               zero     0x2000'1c97       0x1  cntrl.o [1]
  .bss               zero     0x2000'1c98       0x1  cntrl.o [1]
  .bss               zero     0x2000'1c99       0x1  cntrl.o [1]
  .bss               zero     0x2000'1c9a       0x1  cntrl.o [1]
  .bss               zero     0x2000'1c9b       0x1  cntrl.o [1]
  .bss               zero     0x2000'1c9c       0x1  cntrl.o [1]
  .bss               zero     0x2000'1c9d       0x1  cntrl.o [1]
  .bss               zero     0x2000'1c9e       0x1  cntrl.o [1]
  .bss               zero     0x2000'1c9f       0x1  cntrl.o [1]
  .bss               zero     0x2000'1ca0       0x1  cntrl.o [1]
  .bss               zero     0x2000'1ca1       0x1  cntrl.o [1]
  .bss               zero     0x2000'1ca2       0x1  cntrl.o [1]
  .bss               zero     0x2000'1ca3       0x1  cntrl.o [1]
  .bss               zero     0x2000'1ca4       0x1  cntrl.o [1]
  .bss               zero     0x2000'1ca5       0x1  cntrl.o [1]
  .bss               zero     0x2000'1ca6       0x1  cntrl.o [1]
  .bss               zero     0x2000'1ca7       0x1  cntrl.o [1]
  .bss               zero     0x2000'1ca8       0x1  cntrl.o [1]
  .bss               zero     0x2000'1ca9       0x1  cntrl.o [1]
  .bss               zero     0x2000'1caa       0x1  cntrl.o [1]
  .bss               zero     0x2000'1cab       0x1  cntrl.o [1]
  .bss               zero     0x2000'1cac       0x1  cntrl.o [1]
  .bss               zero     0x2000'1cad       0x1  cntrl.o [1]
  .bss               zero     0x2000'1cae       0x1  cntrl.o [1]
  .bss               zero     0x2000'1caf       0x1  cntrl.o [1]
  .bss               zero     0x2000'1cb0       0x1  error.o [1]
  .bss               zero     0x2000'1cb1       0x1  error.o [1]
  .bss               zero     0x2000'1cb2       0x1  hlld.o [1]
  .bss               zero     0x2000'1cb3       0x1  hlld.o [1]
  .bss               zero     0x2000'1cb4       0x1  hlld.o [1]
  .bss               zero     0x2000'1cb5       0x1  key_polling.o [1]
  .bss               zero     0x2000'1cb6       0x1  key_polling.o [1]
  .bss               zero     0x2000'1cb7       0x1  key_polling.o [1]
  .bss               zero     0x2000'1cb8       0x1  MG90_SERVOMOTOR.o [1]
  .bss               zero     0x2000'1cb9       0x1  pump.o [1]
  .bss               zero     0x2000'1cba       0x1  pump.o [1]
  .bss               zero     0x2000'1cbb       0x1  pump.o [1]
  .bss               zero     0x2000'1cbc       0x1  pump.o [1]
  .bss               zero     0x2000'1cbd       0x1  pump.o [1]
  .bss               zero     0x2000'1cbe       0x1  pump.o [1]
  .bss               zero     0x2000'1cbf       0x1  pump.o [1]
  .bss               zero     0x2000'1cc0       0x1  SE655_Barcode.o [1]
  .bss               zero     0x2000'1cc1       0x1  SE655_Barcode.o [1]
  .bss               zero     0x2000'1cc2       0x1  SE655_Barcode.o [1]
  .bss               zero     0x2000'1cc3       0x1  SE655_Barcode.o [1]
  .bss               zero     0x2000'1cc4       0x1  SE655_Barcode.o [1]
  .bss               zero     0x2000'1cc5       0x1  SE655_Barcode.o [1]
  .bss               zero     0x2000'1cc6       0x1  SE655_Barcode.o [1]
  .bss               zero     0x2000'1cc7       0x1  SE655_Barcode.o [1]
  .bss               zero     0x2000'1cc8       0x1  shake.o [1]
  .bss               zero     0x2000'1cc9       0x1  shake.o [1]
  .bss               zero     0x2000'1cca       0x1  sq.o [1]
  .bss               zero     0x2000'1ccb       0x1  sq.o [1]
  .bss               zero     0x2000'1ccc       0x1  sq.o [1]
  .bss               zero     0x2000'1ccd       0x1  sq.o [1]
  .bss               zero     0x2000'1cce       0x1  sq.o [1]
  .bss               zero     0x2000'1ccf       0x1  sq.o [1]
  .bss               zero     0x2000'1cd0       0x1  sq.o [1]
  .bss               zero     0x2000'1cd1       0x1  sq.o [1]
  .bss               zero     0x2000'1cd2       0x1  sq.o [1]
  .bss               zero     0x2000'1cd3       0x1  sq.o [1]
  .bss               zero     0x2000'1cd4       0x1  sq.o [1]
  .bss               zero     0x2000'1cd5       0x1  sq.o [1]
  .bss               zero     0x2000'1cd6       0x1  sq.o [1]
  .bss               zero     0x2000'1cd7       0x1  sq.o [1]
  .bss               zero     0x2000'1cd8       0x1  sq.o [1]
  .bss               zero     0x2000'1cd9       0x1  sq.o [1]
  .bss               zero     0x2000'1cda       0x1  sq.o [1]
  .bss               zero     0x2000'1cdb       0x1  stepping.o [1]
  .bss               zero     0x2000'1cdc       0x1  stepping_edb_ctrl.o [1]
  .bss               zero     0x2000'1cdd       0x1  stepping_edb_ctrl.o [1]
  .bss               zero     0x2000'1cde       0x1  stepping_edb_ctrl.o [1]
  .bss               zero     0x2000'1cdf       0x1  stm32f1xx_hal_spi_ex.o [1]
  .bss               zero     0x2000'1ce0       0x1  sys_func.o [1]
  .bss               zero     0x2000'1ce1       0x1  sys_func.o [1]
  .bss               zero     0x2000'1ce2       0x1  sys_func.o [1]
  .bss               zero     0x2000'1ce3       0x1  sys_func.o [1]
  .bss               zero     0x2000'1ce4       0x1  sys_func.o [1]
  .bss               zero     0x2000'1ce5       0x1  timer.o [1]
  .bss               zero     0x2000'1ce6       0x1  timer.o [1]
  .bss               zero     0x2000'1ce7       0x1  timer.o [1]
  .bss               zero     0x2000'1ce8       0x1  timer.o [1]
  .bss               zero     0x2000'1ce9       0x1  timer.o [1]
  .bss               zero     0x2000'1cea       0x1  uart_pc.o [1]
  .bss               zero     0x2000'1ceb       0x1  uart_pc.o [1]
  .bss               zero     0x2000'1cec       0x1  uart_pc.o [1]
  .bss               zero     0x2000'1ced       0x1  uart_pc.o [1]
  .bss               zero     0x2000'1cee       0x1  uart_pc.o [1]
                            - 0x2000'1cef    0x17bb

"P2", part 3 of 3:                           0x1000
  CSTACK                      0x2000'1cf0    0x1000  <Block>
    CSTACK           uninit   0x2000'1cf0    0x1000  <Block tail>
                            - 0x2000'2cf0    0x1000

Unused ranges:

         From           To      Size
         ----           --      ----
   0x801'97ac   0x807'ffff  0x6'6854
  0x2000'2cf0  0x2000'ffff    0xd310


*******************************************************************************
*** INIT TABLE
***

          Address      Size
          -------      ----
Zero (__iar_zero_init3)
    1 destination range, total size 0x17bb:
          0x2000'0534  0x17bb

Copy/lz77 (__iar_lz77_init_single3)
    1 source range, total size 0x23c (42% of destination):
           0x801'9570   0x23c
    1 destination range, total size 0x534:
          0x2000'0000   0x534



*******************************************************************************
*** MODULE SUMMARY
***

    Module                  ro code  ro data  rw data
    ------                  -------  -------  -------
command line/config:
    -------------------------------------------------
    Total:

D:\Github\sb3\S-Blot-3_Ereatec_queueEdit\EWARM\KBlot_supreme_I\Obj: [1]
    17HS3410_Dspin.o            572                 4
    C3000_SYRINGE.o           2'132       60      144
    MG90_SERVOMOTOR.o         1'492       15      133
    SE655_Barcode.o           2'036       31      300
    adc.o                       488                78
    cam_led.o                 1'164               120
    cntrl.o                  14'144      213       79
    eeprom_ctrl.o               900               180
    error.o                     288        1       25
    event.o                     204               104
    hlld.o                    3'684       21       75
    hsAT24_EEPROM.o             648        7       68
    hs_Common_Utill.o           272                60
    key_polling.o               296        3       15
    main.o                    1'384                48
    pump.o                    3'448        8      228
    shake.o                   2'540       15      182
    sq.o                      7'812       49    1'459
    startup_stm32f103xe.o       548
    stepping.o                   68                65
    stepping_edb_ctrl.o       8'364       81      376
    stm32f1xx_hal.o             124                 4
    stm32f1xx_hal_adc.o       1'748
    stm32f1xx_hal_cortex.o      448
    stm32f1xx_hal_dma.o       2'598
    stm32f1xx_hal_gpio.o      1'032
    stm32f1xx_hal_i2c.o       2'042
    stm32f1xx_hal_msp.o       1'364                56
    stm32f1xx_hal_rcc.o       2'896       34
    stm32f1xx_hal_rcc_ex.o      644       18
    stm32f1xx_hal_spi.o       2'160
    stm32f1xx_hal_spi_ex.o      184                 1
    stm32f1xx_hal_tim.o       2'030
    stm32f1xx_hal_tim_ex.o       96
    stm32f1xx_hal_uart.o      2'076
    stm32f1xx_it.o              104
    sys_func.o                1'956      410      901
    system_stm32f1xx.o           88        2        4
    timer.o                   1'296       87      693
    uart_pc.o                 2'400       76    1'873
    -------------------------------------------------
    Total:                   77'770    1'131    7'275

dl7M_tlf.a: [2]
    abort.o                       6
    exit.o                        4
    iar_Stoflt.o                440
    iar_Stollx.o                166
    iar_Stopfx.o                290
    iar_Stoullx.o               434       80
    iar_Stoulx.o                332       80
    iar_Stoxflt.o               520
    isalpha.o                    20
    isspace.o                    20
    low_level_init.o              4
    snprintf.o                   68
    sprintf.o                    64
    sscanf.o                     40
    tolower.o                    20
    wctob.o                      52
    xencoding_8859_1.o           38
    xfail_s.o                    64                 4
    xlocale_c.o                 264       59      128
    xmbcurmax.o                  10
    xprintffull.o             4'294
    xscanffull.o              3'884      116
    xsnprout.o                   26
    xsprout.o                    10
    xsscin.o                     30
    -------------------------------------------------
    Total:                   11'100      335      132

m7M_tl.a: [3]
    DblAdd.o                    378
    DblCmpGe.o                   46
    DblCmpLe.o                   46
    DblDiv.o                    582
    DblMul.o                    418
    DblSub.o                    226
    DblToFlt.o                  104
    DblToS32.o                   58
    DblToU32.o                   40
    FltAdd.o                    214
    FltCmpLe.o                   36
    FltDiv.o                    252
    FltMul.o                    216
    FltSub.o                    128
    FltToDbl.o                   72
    FltToU32.o                   34
    S32ToDbl.o                   34
    S32ToFlt.o                   36
    U32ToDbl.o                   26
    frexp.o                     112
    ldexp.o                     314
    strto64.o                 1'032       72
    -------------------------------------------------
    Total:                    4'404       72

rt7M_tl.a: [4]
    ABImemcpy.o                 166
    ABImemset.o                 102
    I64DivMod.o                 560
    I64DivZer.o                   2
    cexit.o                      10
    cmain.o                      30
    cstartup_M.o                 12
    data_init.o                  40
    lz77_init_single.o          120
    memchr.o                     88
    memset.o                     20
    strchr.o                     22
    strlen.o                     54
    zero_init3.o                 58
    -------------------------------------------------
    Total:                    1'284

shb_l.a: [5]
    exit.o                       20
    -------------------------------------------------
    Total:                       20

    Gaps                         22        2
    Linker created                        32    4'096
-----------------------------------------------------
    Grand Total:             94'600    1'572   11'503


*******************************************************************************
*** ENTRY LIST
***

Entry                       Address    Size  Type      Object
-----                       -------    ----  ----      ------
.iar.init_table$$Base    0x801'9208           --   Gb  - Linker created -
.iar.init_table$$Limit   0x801'9228           --   Gb  - Linker created -
?main                    0x801'9289          Code  Gb  cmain.o [4]
ACKBuf                  0x2000'1b78     0xc  Data  Gb  pump.o [1]
ACK_BUF_LENGTH          0x2000'1c72     0x2  Data  Gb  pump.o [1]
ADC_ConversionStop_Disable
                         0x801'20b1    0x4a  Code  Gb  stm32f1xx_hal_adc.o [1]
ADC_Enable               0x801'200d    0x6e  Code  Gb  stm32f1xx_hal_adc.o [1]
Air_temp_res            0x2000'1bb0     0x4  Data  Gb  adc.o [1]
Air_temp_res_vol         0x800'f431    0xbc  Code  Gb  adc.o [1]
BSP_AT24_I2C_Read        0x801'260d    0x60  Code  Gb  hsAT24_EEPROM.o [1]
BSP_AT24_I2C_Write       0x801'25ad    0x60  Code  Gb  hsAT24_EEPROM.o [1]
BusFault_Handler         0x801'8f6b     0x2  Code  Gb  stm32f1xx_it.o [1]
C3000_send_command       0x800'a19d   0x124  Code  Gb  C3000_SYRINGE.o [1]
C3000_srige_oper         0x800'9eeb   0x21a  Code  Gb  C3000_SYRINGE.o [1]
CLLD_VOL_Check          0x2000'1cb3     0x1  Data  Gb  hlld.o [1]
CSTACK$$Base            0x2000'1cf0           --   Gb  - Linker created -
CSTACK$$Limit           0x2000'2cf0           --   Gb  - Linker created -
CacheMore                0x801'6e91    0x28  Code  Lc  xlocale_c.o [2]
DMA1_Channel4_IRQHandler
                         0x801'8faf     0xa  Code  Gb  stm32f1xx_it.o [1]
DMA_SetConfig            0x801'375d    0x22  Code  Lc  stm32f1xx_hal_dma.o [1]
DebugMon_Handler         0x801'8f6f     0x2  Code  Gb  stm32f1xx_it.o [1]
Dtentox                  0x801'7535   0x1fc  Code  Lc  strto64.o [3]
EDBReceivPacket         0x2000'1950    0x34  Data  Gb  stepping_edb_ctrl.o [1]
EDBSendPacket           0x2000'1b84     0xc  Data  Gb  stepping_edb_ctrl.o [1]
EDB_QueReset             0x800'746d    0x2c  Code  Gb  stepping_edb_ctrl.o [1]
EDB_QueueHaveSize        0x800'7499    0x30  Code  Gb  stepping_edb_ctrl.o [1]
EDB_ReceivPacketExec     0x800'7755   0x214  Code  Gb  stepping_edb_ctrl.o [1]
EDB_ReceiveGetQue        0x800'743b    0x32  Code  Gb  stepping_edb_ctrl.o [1]
EDB_ReceivePutQue        0x800'740d    0x2e  Code  Gb  stepping_edb_ctrl.o [1]
Get_EDB_ReceivPacketHandle
                         0x800'76e5    0x70  Code  Gb  stepping_edb_ctrl.o [1]
Get_SYRINGE_ReceivPacketHandle
                         0x800'a2e7    0x60  Code  Gb  C3000_SYRINGE.o [1]
HAL_ADC_ConfigChannel    0x801'1e5d   0x1ac  Code  Gb  stm32f1xx_hal_adc.o [1]
HAL_ADC_GetValue         0x801'1e57     0x6  Code  Gb  stm32f1xx_hal_adc.o [1]
HAL_ADC_Init             0x801'1a29   0x16e  Code  Gb  stm32f1xx_hal_adc.o [1]
HAL_ADC_MspInit          0x801'286d    0xa4  Code  Gb  stm32f1xx_hal_msp.o [1]
HAL_ADC_PollForConversion
                         0x801'1cf5   0x162  Code  Gb  stm32f1xx_hal_adc.o [1]
HAL_ADC_Start            0x801'1b97   0x122  Code  Gb  stm32f1xx_hal_adc.o [1]
HAL_ADC_Stop             0x801'1cb9    0x3c  Code  Gb  stm32f1xx_hal_adc.o [1]
HAL_DMA_IRQHandler       0x801'2e21   0x8fc  Code  Gb  stm32f1xx_hal_dma.o [1]
HAL_DMA_Init             0x801'2d59    0x5a  Code  Gb  stm32f1xx_hal_dma.o [1]
HAL_DMA_Start_IT         0x801'2db3    0x6e  Code  Gb  stm32f1xx_hal_dma.o [1]
HAL_Delay                0x800'ed15    0x18  Code  Wk  stm32f1xx_hal.o [1]
HAL_GPIO_DeInit          0x800'eb4b   0x146  Code  Gb  stm32f1xx_hal_gpio.o [1]
HAL_GPIO_Init            0x800'e90d   0x23e  Code  Gb  stm32f1xx_hal_gpio.o [1]
HAL_GPIO_ReadPin         0x800'ec91    0x16  Code  Gb  stm32f1xx_hal_gpio.o [1]
HAL_GPIO_TogglePin       0x800'ecc1     0xc  Code  Gb  stm32f1xx_hal_gpio.o [1]
HAL_GPIO_WritePin        0x800'eca7    0x1a  Code  Gb  stm32f1xx_hal_gpio.o [1]
HAL_GetTick              0x801'1a1d     0xc  Code  Wk  stm32f1xx_hal.o [1]
HAL_I2C_Init             0x801'6631    0xb6  Code  Gb  stm32f1xx_hal_i2c.o [1]
HAL_I2C_Mem_Read         0x801'680d   0x238  Code  Gb  stm32f1xx_hal_i2c.o [1]
HAL_I2C_Mem_Write        0x801'66f1   0x11c  Code  Gb  stm32f1xx_hal_i2c.o [1]
HAL_I2C_MspInit          0x801'2911    0x40  Code  Gb  stm32f1xx_hal_msp.o [1]
HAL_IncTick              0x801'8fd1    0x10  Code  Wk  stm32f1xx_hal.o [1]
HAL_Init                 0x801'8e89    0x20  Code  Gb  stm32f1xx_hal.o [1]
HAL_InitTick             0x801'6e2b    0x24  Code  Wk  stm32f1xx_hal.o [1]
HAL_MspInit              0x801'2805    0x68  Code  Gb  stm32f1xx_hal_msp.o [1]
HAL_NVIC_DisableIRQ      0x800'f2d3     0xe  Code  Gb  stm32f1xx_hal_cortex.o [1]
HAL_NVIC_EnableIRQ       0x800'f2c5     0xe  Code  Gb  stm32f1xx_hal_cortex.o [1]
HAL_NVIC_SetPriority     0x800'f29b    0x2a  Code  Gb  stm32f1xx_hal_cortex.o [1]
HAL_NVIC_SetPriorityGrouping
                         0x800'f28f     0xc  Code  Gb  stm32f1xx_hal_cortex.o [1]
HAL_NVIC_SystemReset     0x800'f2e1     0x8  Code  Gb  stm32f1xx_hal_cortex.o [1]
HAL_RCCEx_GetPeriphCLKFreq
                         0x801'63eb   0x140  Code  Gb  stm32f1xx_hal_rcc_ex.o [1]
HAL_RCCEx_PeriphCLKConfig
                         0x801'62d5   0x116  Code  Gb  stm32f1xx_hal_rcc_ex.o [1]
HAL_RCC_ClockConfig      0x801'3e6d   0x336  Code  Gb  stm32f1xx_hal_rcc.o [1]
HAL_RCC_GetHCLKFreq      0x801'422d    0x26  Code  Gb  stm32f1xx_hal_rcc.o [1]
HAL_RCC_GetPCLK1Freq     0x801'4253    0x20  Code  Gb  stm32f1xx_hal_rcc.o [1]
HAL_RCC_GetPCLK2Freq     0x801'4273    0x20  Code  Gb  stm32f1xx_hal_rcc.o [1]
HAL_RCC_GetSysClockFreq
                         0x801'41a3    0x8a  Code  Gb  stm32f1xx_hal_rcc.o [1]
HAL_RCC_OscConfig        0x801'3785   0x6e8  Code  Gb  stm32f1xx_hal_rcc.o [1]
HAL_SPI_GetState         0x801'0a07     0x6  Code  Gb  stm32f1xx_hal_spi.o [1]
HAL_SPI_Init             0x801'01d9    0x8c  Code  Gb  stm32f1xx_hal_spi_ex.o [1]
HAL_SPI_MspInit          0x801'2951    0x56  Code  Gb  stm32f1xx_hal_msp.o [1]
HAL_SPI_Receive          0x801'045f   0x24c  Code  Gb  stm32f1xx_hal_spi.o [1]
HAL_SPI_Transmit         0x801'0291   0x1ce  Code  Gb  stm32f1xx_hal_spi.o [1]
HAL_SPI_TransmitReceive
                         0x801'06ab   0x35c  Code  Gb  stm32f1xx_hal_spi.o [1]
HAL_SYSTICK_CLKSourceConfig
                         0x800'f2f5    0x1c  Code  Gb  stm32f1xx_hal_cortex.o [1]
HAL_SYSTICK_Callback     0x800'ddd7    0x10  Code  Gb  timer.o [1]
HAL_SYSTICK_Config       0x800'f2e9     0xc  Code  Gb  stm32f1xx_hal_cortex.o [1]
HAL_SYSTICK_IRQHandler   0x800'f33d     0x8  Code  Gb  stm32f1xx_hal_cortex.o [1]
HAL_TIMEx_BreakCallback
                         0x801'42db     0x2  Code  Wk  stm32f1xx_hal_tim_ex.o [1]
HAL_TIMEx_CommutationCallback
                         0x801'42df     0x2  Code  Wk  stm32f1xx_hal_tim_ex.o [1]
HAL_TIMEx_MasterConfigSynchronization
                         0x801'16e5    0x5a  Code  Gb  stm32f1xx_hal_tim_ex.o [1]
HAL_TIM_Base_Init        0x801'0efd    0x38  Code  Gb  stm32f1xx_hal_tim.o [1]
HAL_TIM_Base_MspInit     0x801'29f5    0x32  Code  Gb  stm32f1xx_hal_msp.o [1]
HAL_TIM_Base_Start_IT    0x801'0f35    0x1e  Code  Gb  stm32f1xx_hal_tim.o [1]
HAL_TIM_ConfigClockSource
                         0x801'12d7   0x11c  Code  Gb  stm32f1xx_hal_tim.o [1]
HAL_TIM_IRQHandler       0x801'1061   0x176  Code  Gb  stm32f1xx_hal_tim.o [1]
HAL_TIM_PWM_ConfigChannel
                         0x801'11d7   0x100  Code  Gb  stm32f1xx_hal_tim.o [1]
HAL_TIM_PWM_Init         0x801'0f53    0x38  Code  Gb  stm32f1xx_hal_tim.o [1]
HAL_TIM_PWM_MspInit      0x801'29a7    0x4e  Code  Gb  stm32f1xx_hal_msp.o [1]
HAL_TIM_PWM_Start        0x801'0f8b    0x4c  Code  Gb  stm32f1xx_hal_tim.o [1]
HAL_TIM_PWM_Stop         0x801'0fd7    0x82  Code  Gb  stm32f1xx_hal_tim.o [1]
HAL_TIM_PeriodElapsedCallback
                         0x800'de47    0x38  Code  Gb  timer.o [1]
HAL_UART_DeInit          0x800'fa31    0x4a  Code  Gb  stm32f1xx_hal_uart.o [1]
HAL_UART_IRQHandler      0x800'fca3   0x168  Code  Gb  stm32f1xx_hal_uart.o [1]
HAL_UART_Init            0x800'f9c1    0x70  Code  Gb  stm32f1xx_hal_uart.o [1]
HAL_UART_MspDeInit       0x801'2c4b    0xbe  Code  Gb  stm32f1xx_hal_msp.o [1]
HAL_UART_MspInit         0x801'2a27   0x224  Code  Gb  stm32f1xx_hal_msp.o [1]
HAL_UART_Receive_IT      0x800'fb75    0x88  Code  Gb  stm32f1xx_hal_uart.o [1]
HAL_UART_RxCpltCallback
                         0x800'e15d    0x24  Code  Gb  uart_pc.o [1]
HAL_UART_Transmit        0x800'fa7b    0xfa  Code  Gb  stm32f1xx_hal_uart.o [1]
HAL_UART_Transmit_DMA    0x800'fbfd    0xa6  Code  Gb  stm32f1xx_hal_uart.o [1]
HAL_UART_TxCpltCallback
                         0x800'e5b9    0x10  Code  Gb  uart_pc.o [1]
Handle_GUI_LLD_FWDownloadStream
                         0x800'e039    0xe0  Code  Gb  uart_pc.o [1]
I2C_Configure_Speed      0x801'6c3b    0x5c  Code  Lc  stm32f1xx_hal_i2c.o [1]
I2C_Mem_Read            0x2000'0004     0x4  Data  Gb  hsAT24_EEPROM.o [1]
I2C_Mem_Write           0x2000'0000     0x4  Data  Gb  hsAT24_EEPROM.o [1]
I2C_RequestMemoryRead    0x801'6b13   0x128  Code  Lc  stm32f1xx_hal_i2c.o [1]
I2C_RequestMemoryWrite   0x801'6a55    0xbe  Code  Lc  stm32f1xx_hal_i2c.o [1]
I2C_WaitOnFlagUntilTimeout
                         0x801'6ca5    0xdc  Code  Lc  stm32f1xx_hal_i2c.o [1]
I2C_WaitOnMasterAddressFlagUntilTimeout
                         0x801'6d81    0xaa  Code  Lc  stm32f1xx_hal_i2c.o [1]
LLD_VER_Buf_H           0x2000'1be4     0x4  Data  Gb  hlld.o [1]
LLD_VER_Buf_L           0x2000'1be8     0x4  Data  Gb  hlld.o [1]
LLD_homeing_flag        0x2000'1c9e     0x1  Data  Gb  cntrl.o [1]
MX_ADC2_Init             0x801'8c2d    0x3e  Code  Lc  main.o [1]
MX_ADC3_Init             0x800'f345    0x3e  Code  Gb  adc.o [1]
MX_DMA_Init              0x801'8c05    0x28  Code  Lc  main.o [1]
MX_GPIO_Init             0x801'8c6b   0x1c6  Code  Lc  main.o [1]
MX_I2C1_Init             0x801'257d    0x30  Code  Gb  hsAT24_EEPROM.o [1]
MX_SPI1_Init             0x800'8035    0x4e  Code  Gb  shake.o [1]
MX_TIM2_Init             0x800'dde7    0x56  Code  Gb  timer.o [1]
MX_TIM4_Init             0x800'8a21    0x54  Code  Gb  MG90_SERVOMOTOR.o [1]
MX_USART1_UART_Init      0x800'dfdd    0x3e  Code  Gb  uart_pc.o [1]
MX_USART2_UART_Init      0x800'a725    0x3e  Code  Gb  SE655_Barcode.o [1]
MX_USART3_UART_Init      0x800'a105    0x46  Code  Gb  C3000_SYRINGE.o [1]
MX_USART4_UART_Init      0x801'8ead    0x44  Code  Gb  stepping.o [1]
MX_USART5_UART_Init      0x800'8ff5    0x3e  Code  Gb  pump.o [1]
MemManage_Handler        0x801'8f69     0x2  Code  Gb  stm32f1xx_it.o [1]
NVIC_DisableIRQ          0x800'9d85    0x18  Code  Lc  C3000_SYRINGE.o [1]
NVIC_DisableIRQ          0x800'f8c7    0x16  Code  Lc  hs_Common_Utill.o [1]
NVIC_DisableIRQ          0x800'5929    0x18  Code  Lc  stepping_edb_ctrl.o [1]
NVIC_DisableIRQ          0x800'f1c3    0x16  Code  Lc  stm32f1xx_hal_cortex.o [1]
NVIC_DisableIRQ          0x800'dfc5    0x18  Code  Lc  uart_pc.o [1]
NVIC_EnableIRQ           0x800'9d6d    0x18  Code  Lc  C3000_SYRINGE.o [1]
NVIC_EnableIRQ           0x800'f8b1    0x16  Code  Lc  hs_Common_Utill.o [1]
NVIC_EnableIRQ           0x800'5911    0x18  Code  Lc  stepping_edb_ctrl.o [1]
NVIC_EnableIRQ           0x800'f1ad    0x16  Code  Lc  stm32f1xx_hal_cortex.o [1]
NVIC_EnableIRQ           0x800'dfad    0x18  Code  Lc  uart_pc.o [1]
NVIC_EncodePriority      0x800'f205    0x40  Code  Lc  stm32f1xx_hal_cortex.o [1]
NVIC_GetPriorityGrouping
                         0x800'f1a3     0xa  Code  Lc  stm32f1xx_hal_cortex.o [1]
NVIC_SetPriority         0x800'f1d9    0x2c  Code  Lc  stm32f1xx_hal_cortex.o [1]
NVIC_SetPriorityGrouping
                         0x800'f185    0x1e  Code  Lc  stm32f1xx_hal_cortex.o [1]
NVIC_SystemReset         0x801'8921    0x1e  Code  Lc  main.o [1]
NVIC_SystemReset         0x800'f245    0x1a  Code  Lc  stm32f1xx_hal_cortex.o [1]
New_Pump_Data_Trans_s    0x800'9a37    0x20  Code  Gb  pump.o [1]
New_Pump_Reset           0x800'924d    0x46  Code  Gb  pump.o [1]
New_Pump_RollBack        0x800'91e1    0x6c  Code  Gb  pump.o [1]
New_Pump_Run             0x800'9175    0x6c  Code  Gb  pump.o [1]
PCtoSub                 0x2000'1ced     0x1  Data  Gb  uart_pc.o [1]
PRIME_homeing_flag      0x2000'1c9f     0x1  Data  Gb  cntrl.o [1]
Region$$Table$$Base      0x801'9208           --   Gb  - Linker created -
Region$$Table$$Limit     0x801'9228           --   Gb  - Linker created -
SPI_ISCRCErrorValid      0x801'0265    0x22  Code  Gb  stm32f1xx_hal_spi_ex.o [1]
SPI_WaitOnFlagUntilTimeout
                         0x801'0a0d    0xf4  Code  Lc  stm32f1xx_hal_spi.o [1]
SUBMatchIdx             0x2000'1cbe     0x1  Data  Gb  pump.o [1]
SUB_FW_DOWN_MODE        0x2000'1cbb     0x1  Data  Gb  pump.o [1]
SUB_TOTAL_LENGTH        0x2000'1c74     0x2  Data  Gb  pump.o [1]
SYRINGE_QueHaveDataSize
                         0x800'9e2b    0x30  Code  Gb  C3000_SYRINGE.o [1]
SYRINGE_QueReset         0x800'9dfd    0x2e  Code  Gb  C3000_SYRINGE.o [1]
SYRINGE_ReceivPacketExec
                         0x800'a351    0x36  Code  Gb  C3000_SYRINGE.o [1]
SYRINGE_ReceiveGetQue    0x800'9dcb    0x32  Code  Gb  C3000_SYRINGE.o [1]
SYRINGE_ReceivePutQue    0x800'9d9d    0x2e  Code  Gb  C3000_SYRINGE.o [1]
Sample_LLD_ClearEvents   0x800'dc6b    0x8e  Code  Gb  timer.o [1]
Sample_LLD_ClearPrimeEvents
                         0x800'dcf9    0x8c  Code  Gb  timer.o [1]
Se655_Barcode_Init       0x800'a64d    0xd8  Code  Gb  SE655_Barcode.o [1]
SubToPC                 0x2000'1cbc     0x1  Data  Gb  pump.o [1]
Syringe_485_Direction_Set
                         0x800'9ed7    0x14  Code  Gb  C3000_SYRINGE.o [1]
Syringe_Que_Handle      0x2000'17ec    0x3c  Data  Gb  C3000_SYRINGE.o [1]
SysTick_Config           0x800'f25f    0x30  Code  Lc  stm32f1xx_hal_cortex.o [1]
SysTick_Handler          0x801'8f71     0xc  Code  Gb  stm32f1xx_it.o [1]
SystemClock_Config       0x801'8b8d    0x78  Code  Gb  main.o [1]
SystemCoreClock         0x2000'048c     0x4  Data  Gb  system_stm32f1xx.o [1]
SystemInit               0x801'8fe1    0x3c  Code  Gb  system_stm32f1xx.o [1]
THERMISTOR1_INT          0x800'f39d    0x94  Code  Gb  adc.o [1]
TIM2_IRQHandler          0x800'de3d     0xa  Code  Gb  timer.o [1]
TIM_Base_SetConfig       0x801'13f3    0x88  Code  Gb  stm32f1xx_hal_tim.o [1]
TIM_CCxChannelCmd        0x801'16c7    0x1c  Code  Gb  stm32f1xx_hal_tim.o [1]
TIM_ETR_SetConfig        0x801'16ad    0x1a  Code  Lc  stm32f1xx_hal_tim.o [1]
TIM_ITRx_SetConfig       0x801'1693    0x1a  Code  Lc  stm32f1xx_hal_tim.o [1]
TIM_OC1_SetConfig        0x801'147b    0x6c  Code  Lc  stm32f1xx_hal_tim.o [1]
TIM_OC2_SetConfig        0x801'14e7    0x7a  Code  Gb  stm32f1xx_hal_tim.o [1]
TIM_OC3_SetConfig        0x801'1561    0x74  Code  Lc  stm32f1xx_hal_tim.o [1]
TIM_OC4_SetConfig        0x801'15d5    0x58  Code  Lc  stm32f1xx_hal_tim.o [1]
TIM_TI1_ConfigInputStage
                         0x801'1641    0x28  Code  Lc  stm32f1xx_hal_tim.o [1]
TIM_TI2_ConfigInputStage
                         0x801'1669    0x2a  Code  Lc  stm32f1xx_hal_tim.o [1]
UART2_Barcode_RxCpltCallback
                         0x800'a77d    0x32  Code  Gb  SE655_Barcode.o [1]
UART3_ReInit             0x800'a14b    0x42  Code  Gb  C3000_SYRINGE.o [1]
UART4_IRQHandler         0x801'8f9b     0xa  Code  Gb  stm32f1xx_it.o [1]
UART4_ReInit             0x800'74f3    0x42  Code  Gb  stepping_edb_ctrl.o [1]
UART5_IRQHandler         0x801'8fa5     0xa  Code  Gb  stm32f1xx_it.o [1]
UART5_QueHaveDataSize    0x800'f987    0x2e  Code  Gb  hs_Common_Utill.o [1]
UART5_QueReset           0x800'f95b    0x2c  Code  Gb  hs_Common_Utill.o [1]
UART5_ReInit             0x800'912b    0x42  Code  Gb  pump.o [1]
UART5_ReceiveGetQue      0x800'f92b    0x30  Code  Gb  hs_Common_Utill.o [1]
UART5_ReceivePutQue      0x800'f8ff    0x2c  Code  Gb  hs_Common_Utill.o [1]
UART_Barcode_RxCpltCallback
                         0x800'a8c7    0x12  Code  Gb  SE655_Barcode.o [1]
UART_DMAError            0x800'fe51    0x24  Code  Lc  stm32f1xx_hal_uart.o [1]
UART_DMATransmitCplt     0x800'fe0d    0x34  Code  Lc  stm32f1xx_hal_uart.o [1]
UART_DMATxHalfCplt       0x800'fe41     0xe  Code  Lc  stm32f1xx_hal_uart.o [1]
UART_EndTransmit_IT      0x800'ffd1    0x3c  Code  Lc  stm32f1xx_hal_uart.o [1]
UART_PC_RxCpltCallback   0x800'e119    0x44  Code  Gb  uart_pc.o [1]
UART_Pump_LLD_RxCpltCallback
                         0x800'9033    0xf8  Code  Gb  pump.o [1]
UART_Receive_IT          0x801'000d    0xc4  Code  Lc  stm32f1xx_hal_uart.o [1]
UART_SetConfig           0x801'00d1    0xfe  Code  Lc  stm32f1xx_hal_uart.o [1]
UART_StepMotor_RxCpltCallback
                         0x800'74c9    0x2a  Code  Gb  stepping_edb_ctrl.o [1]
UART_Syringe_RxCpltCallback
                         0x800'a2c1    0x26  Code  Gb  C3000_SYRINGE.o [1]
UART_Transmit_IT         0x800'ff59    0x78  Code  Lc  stm32f1xx_hal_uart.o [1]
UART_WaitOnFlagUntilTimeout
                         0x800'fe75    0xe4  Code  Lc  stm32f1xx_hal_uart.o [1]
USART1_IRQHandler        0x801'8f7d     0xa  Code  Gb  stm32f1xx_it.o [1]
USART2_IRQHandler        0x801'8f87     0xa  Code  Gb  stm32f1xx_it.o [1]
USART3_IRQHandler        0x801'8f91     0xa  Code  Gb  stm32f1xx_it.o [1]
UsageFault_Handler       0x801'8f6d     0x2  Code  Gb  stm32f1xx_it.o [1]
_Encoding_8859_1_Mbrlen
                         0x801'0b35     0x2  Code  Gb  xencoding_8859_1.o [2]
_Encoding_8859_1_Mbtowc
                         0x801'0b2d     0x8  Code  Gb  xencoding_8859_1.o [2]
_Encoding_8859_1_Wctomb
                         0x801'0b1b    0x12  Code  Gb  xencoding_8859_1.o [2]
_Get                     0x801'53a9    0x12  Code  Lc  xscanffull.o [2]
_GetN                    0x801'53bb    0x22  Code  Lc  xscanffull.o [2]
_GetstrFull              0x801'5ff1   0x294  Code  Lc  xscanffull.o [2]
_LitobFull               0x801'51f3   0x10a  Code  Lc  xprintffull.o [2]
_LocaleC_isalpha         0x801'6e57     0xc  Code  Gb  xlocale_c.o [2]
_LocaleC_islower         0x801'6e51     0x4  Code  Gb  xlocale_c.o [2]
_LocaleC_isspace         0x801'6e6d    0x14  Code  Gb  xlocale_c.o [2]
_LocaleC_isupper         0x801'6e55     0x2  Code  Gb  xlocale_c.o [2]
_LocaleC_tolower         0x801'6e81     0xc  Code  Gb  xlocale_c.o [2]
_Locale_lconv           0x2000'0498    0x38  Data  Lc  xlocale_c.o [2]
_PrintfFull              0x801'42e1   0xcc2  Code  Gb  xprintffull.o [2]
_PutcharsFull            0x801'5365    0x2e  Code  Lc  xprintffull.o [2]
_PutstrFull              0x801'5133    0xc0  Code  Lc  xprintffull.o [2]
_PuttxtFull              0x801'5027   0x10c  Code  Lc  xprintffull.o [2]
_SNProut                 0x801'0e7b    0x1a  Code  Gb  xsnprout.o [2]
_SProut                  0x801'0ecf     0xa  Code  Gb  xsprout.o [2]
_SScin                   0x801'0ce3    0x1e  Code  Gb  xsscin.o [2]
_ScanfFull               0x801'53f9   0xb7c  Code  Gb  xscanffull.o [2]
_UngetN                  0x801'53dd    0x1a  Code  Lc  xscanffull.o [2]
__aeabi_cdcmple          0x801'7079          Code  Gb  DblCmpLe.o [3]
__aeabi_cdrcmple         0x801'70a9          Code  Gb  DblCmpGe.o [3]
__aeabi_cfcmple          0x800'ef25          Code  Gb  FltCmpLe.o [3]
__aeabi_d2f              0x801'2345          Code  Gb  DblToFlt.o [3]
__aeabi_d2iz             0x801'0e95          Code  Gb  DblToS32.o [3]
__aeabi_d2uiz            0x801'1741          Code  Gb  DblToU32.o [3]
__aeabi_dadd             0x801'0d01          Code  Gb  DblAdd.o [3]
__aeabi_ddiv             0x801'20fd          Code  Gb  DblDiv.o [3]
__aeabi_dmul             0x801'0b41          Code  Gb  DblMul.o [3]
__aeabi_dsub             0x801'23f5          Code  Gb  DblSub.o [3]
__aeabi_f2d              0x801'23ad          Code  Gb  FltToDbl.o [3]
__aeabi_f2uiz            0x801'2559          Code  Gb  FltToU32.o [3]
__aeabi_fdiv             0x800'ed51          Code  Gb  FltDiv.o [3]
__aeabi_fmul             0x800'ee4d          Code  Gb  FltMul.o [3]
__aeabi_fsub             0x801'24d9          Code  Gb  FltSub.o [3]
__aeabi_i2d              0x801'0ed9          Code  Gb  S32ToDbl.o [3]
__aeabi_i2f              0x800'ed2d          Code  Gb  S32ToFlt.o [3]
__aeabi_ldiv0            0x801'7b11          Code  Gb  I64DivZer.o [4]
__aeabi_memcpy           0x801'1825          Code  Gb  ABImemcpy.o [4]
__aeabi_memcpy4          0x801'1845          Code  Gb  ABImemcpy.o [4]
__aeabi_memcpy8          0x801'1845          Code  Gb  ABImemcpy.o [4]
__aeabi_memset           0x800'5871          Code  Gb  ABImemset.o [4]
__aeabi_ui2d             0x801'0b01          Code  Gb  U32ToDbl.o [3]
__aeabi_uldivmod         0x801'721d          Code  Gb  I64DivMod.o [4]
__cmain                  0x801'9289          Code  Gb  cmain.o [4]
__exit                   0x801'801d    0x14  Code  Gb  exit.o [5]
__iar_Fail_s             0x801'6f71    0x1c  Code  Gb  xfail_s.o [2]
__iar_Mbcurmax           0x801'7213     0xa  Code  Gb  xmbcurmax.o [2]
__iar_Memchr             0x801'6fb1          Code  Gb  memchr.o [4]
__iar_Memset             0x800'5871          Code  Gb  ABImemset.o [4]
__iar_Memset_word        0x800'5879          Code  Gb  ABImemset.o [4]
__iar_Sto64              0x801'7731   0x152  Code  Gb  strto64.o [3]
__iar_Stoflt             0x801'7c49   0x1b8  Code  Gb  iar_Stoflt.o [2]
__iar_Stollx             0x801'7a65    0xa0  Code  Gb  iar_Stollx.o [2]
__iar_Stopfx             0x801'7b27   0x122  Code  Gb  iar_Stopfx.o [2]
__iar_Stoullx            0x801'78b1   0x1a4  Code  Gb  iar_Stoullx.o [2]
__iar_Stoulx             0x801'87d5   0x13a  Code  Gb  iar_Stoulx.o [2]
__iar_Stoxflt            0x801'7e01   0x1d2  Code  Gb  iar_Stoxflt.o [2]
__iar_Stoxflt::digits    0x801'7fd8    0x18  Data  Lc  iar_Stoxflt.o [2]
__iar_Stoxflt::vals      0x801'7ff0    0x18  Data  Lc  iar_Stoxflt.o [2]
__iar_Strchr             0x801'6f59          Code  Gb  strchr.o [4]
__iar_dadd               0x801'2405          Code  Gb  DblSub.o [3]
__iar_data_init3         0x801'91e1    0x28  Code  Gb  data_init.o [4]
__iar_dsub               0x801'0d11          Code  Gb  DblAdd.o [3]
__iar_dsubStart          0x801'0d23          Code  Gb  DblAdd.o [3]
__iar_fadd               0x801'24e5          Code  Gb  FltSub.o [3]
__iar_frexp              0x801'7015          Code  Gb  frexp.o [3]
__iar_frexp64            0x801'7009          Code  Gb  frexp.o [3]
__iar_frexpl             0x801'7015          Code  Gb  frexp.o [3]
__iar_fsub               0x801'6559          Code  Gb  FltAdd.o [3]
__iar_fsubStart          0x801'6569          Code  Gb  FltAdd.o [3]
__iar_globLocale        0x2000'04d0    0x48  Data  Lc  xlocale_c.o [2]
__iar_global_Locale      0x801'6e8d     0x4  Code  Gb  xlocale_c.o [2]
__iar_ldexp64            0x801'70d9          Code  Gb  ldexp.o [3]
__iar_lz77_init_single3
                         0x801'8ef1    0x78  Code  Gb  lz77_init_single.o [4]
__iar_program_start      0x801'940d          Code  Gb  cstartup_M.o [4]
__iar_scalbln64          0x801'70d9          Code  Gb  ldexp.o [3]
__iar_scalbn64           0x801'70d9          Code  Gb  ldexp.o [3]
__iar_zero_init3         0x800'58d7    0x3a  Code  Gb  zero_init3.o [4]
__low_level_init         0x801'92a7     0x4  Code  Gb  low_level_init.o [2]
__vector_table           0x800'2000          Data  Gb  startup_stm32f103xe.o [1]
_call_main               0x801'9295          Code  Gb  cmain.o [4]
_exit                    0x801'92b1          Code  Gb  cexit.o [4]
_gLocale_mblen           0x801'6f37     0x4  Code  Gb  xlocale_c.o [2]
_gLocale_mblenInt        0x801'6eb9    0x2c  Code  Gb  xlocale_c.o [2]
_gLocale_mbtowc          0x801'6f3b     0xc  Code  Gb  xlocale_c.o [2]
_gLocale_mbtowcInt       0x801'6ee5    0x42  Code  Gb  xlocale_c.o [2]
_gLocale_wctomb          0x801'6f47     0x4  Code  Gb  xlocale_c.o [2]
_gLocale_wctombInt       0x801'6f33     0x4  Code  Gb  xlocale_c.o [2]
_main                    0x801'92a3          Code  Gb  cmain.o [4]
aAPBAHBPrescTable        0x801'93b8    0x10  Data  Gb  stm32f1xx_hal_rcc.o [1]
abort                    0x801'7b0b     0x6  Code  Gb  abort.o [2]
ack_idx                 0x2000'1cba     0x1  Data  Gb  pump.o [1]
ad_t_cnt                0x2000'0530     0x1  Data  Gb  timer.o [1]
adc_ctrl                 0x800'f383    0x1a  Code  Gb  adc.o [1]
admin_positon_flag      0x2000'1ce4     0x1  Data  Gb  sys_func.o [1]
aging_mode              0x2000'1ccc     0x1  Data  Gb  sq.o [1]
air_temper              0x2000'1c30     0x4  Data  Gb  sys_func.o [1]
all_homeing              0x800'5b6f     0xe  Code  Gb  stepping_edb_ctrl.o [1]
appCfg                  0x2000'1b54     0xc  Data  Gb  eeprom_ctrl.o [1]
app_data_read            0x800'f817    0x18  Code  Gb  eeprom_ctrl.o [1]
app_data_write           0x800'f82f    0x18  Code  Gb  eeprom_ctrl.o [1]
ascii2hex                0x800'e181    0x4e  Code  Gb  uart_pc.o [1]
asp                     0x2000'02b0    0x58  Data  Gb  sys_func.o [1]
asp_cnt                 0x2000'1c99     0x1  Data  Gb  cntrl.o [1]
asp_eve_cnt             0x2000'1c98     0x1  Data  Gb  cntrl.o [1]
asp_flg                 0x2000'1cae     0x1  Data  Gb  cntrl.o [1]
asp_home_init            0x800'8b0d     0xe  Code  Gb  MG90_SERVOMOTOR.o [1]
asp_mt                  0x2000'0008    0x24  Data  Gb  MG90_SERVOMOTOR.o [1]
asp_re_cunt             0x2000'1ca5     0x1  Data  Gb  cntrl.o [1]
asp_roll_back           0x2000'0518     0x2  Data  Gb  cntrl.o [1]
asp_xaixs_init_pos      0x2000'1bc8     0x4  Data  Gb  cntrl.o [1]
atoi                     0x801'8915     0x2  Code  Gb  iar_Stoulx.o [2]
auto_cl                 0x2000'0428    0x60  Data  Gb  sys_func.o [1]
auto_cl_re_cunt         0x2000'1ca6     0x1  Data  Gb  cntrl.o [1]
auto_clean_eve_cnt      0x2000'1c8f     0x1  Data  Gb  cntrl.o [1]
auto_clean_repeat_flg   0x2000'1ce1     0x1  Data  Gb  sys_func.o [1]
auto_prime_flg          0x2000'1ce3     0x1  Data  Gb  sys_func.o [1]
barCfg                  0x2000'1b0c     0xc  Data  Gb  eeprom_ctrl.o [1]
bar_data_checksum       0x2000'1bf4     0x4  Data  Gb  SE655_Barcode.o [1]
bar_index_num_flag      0x2000'1cc7     0x1  Data  Gb  SE655_Barcode.o [1]
bar_indx_oper_flg       0x2000'1cc5     0x1  Data  Gb  SE655_Barcode.o [1]
bar_mem_init             0x800'a613    0x3a  Code  Gb  SE655_Barcode.o [1]
bar_param_read           0x800'f763    0x12  Code  Gb  eeprom_ctrl.o [1]
bar_param_write          0x800'f775    0x12  Code  Gb  eeprom_ctrl.o [1]
bar_pm                  0x2000'002c    0x14  Data  Gb  SE655_Barcode.o [1]
bar_pr                  0x2000'011c    0x5c  Data  Gb  sys_func.o [1]
bar_rack_num            0x2000'1c88     0x1  Data  Gb  cntrl.o [1]
bar_scan_cnt            0x2000'1c89     0x1  Data  Gb  cntrl.o [1]
barcode_data_send        0x800'a763    0x1a  Code  Gb  SE655_Barcode.o [1]
barcode_flag            0x2000'1cc6     0x1  Data  Gb  SE655_Barcode.o [1]
barcode_off              0x800'a8ff    0x1a  Code  Gb  SE655_Barcode.o [1]
barcode_rx_data_buffer  0x2000'125c    0xc8  Data  Gb  SE655_Barcode.o [1]
barcode_triger           0x800'a8d9    0x26  Code  Gb  SE655_Barcode.o [1]
base_time               0x2000'1c08     0x4  Data  Gb  sq.o [1]
bath_xpos_temp          0x2000'1bec     0x4  Data  Gb  MG90_SERVOMOTOR.o [1]
bath_ypos_temp          0x2000'1c18     0x4  Data  Gb  stepping_edb_ctrl.o [1]
bath_zpos_temp          0x2000'1c1c     0x4  Data  Gb  stepping_edb_ctrl.o [1]
beep                     0x800'de7f    0x18  Code  Gb  timer.o [1]
beep_cnt                0x2000'1c40     0x4  Data  Gb  timer.o [1]
beep_duty               0x2000'1ce8     0x1  Data  Gb  timer.o [1]
beep_en                 0x2000'1ce9     0x1  Data  Gb  timer.o [1]
beep_polling             0x800'de97    0x60  Code  Gb  timer.o [1]
beep_tick_cnt           0x2000'1c3c     0x4  Data  Gb  timer.o [1]
br_chr                  0x2000'1cc2     0x1  Data  Gb  SE655_Barcode.o [1]
br_init_pram_ack_chek    0x800'a85f    0x5e  Code  Gb  SE655_Barcode.o [1]
br_init_rs232_read       0x800'a7af    0x24  Code  Gb  SE655_Barcode.o [1]
br_pram_ack_cmp         0x2000'1cc1     0x1  Data  Gb  SE655_Barcode.o [1]
br_read_reflash          0x800'a8bd     0xa  Code  Gb  SE655_Barcode.o [1]
br_read_time             0x800'a819    0x46  Code  Gb  SE655_Barcode.o [1]
br_rs232_read            0x800'a7d3    0x46  Code  Gb  SE655_Barcode.o [1]
br_state                0x2000'1cc0     0x1  Data  Gb  SE655_Barcode.o [1]
button_changed          0x2000'1cb5     0x1  Data  Gb  key_polling.o [1]
c3000_add_checksum       0x800'9e5b    0x24  Code  Gb  C3000_SYRINGE.o [1]
calculate_FW_checksum    0x800'e01b    0x1e  Code  Gb  uart_pc.o [1]
call_com_timeout_cnt     0x800'df1b     0x6  Code  Gb  timer.o [1]
camCfg                  0x2000'1b24     0xc  Data  Gb  eeprom_ctrl.o [1]
cam_led                 0x2000'15b4    0x58  Data  Gb  cam_led.o [1]
cam_led_handle           0x800'7b27     0x6  Code  Gb  cam_led.o [1]
cam_led_off              0x800'7ad9    0x4e  Code  Gb  cam_led.o [1]
cam_led_on               0x800'7a0f    0x6a  Code  Gb  cam_led.o [1]
cam_led_set              0x800'7a79    0x60  Code  Gb  cam_led.o [1]
cam_led_spi_init         0x800'79bd    0x4a  Code  Gb  cam_led.o [1]
cam_mem_init             0x800'7a07     0x8  Code  Gb  cam_led.o [1]
cam_param_read           0x800'f7ab    0x12  Code  Gb  eeprom_ctrl.o [1]
cam_param_write          0x800'f7bd    0x12  Code  Gb  eeprom_ctrl.o [1]
cam_pram                0x2000'1a90    0x10  Data  Gb  cam_led.o [1]
cam_strip_pcak_cnt      0x2000'1bbc     0x4  Data  Gb  cam_led.o [1]
cam_strip_pcak_gap      0x2000'1bc0     0x4  Data  Gb  cam_led.o [1]
cam_strip_wd            0x2000'1bc4     0x4  Data  Gb  cam_led.o [1]
channel                 0x2000'0dfc   0x258  Data  Gb  timer.o [1]
channels                 0x801'2342     0x1  Data  Lc  timer.o [1]
chatter_cycles          0x2000'1c6e     0x2  Data  Gb  key_polling.o [1]
cll_state               0x2000'1c9b     0x1  Data  Gb  cntrl.o [1]
clld_indx               0x2000'1c66     0x2  Data  Gb  hlld.o [1]
clld_speed_probz        0x2000'1bd8     0x4  Data  Gb  cntrl.o [1]
clld_vol                0x2000'1bcc     0x4  Data  Gb  cntrl.o [1]
com_time_out_set         0x800'def7    0x24  Code  Gb  timer.o [1]
com_timeout_cnt         0x2000'0531     0x1  Data  Gb  timer.o [1]
com_tm_out_enable       0x2000'1ce5     0x1  Data  Gb  timer.o [1]
dSPIN_Busy_HW            0x800'f101    0x18  Code  Gb  17HS3410_Dspin.o [1]
dSPIN_Delay              0x800'ef51    0x14  Code  Gb  17HS3410_Dspin.o [1]
dSPIN_Go_To              0x800'f0cf    0x28  Code  Gb  17HS3410_Dspin.o [1]
dSPIN_Hard_Stop          0x800'f0f7     0xa  Code  Gb  17HS3410_Dspin.o [1]
dSPIN_Registers_Set      0x800'ef89    0xc6  Code  Gb  17HS3410_Dspin.o [1]
dSPIN_RegsStruct        0x2000'19e4    0x30  Data  Gb  shake.o [1]
dSPIN_Reset_And_Standby
                         0x800'ef65    0x24  Code  Gb  17HS3410_Dspin.o [1]
dSPIN_Run                0x800'f0a1    0x2e  Code  Gb  17HS3410_Dspin.o [1]
dSPIN_Set_Param          0x800'f04f    0x52  Code  Gb  17HS3410_Dspin.o [1]
dSPIN_Write_Byte         0x800'f119    0x60  Code  Gb  17HS3410_Dspin.o [1]
dataLen                 0x2000'1c7e     0x2  Data  Gb  uart_pc.o [1]
dbg_serial               0x800'e1cf    0x26  Code  Gb  uart_pc.o [1]
dbg_serial_fw_date       0x800'e1f5    0x2e  Code  Gb  uart_pc.o [1]
dev_cfg_ctrl             0x800'e28d    0xb0  Code  Gb  uart_pc.o [1]
di_asp_onplus_flag      0x2000'1ca3     0x1  Data  Gb  cntrl.o [1]
diasp                   0x2000'0240    0x70  Data  Gb  sys_func.o [1]
diasp_cnt               0x2000'1c97     0x1  Data  Gb  cntrl.o [1]
diasp_cnt_even          0x2000'1ca8     0x1  Data  Gb  cntrl.o [1]
diasp_cnt_offset        0x2000'1ca4     0x1  Data  Gb  cntrl.o [1]
[...]
hadc3                   0x2000'1984    0x30  Data  Gb  adc.o [1]
hdma_usart1_tx          0x2000'1918    0x38  Data  Gb  stm32f1xx_hal_msp.o [1]
heat_pad_en             0x2000'1c83     0x1  Data  Gb  adc.o [1]
hex2ascii                0x800'addd    0x16  Code  Gb  hlld.o [1]
hi2c1                   0x2000'1864    0x3c  Data  Gb  hsAT24_EEPROM.o [1]
hlldCfg                 0x2000'1b18     0xc  Data  Gb  eeprom_ctrl.o [1]
hlld_mem_init            0x800'adb5    0x28  Code  Gb  hlld.o [1]
hlld_param_read          0x800'f787    0x12  Code  Gb  eeprom_ctrl.o [1]
hlld_param_write         0x800'f799    0x12  Code  Gb  eeprom_ctrl.o [1]
hlld_send_pack           0x800'adf3    0x20  Code  Gb  hlld.o [1]
home_flag               0x2000'1c9c     0x1  Data  Gb  cntrl.o [1]
hsAT24xx_Config          0x801'266d    0x14  Code  Gb  hsAT24_EEPROM.o [1]
hsAT24xx_Read            0x801'278d    0x5e  Code  Gb  hsAT24_EEPROM.o [1]
hsAT24xx_Write           0x801'2681   0x10c  Code  Gb  hsAT24_EEPROM.o [1]
hsCommunication_hLLD_Handle
                         0x800'ae13   0x24a  Code  Gb  hlld.o [1]
hsDevToPC_DataSendQueHandle
                         0x800'e3fb    0xfe  Code  Gb  uart_pc.o [1]
hsDevToPC_ErrHandle      0x800'e535    0x42  Code  Gb  uart_pc.o [1]
hsDevToPC_GetQue         0x800'e38f    0x28  Code  Gb  uart_pc.o [1]
hsDevToPC_NoConvertSendQueHandle
                         0x800'e4f9    0x36  Code  Gb  uart_pc.o [1]
hsDevToPC_PacketSendHandle
                         0x800'e577    0x42  Code  Gb  uart_pc.o [1]
hsDevToPC_PutQue         0x800'e36b    0x24  Code  Gb  uart_pc.o [1]
hsDevToPC_QueUseCheck    0x800'e3b7     0x8  Code  Gb  uart_pc.o [1]
hsErr_GetQue             0x800'7fe9    0x30  Code  Gb  error.o [1]
hsErr_PutQue             0x800'7fbd    0x2c  Code  Gb  error.o [1]
hsExec_hLLD_CTRL         0x800'b3b7   0x7dc  Code  Gb  hlld.o [1]
hsGet_hLLD_ReceivDataExec
                         0x800'b1bd   0x1de  Code  Gb  hlld.o [1]
hsGet_hLLD_ReceivPacketHandle
                         0x800'b05d   0x160  Code  Gb  hlld.o [1]
hsPC_ToDev_GetQue        0x800'e5eb    0x26  Code  Gb  uart_pc.o [1]
hsPC_ToDev_PutQue        0x800'e5c9    0x22  Code  Gb  uart_pc.o [1]
hsPC_ToDev_QueHaveDataSize
                         0x800'e611    0x2e  Code  Gb  uart_pc.o [1]
hsPC_To_DevRxPacket_Handle
                         0x800'e63f   0x11c  Code  Gb  uart_pc.o [1]
hsPump_COM_PacketGeneration
                         0x800'9b6d    0xac  Code  Gb  pump.o [1]
hsPump_COM_ReceivPacketHandle
                         0x800'9c19    0xe8  Code  Gb  pump.o [1]
hsPump_Communication_Handle
                         0x800'9a57   0x102  Code  Gb  pump.o [1]
hspi                    0x2000'1ba0     0x4  Data  Gb  17HS3410_Dspin.o [1]
hspi1                   0x2000'160c    0x58  Data  Gb  shake.o [1]
hspi_cam                0x2000'1bb8     0x4  Data  Gb  cam_led.o [1]
htim4                   0x2000'18a0    0x3c  Data  Gb  MG90_SERVOMOTOR.o [1]
huart1                  0x2000'17ac    0x40  Data  Gb  uart_pc.o [1]
huart2                  0x2000'172c    0x40  Data  Gb  SE655_Barcode.o [1]
huart3                  0x2000'16ac    0x40  Data  Gb  C3000_SYRINGE.o [1]
huart4                  0x2000'176c    0x40  Data  Gb  stepping.o [1]
huart5                  0x2000'16ec    0x40  Data  Gb  pump.o [1]
index                   0x2000'1cc4     0x1  Data  Gb  SE655_Barcode.o [1]
init_clld_vol           0x2000'1be0     0x4  Data  Gb  hlld.o [1]
init_event               0x800'7e49    0x18  Code  Gb  event.o [1]
init_index              0x2000'1cc3     0x1  Data  Gb  SE655_Barcode.o [1]
isAckReceiving          0x2000'1cbd     0x1  Data  Gb  pump.o [1]
isEchoEnabled           0x2000'1ceb     0x1  Data  Gb  uart_pc.o [1]
isalpha                  0x801'7495    0x14  Code  Gb  isalpha.o [2]
isspace                  0x801'744d    0x14  Code  Gb  isspace.o [2]
jude_cnt                0x2000'1ca0     0x1  Data  Gb  cntrl.o [1]
ldexp                    0x801'70d9          Code  Gb  ldexp.o [3]
ldexpl                   0x801'70d9          Code  Gb  ldexp.o [3]
led_write_Byte           0x800'7b2d    0x7c  Code  Gb  cam_led.o [1]
lld_com_timeout_cnt      0x800'df21     0x6  Code  Gb  timer.o [1]
lld_fc                  0x2000'1cb2     0x1  Data  Gb  hlld.o [1]
lld_repeat_en            0x800'df27     0xc  Code  Gb  timer.o [1]
lld_retry               0x2000'1ca2     0x1  Data  Gb  cntrl.o [1]
lld_timeout_cnt         0x2000'0532     0x1  Data  Gb  timer.o [1]
lld_tm_out_enable       0x2000'1ce6     0x1  Data  Gb  timer.o [1]
localeconv               0x801'6f4b     0x4  Code  Gb  xlocale_c.o [2]
main                     0x801'893f   0x24e  Code  Gb  main.o [1]
manual_check_state      0x2000'1ccb     0x1  Data  Gb  sq.o [1]
memchr                   0x801'6fb1          Code  Gb  memchr.o [4]
memset                   0x801'7b13    0x14  Code  Gb  memset.o [4]
merge_32bit              0x800'e33d    0x18  Code  Gb  uart_pc.o [1]
motor_cmd_send           0x800'7535   0x1b0  Code  Gb  stepping_edb_ctrl.o [1]
mt_chr                  0x2000'1cdb     0x1  Data  Gb  stepping.o [1]
mt_xstate               0x2000'0527     0x1  Data  Gb  stepping_edb_ctrl.o [1]
mt_ystate               0x2000'0528     0x1  Data  Gb  stepping_edb_ctrl.o [1]
mt_zstate               0x2000'0529     0x1  Data  Gb  stepping_edb_ctrl.o [1]
ndigs                    0x801'9038    0x28  Data  Lc  iar_Stoulx.o [2]
ndigs                    0x801'9088    0x28  Data  Lc  iar_Stoullx.o [2]
new_pump_go             0x2000'1a7c    0x14  Data  Gb  pump.o [1]
odd_flg                 0x2000'1cad     0x1  Data  Gb  cntrl.o [1]
only_washing_flg        0x2000'1ce0     0x1  Data  Gb  sys_func.o [1]
p_max                   0x2000'1c5e     0x2  Data  Gb  cntrl.o [1]
p_min                   0x2000'1c5c     0x2  Data  Gb  cntrl.o [1]
parse_version_string     0x800'e265    0x28  Code  Gb  uart_pc.o [1]
pause_eve               0x2000'1c78     0x2  Data  Gb  timer.o [1]
pause_time              0x2000'1c38     0x4  Data  Gb  timer.o [1]
pc_chr                  0x2000'1cea     0x1  Data  Gb  uart_pc.o [1]
pc_send_pack             0x800'e3d3    0x14  Code  Gb  uart_pc.o [1]
penel_sel               0x2000'1cca     0x1  Data  Gb  sq.o [1]
plld_index              0x2000'1c6a     0x2  Data  Gb  hlld.o [1]
plld_qc                 0x2000'1cb4     0x1  Data  Gb  hlld.o [1]
pm_pram                 0x2000'1468    0x78  Data  Gb  pump.o [1]
pm_state                0x2000'0524     0x1  Data  Gb  pump.o [1]
pnt                     0x2000'1c48     0x4  Data  Gb  uart_pc.o [1]
port                    0x2000'051a     0x2  Data  Gb  key_polling.o [1]
port_prev               0x2000'1c6c     0x2  Data  Gb  key_polling.o [1]
pows                     0x801'9140    0x48  Data  Lc  strto64.o [3]
pr_cnt                  0x2000'1ccf     0x1  Data  Gb  sq.o [1]
pr_incubation_time       0x800'd591    0x54  Code  Gb  sq.o [1]
pr_step_cnt             0x2000'1cd0     0x1  Data  Gb  sq.o [1]
pr_time_cal              0x800'd649   0x37e  Code  Gb  sq.o [1]
pr_time_min             0x2000'1c00     0x4  Data  Gb  sq.o [1]
pr_time_sec             0x2000'1c04     0x4  Data  Gb  sq.o [1]
press_sens_flg          0x2000'1caf     0x1  Data  Gb  cntrl.o [1]
prime                   0x2000'0178    0x5c  Data  Gb  sys_func.o [1]
prime_eve_cnt           0x2000'1c8d     0x1  Data  Gb  cntrl.o [1]
prob_disp_cnt           0x2000'1c8c     0x1  Data  Gb  cntrl.o [1]
probe_Hardware_protect   0x800'5a83    0x56  Code  Gb  stepping_edb_ctrl.o [1]
probe_disp              0x2000'0308    0x58  Data  Gb  sys_func.o [1]
probe_disp_enable       0x2000'1ce2     0x1  Data  Gb  sys_func.o [1]
probe_disp_eve_cnt      0x2000'1c90     0x1  Data  Gb  cntrl.o [1]
pumpCfg                 0x2000'1af4     0xc  Data  Gb  eeprom_ctrl.o [1]
pump_mem_init            0x800'916d     0x8  Code  Gb  pump.o [1]
pump_param_read          0x800'f71b    0x12  Code  Gb  eeprom_ctrl.o [1]
pump_param_write         0x800'f72d    0x12  Code  Gb  eeprom_ctrl.o [1]
pump_reset_flag         0x2000'1cbf     0x1  Data  Gb  pump.o [1]
qc_dry_time             0x2000'1c2c     0x4  Data  Gb  sys_func.o [1]
qc_etc_asp              0x2000'1bf0     0x4  Data  Gb  MG90_SERVOMOTOR.o [1]
ra                      0x2000'0523     0x1  Data  Gb  hlld.o [1]
ranmatch                 0x801'5fad    0x42  Code  Lc  xscanffull.o [2]
rb                      0x2000'0522     0x1  Data  Gb  hlld.o [1]
rbk_pump_num            0x2000'1c0c     0x4  Data  Gb  sq.o [1]
rbk_time                0x2000'1c10     0x4  Data  Gb  sq.o [1]
read_time               0x2000'0040     0x4  Data  Gb  SE655_Barcode.o [1]
rollback_flag           0x2000'0525     0x1  Data  Gb  sq.o [1]
run_time_cnt            0x2000'1bf8     0x4  Data  Gb  shake.o [1]
sConfig                 0x2000'1aa0     0xc  Data  Gb  adc.o [1]
sConfigOC               0x2000'1a34    0x1c  Data  Gb  MG90_SERVOMOTOR.o [1]
sakeCfg                 0x2000'1adc     0xc  Data  Gb  eeprom_ctrl.o [1]
scalbln                  0x801'70d9          Code  Gb  ldexp.o [3]
scalblnl                 0x801'70d9          Code  Gb  ldexp.o [3]
scalbn                   0x801'70d9          Code  Gb  ldexp.o [3]
scalbnl                  0x801'70d9          Code  Gb  ldexp.o [3]
scale                    0x801'52fd    0x46  Code  Lc  xprintffull.o [2]
se655_send_data          0x800'a5c1    0x52  Code  Gb  SE655_Barcode.o [1]
sec_hand                0x2000'1c54     0x4  Data  Lc  xfail_s.o [2]
send_ack_buf_as_message
                         0x800'e253    0x12  Code  Gb  uart_pc.o [1]
send_pw_message          0x800'e223    0x30  Code  Gb  uart_pc.o [1]
send_test                0x800'e3e7    0x14  Code  Gb  uart_pc.o [1]
servoCfg                0x2000'1ae8     0xc  Data  Gb  eeprom_ctrl.o [1]
servoCfg2               0x2000'1b3c     0xc  Data  Gb  eeprom_ctrl.o [1]
servo_mem_init           0x800'8a75    0x52  Code  Gb  MG90_SERVOMOTOR.o [1]
servo_move_flag         0x2000'1cb8     0x1  Data  Gb  MG90_SERVOMOTOR.o [1]
servo_mv                 0x800'8ac7    0x46  Code  Gb  MG90_SERVOMOTOR.o [1]
servo_param_read2        0x800'f7f3    0x12  Code  Gb  eeprom_ctrl.o [1]
servo_param_write2       0x800'f805    0x12  Code  Gb  eeprom_ctrl.o [1]
set_spi_handle           0x800'ef49     0x8  Code  Gb  17HS3410_Dspin.o [1]
set_timer_               0x800'dd9b    0x16  Code  Gb  timer.o [1]
set_timer_pause          0x800'ddb1    0x26  Code  Gb  timer.o [1]
shakCfg2                0x2000'1b60     0xc  Data  Gb  eeprom_ctrl.o [1]
shake_home               0x800'821d    0x38  Code  Gb  shake.o [1]
shake_mem_init           0x800'811b    0x66  Code  Gb  shake.o [1]
shake_run                0x800'8255    0x3e  Code  Gb  shake.o [1]
shake_speed_set          0x800'8181    0x9c  Code  Gb  shake.o [1]
shaker_Init              0x800'808f    0x8c  Code  Gb  shake.o [1]
shaker_spi_handle        0x800'8083     0xc  Code  Gb  shake.o [1]
shk_param_read           0x800'f6fb    0x10  Code  Gb  eeprom_ctrl.o [1]
shk_param_write          0x800'f70b    0x10  Code  Gb  eeprom_ctrl.o [1]
shk_pram                0x2000'0044    0x24  Data  Gb  shake.o [1]
shker_parm_temp         0x2000'1bfc     0x4  Data  Gb  shake.o [1]
sk_state                0x2000'1cc8     0x1  Data  Gb  shake.o [1]
slope_vol               0x2000'1c58     0x2  Data  Gb  cntrl.o [1]
smp_pram                0x2000'1a14    0x20  Data  Gb  hlld.o [1]
smp_prime_dw_check_cnt  0x2000'1cab     0x1  Data  Gb  cntrl.o [1]
smp_prime_dw_check_flg  0x2000'1caa     0x1  Data  Gb  cntrl.o [1]
smp_prime_eve_cnt       0x2000'1c8e     0x1  Data  Gb  cntrl.o [1]
smp_prime_oper_flg      0x2000'1cac     0x1  Data  Gb  cntrl.o [1]
smp_prime_pm_ch         0x2000'1c5a     0x2  Data  Gb  cntrl.o [1]
smp_prime_press_chek_flg
                        0x2000'1ca9     0x1  Data  Gb  cntrl.o [1]
smp_prime_pvol          0x2000'1bdc     0x4  Data  Gb  cntrl.o [1]
smp_retime_pr_cnt       0x2000'1cd5     0x1  Data  Gb  sq.o [1]
smp_reult_bit           0x2000'1b98     0x8  Data  Gb  sq.o [1]
smp_strip               0x2000'1324    0xc4  Data  Gb  sq.o [1]
smp_strp_mach_cnt       0x2000'1cd7     0x1  Data  Gb  sq.o [1]
smpl_pr                 0x2000'0360    0x60  Data  Gb  sys_func.o [1]
smpl_prime              0x2000'03c0    0x68  Data  Gb  sys_func.o [1]
smple_ev_cnt            0x2000'1c8a     0x1  Data  Gb  cntrl.o [1]
smple_rack_cnt          0x2000'1c8b     0x1  Data  Gb  cntrl.o [1]
snprintf                 0x801'17e1    0x44  Code  Gb  snprintf.o [2]
sort_8bit                0x800'e355    0x16  Code  Gb  uart_pc.o [1]
sprintf                  0x801'1769    0x40  Code  Gb  sprintf.o [2]
sq                      0x2000'0534   0x4bc  Data  Gb  sq.o [1]
sqCfg                   0x2000'1b30     0xc  Data  Gb  eeprom_ctrl.o [1]
sq_ctrl                  0x800'bc21  0x18e4  Code  Gb  sq.o [1]
sq_mem_init              0x800'bc19     0x8  Code  Gb  sq.o [1]
sq_read                  0x800'f7cf    0x12  Code  Gb  eeprom_ctrl.o [1]
sq_retry_count          0x2000'1c62     0x2  Data  Gb  cntrl.o [1]
sq_smp_strp_mach_cnt    0x2000'1cd8     0x1  Data  Gb  sq.o [1]
sq_start_dw_washing_flg
                        0x2000'1cda     0x1  Data  Gb  sq.o [1]
sq_strp_mach            0x2000'1cd9     0x1  Data  Gb  sq.o [1]
sq_write                 0x800'f7e1    0x12  Code  Gb  eeprom_ctrl.o [1]
sscanf                   0x801'19f5    0x28  Code  Gb  sscanf.o [2]
state                   0x2000'0520     0x1  Data  Gb  cntrl.o [1]
state_led_init           0x800'd9cd    0x42  Code  Gb  sq.o [1]
state_time_min          0x2000'0526     0x1  Data  Gb  sq.o [1]
step_cnt                0x2000'1cce     0x1  Data  Gb  sq.o [1]
step_time_cal            0x800'd5e9    0x4a  Code  Gb  sq.o [1]
stm_memory_init          0x800'5941   0x142  Code  Gb  stepping_edb_ctrl.o [1]
stm_reset                0x800'5ad9    0x96  Code  Gb  stepping_edb_ctrl.o [1]
stmt_abs_home_move       0x800'5d39    0x98  Code  Gb  stepping_edb_ctrl.o [1]
stmt_abs_move            0x800'5c35   0x104  Code  Gb  stepping_edb_ctrl.o [1]
stmt_speed_set           0x800'5be5    0x50  Code  Gb  stepping_edb_ctrl.o [1]
strchr                   0x801'6f59          Code  Gb  strchr.o [4]
strip_num_shake_time     0x800'd525    0x62  Code  Gb  sq.o [1]
strip_pcak_cnt          0x2000'1bd0     0x4  Data  Gb  cntrl.o [1]
strip_pcak_gap          0x2000'1bd4     0x4  Data  Gb  cntrl.o [1]
strlen                   0x801'17a9          Code  Gb  strlen.o [4]
strtoll                  0x801'7b05     0x2  Code  Gb  iar_Stollx.o [2]
strtoull                 0x801'7a5d     0x2  Code  Gb  iar_Stoullx.o [2]
sws_arry                0x2000'1b6c     0xc  Data  Gb  hlld.o [1]
sws_sum                 0x2000'1c68     0x2  Data  Gb  hlld.o [1]
sy_Check                0x2000'1bb4     0x4  Data  Gb  C3000_SYRINGE.o [1]
sy_com_timeout_cnt       0x800'df33     0x6  Code  Gb  timer.o [1]
sy_flag                 0x2000'1c84     0x1  Data  Gb  C3000_SYRINGE.o [1]
sy_repeat_en             0x800'df39     0xc  Code  Gb  timer.o [1]
sy_state                0x2000'1c85     0x1  Data  Gb  C3000_SYRINGE.o [1]
sy_timeout_cnt          0x2000'0533     0x1  Data  Gb  timer.o [1]
sy_tm_out_enable        0x2000'1ce7     0x1  Data  Gb  timer.o [1]
syg_add_sel             0x2000'1c9d     0x1  Data  Gb  cntrl.o [1]
syg_prime_oper_cnt      0x2000'1c9a     0x1  Data  Gb  cntrl.o [1]
sygeCfg                 0x2000'1b00     0xc  Data  Gb  eeprom_ctrl.o [1]
syge_init                0x800'9ead    0x2a  Code  Gb  C3000_SYRINGE.o [1]
syge_mem_init            0x800'9e7f    0x2e  Code  Gb  C3000_SYRINGE.o [1]
syge_param_read          0x800'f73f    0x12  Code  Gb  eeprom_ctrl.o [1]
syge_param_write         0x800'f751    0x12  Code  Gb  eeprom_ctrl.o [1]
syrg_pram               0x2000'1aac     0xc  Data  Gb  C3000_SYRINGE.o [1]
syringe_chr             0x2000'1c86     0x1  Data  Gb  C3000_SYRINGE.o [1]
syringe_escap           0x2000'1c87     0x1  Data  Gb  C3000_SYRINGE.o [1]
tempCfg                 0x2000'1b48     0xc  Data  Gb  eeprom_ctrl.o [1]
temper_volt             0x2000'0488     0x4  Data  Gb  sys_func.o [1]
thermistor1_adc_temp_num
                        0x2000'1c82     0x1  Data  Gb  adc.o [1]
thermistor1_temp_average
                        0x2000'1ba4     0x4  Data  Gb  adc.o [1]
thermistor1_temp_sum    0x2000'1ba8     0x4  Data  Gb  adc.o [1]
thermistor1_temp_vol    0x2000'1bac     0x4  Data  Gb  adc.o [1]
timer                   0x2000'0490     0x4  Data  Gb  timer.o [1]
timer1                  0x2000'0494     0x4  Data  Gb  timer.o [1]
timer_eve                0x800'dac1    0xa2  Code  Gb  timer.o [1]
timer_mk_int             0x800'da9d    0x24  Code  Gb  timer.o [1]
timer_ticks             0x2000'1c76     0x2  Data  Gb  timer.o [1]
tm_add                   0x800'dc0d    0x5e  Code  Gb  timer.o [1]
tm_execute               0x800'db63    0xaa  Code  Gb  timer.o [1]
tm_init                  0x800'dd85    0x16  Code  Gb  timer.o [1]
tolower                  0x801'8009    0x14  Code  Gb  tolower.o [2]
total_step              0x2000'1ccd     0x1  Data  Gb  sq.o [1]
uCRCErrorWorkaroundCheck
                        0x2000'1cdf     0x1  Data  Gb  stm32f1xx_hal_spi_ex.o [1]
uart5_chr               0x2000'1cb9     0x1  Data  Gb  pump.o [1]
usb_data_buf            0x2000'1c44     0x4  Data  Gb  uart_pc.o [1]
usb_send_pack            0x800'e3bf    0x14  Code  Gb  uart_pc.o [1]
uwTick                  0x2000'1c24     0x4  Data  Lc  stm32f1xx_hal.o [1]
ver_pnt                 0x2000'1c34     0x4  Data  Gb  sys_func.o [1]
water_level_sensor       0x801'18cd    0x7c  Code  Gb  key_polling.o [1]
wctob                    0x801'7461    0x34  Code  Gb  wctob.o [2]
x_closeloop_state       0x2000'052d     0x1  Data  Gb  stepping_edb_ctrl.o [1]
x_homeing                0x800'5b7d    0x24  Code  Gb  stepping_edb_ctrl.o [1]
x_homeing_success       0x2000'1cdc     0x1  Data  Gb  stepping_edb_ctrl.o [1]
x_pram_set               0x800'5dd1    0x52  Code  Gb  stepping_edb_ctrl.o [1]
x_reach_pos             0x2000'052a     0x1  Data  Gb  stepping_edb_ctrl.o [1]
xmtCfg                  0x2000'1ab8     0xc  Data  Gb  eeprom_ctrl.o [1]
xmt_ctrl                0x2000'0068    0x3c  Data  Gb  stepping_edb_ctrl.o [1]
xmt_param_read           0x800'f697    0x10  Code  Gb  eeprom_ctrl.o [1]
xmt_param_write          0x800'f6a7    0x10  Code  Gb  eeprom_ctrl.o [1]
y_closeloop_state       0x2000'052e     0x1  Data  Gb  stepping_edb_ctrl.o [1]
y_homeing                0x800'5ba1    0x24  Code  Gb  stepping_edb_ctrl.o [1]
y_homeing_success       0x2000'1cdd     0x1  Data  Gb  stepping_edb_ctrl.o [1]
y_pram_set               0x800'5e23    0x48  Code  Gb  stepping_edb_ctrl.o [1]
y_reach_pos             0x2000'052b     0x1  Data  Gb  stepping_edb_ctrl.o [1]
ymtCfg                  0x2000'1ac4     0xc  Data  Gb  eeprom_ctrl.o [1]
ymt_ctrl                0x2000'00a4    0x3c  Data  Gb  stepping_edb_ctrl.o [1]
ymt_param_read           0x800'f6b7    0x10  Code  Gb  eeprom_ctrl.o [1]
ymt_param_write          0x800'f6c7    0x10  Code  Gb  eeprom_ctrl.o [1]
z_closeloop_state       0x2000'052f     0x1  Data  Gb  stepping_edb_ctrl.o [1]
z_homeing                0x800'5bc5    0x20  Code  Gb  stepping_edb_ctrl.o [1]
z_homeing_success       0x2000'1cde     0x1  Data  Gb  stepping_edb_ctrl.o [1]
z_pram_set               0x800'5e6b    0x48  Code  Gb  stepping_edb_ctrl.o [1]
z_reach_pos             0x2000'052c     0x1  Data  Gb  stepping_edb_ctrl.o [1]
zmtCfg                  0x2000'1ad0     0xc  Data  Gb  eeprom_ctrl.o [1]
zmt_ctrl                0x2000'00e0    0x3c  Data  Gb  stepping_edb_ctrl.o [1]
zmt_param_read           0x800'f6d7    0x12  Code  Gb  eeprom_ctrl.o [1]
zmt_param_write          0x800'f6e9    0x12  Code  Gb  eeprom_ctrl.o [1]


[1] = D:\Github\sb3\S-Blot-3_Ereatec_queueEdit\EWARM\KBlot_supreme_I\Obj
[2] = dl7M_tlf.a
[3] = m7M_tl.a
[4] = rt7M_tl.a
[5] = shb_l.a

  94'600 bytes of readonly  code memory
   1'572 bytes of readonly  data memory
  11'503 bytes of readwrite data memory

Errors: none
Warnings: none
